go test -tags integration -v ./test/...
=== RUN   TestSuite
2022-06-06T15:16:43.391+0800	[34mINFO[0m	test/testcontainer_mysql.go:47	Setup MySQL Container
2022/06/06 15:16:43 Starting container id: 39e6b308ad95 image: testcontainers/ryuk:0.3.3
2022/06/06 15:16:43 Waiting for container id 39e6b308ad95 image: testcontainers/ryuk:0.3.3
2022/06/06 15:16:44 Container is ready id: 39e6b308ad95 image: testcontainers/ryuk:0.3.3
2022/06/06 15:16:44 Starting container id: e2f2d144f7d1 image: mysql:8.0
2022/06/06 15:16:44 Waiting for container id e2f2d144f7d1 image: mysql:8.0
2022/06/06 15:16:59 Container is ready id: e2f2d144f7d1 image: mysql:8.0
    suite.go:135: ====== mysql is listening on 127.0.0.1:49343 ======
    suite.go:136: ====== arana will listen on 127.0.0.1:13306 ======
    suite.go:202: ====== generate temp arana config: /tmp/arana.3814970157.yaml ======
[92m
   ___   ___  ___   _  _____ 
  / _ | / _ \/ _ | / |/ / _ |
 / __ |/ , _/ __ |/    / __ |
/_/ |_/_/|_/_/ |_/_/|_/_/ |_|
Arana, A High performance & Powerful DB Mesh sidecar.
_____________________________________________

[0m
2022-06-06T15:16:59.360+0800	[35mDEBUG[0m	file/file.go:99	[ConfigCenter][File] load config content : map[config.PathKey]string{"/arana-db/config/data/dataSourceClusters":"[{\"name\":\"employees\",\"type\":\"mysql\",\"sql_max_limit\":-1,\"tenant\":\"arana\",\"groups\":[{\"name\":\"employees_0000\",\"nodes\":[{\"name\":\"arana-node-1\",\"host\":\"127.0.0.1\",\"port\":49343,\"username\":\"root\",\"password\":\"123456\",\"database\":\"employees\",\"conn_props\":{\"capacity\":8,\"charset\":\"utf8mb4,utf8\",\"idle_timeout\":\"30m\",\"loc\":\"Local\",\"max_capacity\":64,\"parseTime\":true,\"readTimeout\":\"1s\",\"writeTimeout\":\"1s\"},\"weight\":\"r10w10\",\"labels\":{\"zone\":\"shanghai\"}}]}]}]", "/arana-db/config/data/filters":"", "/arana-db/config/data/listeners":"[{\"protocol_type\":\"mysql\",\"socket_address\":{\"address\":\"0.0.0.0\",\"port\":13792},\"server_version\":\"5.7.0\"}]", "/arana-db/config/data/shardingRule":"{\"tables\":[{\"name\":\"employees.student\",\"auto_increment\":{\"type\":\"snowflake\",\"option\":null},\"allow_full_scan\":true,\"db_rules\":null,\"tbl_rules\":[{\"column\":\"uid\",\"type\":\"scriptExpr\",\"expr\":\"$value % 32\"}],\"topology\":{\"db_pattern\":\"employees_0000\",\"tbl_pattern\":\"student_${0000...0031}\"},\"shadow_topology\":null,\"attributes\":{\"sqlMaxLimit\":\"-1\"}}]}", "/arana-db/config/data/tenants":"[{\"name\":\"arana\",\"users\":[{\"username\":\"arana\",\"password\":\"123456\"},{\"username\":\"dksl\",\"password\":\"123456\"}]}]", "/arana-db/config/metadata":"{\"name\":\"arana-config\"}"}
2022-06-06T15:16:59.360+0800	[35mDEBUG[0m	config/config.go:139	load configuration:
kind: ""
apiVersion: ""
metadata:
    name: arana-config
data:
    filters: []
    listeners:
        - protocol_type: mysql
          socket_address:
            address: 0.0.0.0
            port: 13792
          server_version: 5.7.0
    tenants:
        - name: arana
          users:
            - username: arana
              password: "123456"
            - username: dksl
              password: "123456"
    clusters:
        - name: employees
          type: mysql
          sql_max_limit: -1
          tenant: arana
          groups:
            - name: employees_0000
              nodes:
                - name: arana-node-1
                  host: 127.0.0.1
                  port: 49343
                  username: root
                  password: "123456"
                  database: employees
                  conn_props:
                    capacity: 8
                    charset: utf8mb4,utf8
                    idle_timeout: 30m
                    loc: Local
                    max_capacity: 64
                    parseTime: true
                    readTimeout: 1s
                    writeTimeout: 1s
                  weight: r10w10
                  labels:
                    zone: shanghai
    sharding_rule:
        tables:
            - name: employees.student
              auto_increment:
                type: snowflake
                option: {}
              allow_full_scan: true
              db_rules: []
              tbl_rules:
                - column: uid
                  type: scriptExpr
                  expr: $value % 32
              topology:
                db_pattern: employees_0000
                tbl_pattern: student_${0000...0031}
              shadow_topology: null
              attributes:
                sqlMaxLimit: "-1"

2022-06-06T15:16:59.367+0800	[34mINFO[0m	namespace/command.go:137	[employees] upsert db employees_0000.arana-node-1 successfully
2022-06-06T15:16:59.367+0800	[34mINFO[0m	boot/boot.go:65	register namespace employees successfully
2022-06-06T15:16:59.367+0800	[34mINFO[0m	mysql/server.go:134	start mysql Listener [::]:13792
=== RUN   TestSuite/TestAlterTable
    suite.go:102: ====== connecting arana:123456@tcp(127.0.0.1:13792)/employees?timeout=1s&readTimeout=1s&writeTimeout=1s&parseTime=true&loc=Local&charset=utf8mb4,utf8 ======
2022-06-06T15:17:09.366+0800	[35mDEBUG[0m	executor/redirect.go:146	ComQuery: SET NAMES utf8mb4
2022-06-06T15:17:09.366+0800	[35mDEBUG[0m	executor/redirect.go:146	ComQuery: alter table employees add dept_no char(4) not null default "" after emp_no
2022-06-06T15:17:09.366+0800	[35mDEBUG[0m	runtime/runtime.go:675	call upstream: db=employees_0000, sql="ALTER TABLE `employees` ADD COLUMN `dept_no` CHAR(4) NOT NULL DEFAULT '' AFTER `emp_no`", args=[]
=== RUN   TestSuite/TestBasicTx
2022-06-06T15:17:09.434+0800	[35mDEBUG[0m	executor/redirect.go:146	ComQuery: START TRANSACTION
2022-06-06T15:17:09.435+0800	[35mDEBUG[0m	runtime/runtime.go:568	begin transaction: tx-1533709563055718400
2022-06-06T15:17:09.436+0800	[35mDEBUG[0m	executor/redirect.go:312	ComStmtExecute: INSERT INTO sequence(name,value,modified_at) VALUES(?,?,NOW())
2022-06-06T15:17:09.436+0800	[35mDEBUG[0m	runtime/runtime.go:148	call upstream: db=employees_0000, sql="INSERT INTO `sequence`(`name`, `value`, `modified_at`) VALUES (?, ?, NOW())", args=[[102 97 107 101 95 110 97 109 101 95 49 54 53 52 52 57 57 56 50 57 52 51 53 49 50 49 54 51 52] 801]
2022-06-06T15:17:09.439+0800	[35mDEBUG[0m	executor/redirect.go:312	ComStmtExecute: SELECT COUNT(1) FROM sequence WHERE name=?
2022-06-06T15:17:09.439+0800	[35mDEBUG[0m	runtime/runtime.go:148	call upstream: db=employees_0000, sql="SELECT COUNT(1) FROM `sequence` WHERE `name` = ?", args=[[102 97 107 101 95 110 97 109 101 95 49 54 53 52 52 57 57 56 50 57 52 51 53 49 50 49 54 51 52]]
2022-06-06T15:17:09.440+0800	[35mDEBUG[0m	executor/redirect.go:146	ComQuery: ROLLBACK
2022-06-06T15:17:09.440+0800	[35mDEBUG[0m	runtime/runtime.go:293	rollback tx-1533709563055718400 success: total=1
2022-06-06T15:17:09.440+0800	[35mDEBUG[0m	executor/redirect.go:312	ComStmtExecute: SELECT COUNT(1) FROM sequence WHERE name=?
2022-06-06T15:17:09.440+0800	[35mDEBUG[0m	runtime/runtime.go:675	call upstream: db=employees_0000, sql="SELECT COUNT(1) FROM `sequence` WHERE `name` = ?", args=[[102 97 107 101 95 110 97 109 101 95 49 54 53 52 52 57 57 56 50 57 52 51 53 49 50 49 54 51 52]]
2022-06-06T15:17:09.441+0800	[35mDEBUG[0m	executor/redirect.go:146	ComQuery: START TRANSACTION
2022-06-06T15:17:09.441+0800	[35mDEBUG[0m	runtime/runtime.go:568	begin transaction: tx-1533709563080884224
2022-06-06T15:17:09.441+0800	[35mDEBUG[0m	executor/redirect.go:312	ComStmtExecute: INSERT INTO sequence(name,value,modified_at) VALUES(?,?,NOW())
2022-06-06T15:17:09.441+0800	[35mDEBUG[0m	runtime/runtime.go:148	call upstream: db=employees_0000, sql="INSERT INTO `sequence`(`name`, `value`, `modified_at`) VALUES (?, ?, NOW())", args=[[102 97 107 101 95 110 97 109 101 95 49 54 53 52 52 57 57 56 50 57 52 51 53 49 50 49 54 51 52] 801]
2022-06-06T15:17:09.442+0800	[35mDEBUG[0m	executor/redirect.go:146	ComQuery: COMMIT
2022-06-06T15:17:09.447+0800	[35mDEBUG[0m	runtime/runtime.go:261	commit tx-1533709563080884224 success: total=1
2022-06-06T15:17:09.447+0800	[35mDEBUG[0m	executor/redirect.go:312	ComStmtExecute: SELECT COUNT(1) FROM sequence WHERE name=?
2022-06-06T15:17:09.447+0800	[35mDEBUG[0m	runtime/runtime.go:675	call upstream: db=employees_0000, sql="SELECT COUNT(1) FROM `sequence` WHERE `name` = ?", args=[[102 97 107 101 95 110 97 109 101 95 49 54 53 52 52 57 57 56 50 57 52 51 53 49 50 49 54 51 52]]
2022-06-06T15:17:09.448+0800	[35mDEBUG[0m	executor/redirect.go:312	ComStmtExecute: delete from sequence where name = ?
2022-06-06T15:17:09.448+0800	[35mDEBUG[0m	runtime/runtime.go:675	call upstream: db=employees_0000, sql="DELETE FROM `sequence` WHERE `name` = ?", args=[[102 97 107 101 95 110 97 109 101 95 49 54 53 52 52 57 57 56 50 57 52 51 53 49 50 49 54 51 52]]
=== RUN   TestSuite/TestDelete
2022-06-06T15:17:09.454+0800	[35mDEBUG[0m	executor/redirect.go:312	ComStmtExecute: INSERT IGNORE INTO employees ( emp_no, birth_date, first_name, last_name, gender, hire_date )
		VALUES (?, ?, ?, ?, ?, ?)
2022-06-06T15:17:09.454+0800	[35mDEBUG[0m	runtime/runtime.go:675	call upstream: db=employees_0000, sql="INSERT IGNORE INTO `employees`(`emp_no`, `birth_date`, `first_name`, `last_name`, `gender`, `hire_date`) VALUES (?, ?, ?, ?, ?, ?)", args=[100001 [49 57 57 50 45 48 49 45 48 55] [115 99 111 116 116] [108 101 119 105 115] [77] [50 48 49 52 45 48 57 45 48 49]]
2022-06-06T15:17:09.460+0800	[35mDEBUG[0m	executor/redirect.go:312	ComStmtExecute: DELETE FROM employees WHERE emp_no = ?
2022-06-06T15:17:09.460+0800	[35mDEBUG[0m	runtime/runtime.go:675	call upstream: db=employees_0000, sql="DELETE FROM `employees` WHERE `emp_no` = ?", args=[100001]
=== RUN   TestSuite/TestDropTable
    integration_test.go:299: 
=== RUN   TestSuite/TestInsert
2022-06-06T15:17:09.467+0800	[35mDEBUG[0m	executor/redirect.go:312	ComStmtExecute: INSERT INTO employees ( emp_no, birth_date, first_name, last_name, gender, hire_date )
		VALUES (?, ?, ?, ?, ?, ?)
2022-06-06T15:17:09.467+0800	[35mDEBUG[0m	runtime/runtime.go:675	call upstream: db=employees_0000, sql="INSERT INTO `employees`(`emp_no`, `birth_date`, `first_name`, `last_name`, `gender`, `hire_date`) VALUES (?, ?, ?, ?, ?, ?)", args=[100001 [49 57 57 50 45 48 49 45 48 55] [115 99 111 116 116] [108 101 119 105 115] [77] [50 48 49 52 45 48 57 45 48 49]]
=== RUN   TestSuite/TestInsertAutoIncrement
2022-06-06T15:17:09.472+0800	[35mDEBUG[0m	executor/redirect.go:312	ComStmtExecute: INSERT INTO student(uid,score,name,nickname,gender,birth_year) values (?,?,?,?,?,?)
2022-06-06T15:17:09.472+0800	[35mDEBUG[0m	runtime/runtime.go:675	call upstream: db=employees_0000, sql="SELECT TABLE_NAME, COLUMN_NAME, DATA_TYPE, COLUMN_KEY, EXTRA, COLLATION_NAME, ORDINAL_POSITION FROM information_schema.columns WHERE TABLE_SCHEMA=database() AND TABLE_NAME IN ('student_0021') ORDER BY ORDINAL_POSITION", args=[]
2022-06-06T15:17:09.475+0800	[35mDEBUG[0m	runtime/runtime.go:675	call upstream: db=employees_0000, sql="SELECT TABLE_NAME, INDEX_NAME FROM information_schema.statistics WHERE TABLE_SCHEMA=database() AND TABLE_NAME IN ('student_0021')", args=[]
2022-06-06T15:17:09.477+0800	[33mWARN[0m	sequence/sequence.go:94	sequence not found{table 15 0 __arana_incr_student <nil>}
github.com/arana-db/arana/pkg/sequence.(*sequenceManager).GetSequence
	/root/Github/arana/pkg/sequence/sequence.go:94
github.com/arana-db/arana/pkg/runtime/optimize.optimizer.createSequenceIfAbsent
	/root/Github/arana/pkg/runtime/optimize/optimizer.go:785
github.com/arana-db/arana/pkg/runtime/optimize.optimizer.rewriteInsertStatement
	/root/Github/arana/pkg/runtime/optimize/optimizer.go:845
github.com/arana-db/arana/pkg/runtime/optimize.optimizer.optimizeInsert
	/root/Github/arana/pkg/runtime/optimize/optimizer.go:607
github.com/arana-db/arana/pkg/runtime/optimize.optimizer.doOptimize
	/root/Github/arana/pkg/runtime/optimize/optimizer.go:108
github.com/arana-db/arana/pkg/runtime/optimize.optimizer.Optimize
	/root/Github/arana/pkg/runtime/optimize/optimizer.go:98
github.com/arana-db/arana/pkg/runtime.(*defaultRuntime).Execute
	/root/Github/arana/pkg/runtime/runtime.go:619
github.com/arana-db/arana/pkg/executor.(*RedirectExecutor).ExecutorComStmtExecute
	/root/Github/arana/pkg/executor/redirect.go:315
github.com/arana-db/arana/pkg/mysql.(*Listener).handleStmtExecute
	/root/Github/arana/pkg/mysql/execute_handle.go:188
github.com/arana-db/arana/pkg/mysql.(*Listener).ExecuteCommand
	/root/Github/arana/pkg/mysql/server.go:568
github.com/arana-db/arana/pkg/mysql.(*Listener).handle
	/root/Github/arana/pkg/mysql/server.go:203
2022-06-06T15:17:09.478+0800	[35mDEBUG[0m	runtime/runtime.go:675	call upstream: db=employees_0000, sql="
	CREATE TABLE IF NOT EXISTS __arana_snowflake_sequence (
		work_id int AUTO_INCREMENT COMMENT '主键',
		node_id varchar(255) NOT NULL COMMENT '节点的唯一标识',
		table_name varchar(255) NOT NULL COMMENT 'arana中的逻辑表名称',
		PRIMARY KEY (work_id),
		UNIQUE KEY(node_id, table_name)
	) ENGINE = InnoDB;
	", args=[]
2022-06-06T15:17:09.478+0800	[35mDEBUG[0m	runtime/runtime.go:675	call upstream: db=employees_0000, sql="INSERT IGNORE INTO __arana_snowflake_sequence(node_id, table_name) VALUE (?, ?)", args=[9.135.224.139 __arana_incr_student]
2022-06-06T15:17:09.479+0800	[35mDEBUG[0m	runtime/runtime.go:675	call upstream: db=employees_0000, sql="INSERT INTO `student_0021`(`uid`, `score`, `name`, `nickname`, `gender`, `birth_year`) VALUES (?, ?, ?, ?, ?, ?)", args=[1654499829 100 [97 117 116 111 95 105 110 99 114 101 109 101 110 116] [97 117 116 111 95 105 110 99 114 101 109 101 110 116] 1 2022]
    integration_test.go:496: LastInsertId 1
2022-06-06T15:17:09.488+0800	[35mDEBUG[0m	executor/redirect.go:146	ComQuery: SELECT * FROM student
2022-06-06T15:17:09.488+0800	[35mDEBUG[0m	optimize/optimizer.go:279	compute shards: result=["*"], isFullScan=true
2022-06-06T15:17:09.488+0800	[35mDEBUG[0m	runtime/runtime.go:675	call upstream: db=employees_0000, sql="SELECT TABLE_NAME, COLUMN_NAME, DATA_TYPE, COLUMN_KEY, EXTRA, COLLATION_NAME, ORDINAL_POSITION FROM information_schema.columns WHERE TABLE_SCHEMA=database() AND TABLE_NAME IN ('student_0000') ORDER BY ORDINAL_POSITION", args=[]
2022-06-06T15:17:09.489+0800	[35mDEBUG[0m	runtime/runtime.go:675	call upstream: db=employees_0000, sql="SELECT TABLE_NAME, INDEX_NAME FROM information_schema.statistics WHERE TABLE_SCHEMA=database() AND TABLE_NAME IN ('student_0000')", args=[]
2022-06-06T15:17:09.490+0800	[35mDEBUG[0m	runtime/runtime.go:675	call upstream: db=employees_0000, sql="(SELECT `id`,`uid`,`name`,`score`,`nickname`,`gender`,`birth_year`,`created_at`,`modified_at` FROM `student_0000`) UNION ALL (SELECT `id`,`uid`,`name`,`score`,`nickname`,`gender`,`birth_year`,`created_at`,`modified_at` FROM `student_0001`) UNION ALL (SELECT `id`,`uid`,`name`,`score`,`nickname`,`gender`,`birth_year`,`created_at`,`modified_at` FROM `student_0002`) UNION ALL (SELECT `id`,`uid`,`name`,`score`,`nickname`,`gender`,`birth_year`,`created_at`,`modified_at` FROM `student_0003`) UNION ALL (SELECT `id`,`uid`,`name`,`score`,`nickname`,`gender`,`birth_year`,`created_at`,`modified_at` FROM `student_0004`) UNION ALL (SELECT `id`,`uid`,`name`,`score`,`nickname`,`gender`,`birth_year`,`created_at`,`modified_at` FROM `student_0005`) UNION ALL (SELECT `id`,`uid`,`name`,`score`,`nickname`,`gender`,`birth_year`,`created_at`,`modified_at` FROM `student_0006`) UNION ALL (SELECT `id`,`uid`,`name`,`score`,`nickname`,`gender`,`birth_year`,`created_at`,`modified_at` FROM `student_0007`) UNION ALL (SELECT `id`,`uid`,`name`,`score`,`nickname`,`gender`,`birth_year`,`created_at`,`modified_at` FROM `student_0008`) UNION ALL (SELECT `id`,`uid`,`name`,`score`,`nickname`,`gender`,`birth_year`,`created_at`,`modified_at` FROM `student_0009`) UNION ALL (SELECT `id`,`uid`,`name`,`score`,`nickname`,`gender`,`birth_year`,`created_at`,`modified_at` FROM `student_0010`) UNION ALL (SELECT `id`,`uid`,`name`,`score`,`nickname`,`gender`,`birth_year`,`created_at`,`modified_at` FROM `student_0011`) UNION ALL (SELECT `id`,`uid`,`name`,`score`,`nickname`,`gender`,`birth_year`,`created_at`,`modified_at` FROM `student_0012`) UNION ALL (SELECT `id`,`uid`,`name`,`score`,`nickname`,`gender`,`birth_year`,`created_at`,`modified_at` FROM `student_0013`) UNION ALL (SELECT `id`,`uid`,`name`,`score`,`nickname`,`gender`,`birth_year`,`created_at`,`modified_at` FROM `student_0014`) UNION ALL (SELECT `id`,`uid`,`name`,`score`,`nickname`,`gender`,`birth_year`,`created_at`,`modified_at` FROM `student_0015`) UNION ALL (SELECT `id`,`uid`,`name`,`score`,`nickname`,`gender`,`birth_year`,`created_at`,`modified_at` FROM `student_0016`) UNION ALL (SELECT `id`,`uid`,`name`,`score`,`nickname`,`gender`,`birth_year`,`created_at`,`modified_at` FROM `student_0017`) UNION ALL (SELECT `id`,`uid`,`name`,`score`,`nickname`,`gender`,`birth_year`,`created_at`,`modified_at` FROM `student_0018`) UNION ALL (SELECT `id`,`uid`,`name`,`score`,`nickname`,`gender`,`birth_year`,`created_at`,`modified_at` FROM `student_0019`) UNION ALL (SELECT `id`,`uid`,`name`,`score`,`nickname`,`gender`,`birth_year`,`created_at`,`modified_at` FROM `student_0020`) UNION ALL (SELECT `id`,`uid`,`name`,`score`,`nickname`,`gender`,`birth_year`,`created_at`,`modified_at` FROM `student_0021`) UNION ALL (SELECT `id`,`uid`,`name`,`score`,`nickname`,`gender`,`birth_year`,`created_at`,`modified_at` FROM `student_0022`) UNION ALL (SELECT `id`,`uid`,`name`,`score`,`nickname`,`gender`,`birth_year`,`created_at`,`modified_at` FROM `student_0023`) UNION ALL (SELECT `id`,`uid`,`name`,`score`,`nickname`,`gender`,`birth_year`,`created_at`,`modified_at` FROM `student_0024`) UNION ALL (SELECT `id`,`uid`,`name`,`score`,`nickname`,`gender`,`birth_year`,`created_at`,`modified_at` FROM `student_0025`) UNION ALL (SELECT `id`,`uid`,`name`,`score`,`nickname`,`gender`,`birth_year`,`created_at`,`modified_at` FROM `student_0026`) UNION ALL (SELECT `id`,`uid`,`name`,`score`,`nickname`,`gender`,`birth_year`,`created_at`,`modified_at` FROM `student_0027`) UNION ALL (SELECT `id`,`uid`,`name`,`score`,`nickname`,`gender`,`birth_year`,`created_at`,`modified_at` FROM `student_0028`) UNION ALL (SELECT `id`,`uid`,`name`,`score`,`nickname`,`gender`,`birth_year`,`created_at`,`modified_at` FROM `student_0029`) UNION ALL (SELECT `id`,`uid`,`name`,`score`,`nickname`,`gender`,`birth_year`,`created_at`,`modified_at` FROM `student_0030`) UNION ALL (SELECT `id`,`uid`,`name`,`score`,`nickname`,`gender`,`birth_year`,`created_at`,`modified_at` FROM `student_0031`)", args=[]
    integration_test.go:531: [{"birth_year":"MjAyMg==","created_at":"2022-06-06T07:17:09+08:00","gender":"MQ==","id":"MQ==","modified_at":"2022-06-06T07:17:09+08:00","name":"YXV0b19pbmNyZW1lbnQ=","nickname":"YXV0b19pbmNyZW1lbnQ=","score":"MTAwLjAw","uid":"MTY1NDQ5OTgyOQ=="},{"birth_year":"MjAyMg==","created_at":"2022-06-06T07:17:09+08:00","gender":"MQ==","id":"MQ==","modified_at":"2022-06-06T07:17:09+08:00","name":"YXV0b19pbmNyZW1lbnQ=","nickname":"YXV0b19pbmNyZW1lbnQ=","score":"MTAwLjAw","uid":"MTY1NDQ5OTgyOQ=="}]
2022-06-06T15:17:09.523+0800	[35mDEBUG[0m	executor/redirect.go:146	ComQuery: DELETE FROM student
2022-06-06T15:17:09.523+0800	[35mDEBUG[0m	optimize/optimizer.go:722	compute shards: result=["*"], isFullScan=true
2022-06-06T15:17:09.523+0800	[35mDEBUG[0m	runtime/runtime.go:675	call upstream: db=employees_0000, sql="DELETE FROM `student_0000`", args=[]
2022-06-06T15:17:09.523+0800	[35mDEBUG[0m	runtime/runtime.go:675	call upstream: db=employees_0000, sql="DELETE FROM `student_0001`", args=[]
2022-06-06T15:17:09.528+0800	[35mDEBUG[0m	runtime/runtime.go:675	call upstream: db=employees_0000, sql="DELETE FROM `student_0002`", args=[]
2022-06-06T15:17:09.529+0800	[35mDEBUG[0m	runtime/runtime.go:675	call upstream: db=employees_0000, sql="DELETE FROM `student_0003`", args=[]
2022-06-06T15:17:09.529+0800	[35mDEBUG[0m	runtime/runtime.go:675	call upstream: db=employees_0000, sql="DELETE FROM `student_0004`", args=[]
2022-06-06T15:17:09.529+0800	[35mDEBUG[0m	runtime/runtime.go:675	call upstream: db=employees_0000, sql="DELETE FROM `student_0005`", args=[]
2022-06-06T15:17:09.530+0800	[35mDEBUG[0m	runtime/runtime.go:675	call upstream: db=employees_0000, sql="DELETE FROM `student_0006`", args=[]
2022-06-06T15:17:09.530+0800	[35mDEBUG[0m	runtime/runtime.go:675	call upstream: db=employees_0000, sql="DELETE FROM `student_0007`", args=[]
2022-06-06T15:17:09.530+0800	[35mDEBUG[0m	runtime/runtime.go:675	call upstream: db=employees_0000, sql="DELETE FROM `student_0008`", args=[]
2022-06-06T15:17:09.530+0800	[35mDEBUG[0m	runtime/runtime.go:675	call upstream: db=employees_0000, sql="DELETE FROM `student_0009`", args=[]
2022-06-06T15:17:09.530+0800	[35mDEBUG[0m	runtime/runtime.go:675	call upstream: db=employees_0000, sql="DELETE FROM `student_0010`", args=[]
2022-06-06T15:17:09.531+0800	[35mDEBUG[0m	runtime/runtime.go:675	call upstream: db=employees_0000, sql="DELETE FROM `student_0011`", args=[]
2022-06-06T15:17:09.531+0800	[35mDEBUG[0m	runtime/runtime.go:675	call upstream: db=employees_0000, sql="DELETE FROM `student_0012`", args=[]
2022-06-06T15:17:09.531+0800	[35mDEBUG[0m	runtime/runtime.go:675	call upstream: db=employees_0000, sql="DELETE FROM `student_0013`", args=[]
2022-06-06T15:17:09.531+0800	[35mDEBUG[0m	runtime/runtime.go:675	call upstream: db=employees_0000, sql="DELETE FROM `student_0014`", args=[]
2022-06-06T15:17:09.531+0800	[35mDEBUG[0m	runtime/runtime.go:675	call upstream: db=employees_0000, sql="DELETE FROM `student_0015`", args=[]
2022-06-06T15:17:09.532+0800	[35mDEBUG[0m	runtime/runtime.go:675	call upstream: db=employees_0000, sql="DELETE FROM `student_0016`", args=[]
2022-06-06T15:17:09.532+0800	[35mDEBUG[0m	runtime/runtime.go:675	call upstream: db=employees_0000, sql="DELETE FROM `student_0017`", args=[]
2022-06-06T15:17:09.532+0800	[35mDEBUG[0m	runtime/runtime.go:675	call upstream: db=employees_0000, sql="DELETE FROM `student_0018`", args=[]
2022-06-06T15:17:09.532+0800	[35mDEBUG[0m	runtime/runtime.go:675	call upstream: db=employees_0000, sql="DELETE FROM `student_0019`", args=[]
2022-06-06T15:17:09.532+0800	[35mDEBUG[0m	runtime/runtime.go:675	call upstream: db=employees_0000, sql="DELETE FROM `student_0020`", args=[]
2022-06-06T15:17:09.533+0800	[35mDEBUG[0m	runtime/runtime.go:675	call upstream: db=employees_0000, sql="DELETE FROM `student_0021`", args=[]
2022-06-06T15:17:09.540+0800	[35mDEBUG[0m	runtime/runtime.go:675	call upstream: db=employees_0000, sql="DELETE FROM `student_0022`", args=[]
2022-06-06T15:17:09.540+0800	[35mDEBUG[0m	runtime/runtime.go:675	call upstream: db=employees_0000, sql="DELETE FROM `student_0023`", args=[]
2022-06-06T15:17:09.540+0800	[35mDEBUG[0m	runtime/runtime.go:675	call upstream: db=employees_0000, sql="DELETE FROM `student_0024`", args=[]
2022-06-06T15:17:09.540+0800	[35mDEBUG[0m	runtime/runtime.go:675	call upstream: db=employees_0000, sql="DELETE FROM `student_0025`", args=[]
2022-06-06T15:17:09.541+0800	[35mDEBUG[0m	runtime/runtime.go:675	call upstream: db=employees_0000, sql="DELETE FROM `student_0026`", args=[]
2022-06-06T15:17:09.541+0800	[35mDEBUG[0m	runtime/runtime.go:675	call upstream: db=employees_0000, sql="DELETE FROM `student_0027`", args=[]
2022-06-06T15:17:09.541+0800	[35mDEBUG[0m	runtime/runtime.go:675	call upstream: db=employees_0000, sql="DELETE FROM `student_0028`", args=[]
2022-06-06T15:17:09.541+0800	[35mDEBUG[0m	runtime/runtime.go:675	call upstream: db=employees_0000, sql="DELETE FROM `student_0029`", args=[]
2022-06-06T15:17:09.541+0800	[35mDEBUG[0m	runtime/runtime.go:675	call upstream: db=employees_0000, sql="DELETE FROM `student_0030`", args=[]
2022-06-06T15:17:09.542+0800	[35mDEBUG[0m	runtime/runtime.go:675	call upstream: db=employees_0000, sql="DELETE FROM `student_0031`", args=[]
=== RUN   TestSuite/TestJoinTable
2022-06-06T15:17:09.542+0800	[35mDEBUG[0m	executor/redirect.go:146	ComQuery: select * from student  join titles on student.id=titles.emp_no
2022-06-06T15:17:09.542+0800	[35mDEBUG[0m	optimize/optimizer.go:722	compute shards: result=["*"], isFullScan=true
2022-06-06T15:17:09.542+0800	[35mDEBUG[0m	runtime/runtime.go:675	call upstream: db=employees_0000, sql="SELECT * FROM ( select * from student_0000  UNION ALL select * from student_0001  UNION ALL select * from student_0002  UNION ALL select * from student_0003  UNION ALL select * from student_0004  UNION ALL select * from student_0005  UNION ALL select * from student_0006  UNION ALL select * from student_0007  UNION ALL select * from student_0008  UNION ALL select * from student_0009  UNION ALL select * from student_0010  UNION ALL select * from student_0011  UNION ALL select * from student_0012  UNION ALL select * from student_0013  UNION ALL select * from student_0014  UNION ALL select * from student_0015  UNION ALL select * from student_0016  UNION ALL select * from student_0017  UNION ALL select * from student_0018  UNION ALL select * from student_0019  UNION ALL select * from student_0020  UNION ALL select * from student_0021  UNION ALL select * from student_0022  UNION ALL select * from student_0023  UNION ALL select * from student_0024  UNION ALL select * from student_0025  UNION ALL select * from student_0026  UNION ALL select * from student_0027  UNION ALL select * from student_0028  UNION ALL select * from student_0029  UNION ALL select * from student_0030  UNION ALL select * from student_0031  ) AS student INNER JOIN titles  ON `student`.`id` = `titles`.`emp_no`", args=[]
2022-06-06T15:17:09.544+0800	[35mDEBUG[0m	executor/redirect.go:146	ComQuery: SET NAMES utf8mb4
2022-06-06T15:17:09.545+0800	[35mDEBUG[0m	executor/redirect.go:146	ComQuery: select * from student  join titles as b on student.id=b.emp_no
2022-06-06T15:17:09.545+0800	[35mDEBUG[0m	optimize/optimizer.go:722	compute shards: result=["*"], isFullScan=true
2022-06-06T15:17:09.545+0800	[35mDEBUG[0m	runtime/runtime.go:675	call upstream: db=employees_0000, sql="SELECT * FROM ( select * from student_0000  UNION ALL select * from student_0001  UNION ALL select * from student_0002  UNION ALL select * from student_0003  UNION ALL select * from student_0004  UNION ALL select * from student_0005  UNION ALL select * from student_0006  UNION ALL select * from student_0007  UNION ALL select * from student_0008  UNION ALL select * from student_0009  UNION ALL select * from student_0010  UNION ALL select * from student_0011  UNION ALL select * from student_0012  UNION ALL select * from student_0013  UNION ALL select * from student_0014  UNION ALL select * from student_0015  UNION ALL select * from student_0016  UNION ALL select * from student_0017  UNION ALL select * from student_0018  UNION ALL select * from student_0019  UNION ALL select * from student_0020  UNION ALL select * from student_0021  UNION ALL select * from student_0022  UNION ALL select * from student_0023  UNION ALL select * from student_0024  UNION ALL select * from student_0025  UNION ALL select * from student_0026  UNION ALL select * from student_0027  UNION ALL select * from student_0028  UNION ALL select * from student_0029  UNION ALL select * from student_0030  UNION ALL select * from student_0031  ) AS student INNER JOIN titles  AS b  ON `student`.`id` = `b`.`emp_no`", args=[]
2022-06-06T15:17:09.547+0800	[35mDEBUG[0m	executor/redirect.go:146	ComQuery: SET NAMES utf8mb4
2022-06-06T15:17:09.547+0800	[35mDEBUG[0m	executor/redirect.go:146	ComQuery: select * from student as a join titles as b on a.id=b.emp_no
2022-06-06T15:17:09.547+0800	[35mDEBUG[0m	optimize/optimizer.go:722	compute shards: result=["*"], isFullScan=true
2022-06-06T15:17:09.547+0800	[35mDEBUG[0m	runtime/runtime.go:675	call upstream: db=employees_0000, sql="SELECT * FROM ( select * from student_0000  UNION ALL select * from student_0001  UNION ALL select * from student_0002  UNION ALL select * from student_0003  UNION ALL select * from student_0004  UNION ALL select * from student_0005  UNION ALL select * from student_0006  UNION ALL select * from student_0007  UNION ALL select * from student_0008  UNION ALL select * from student_0009  UNION ALL select * from student_0010  UNION ALL select * from student_0011  UNION ALL select * from student_0012  UNION ALL select * from student_0013  UNION ALL select * from student_0014  UNION ALL select * from student_0015  UNION ALL select * from student_0016  UNION ALL select * from student_0017  UNION ALL select * from student_0018  UNION ALL select * from student_0019  UNION ALL select * from student_0020  UNION ALL select * from student_0021  UNION ALL select * from student_0022  UNION ALL select * from student_0023  UNION ALL select * from student_0024  UNION ALL select * from student_0025  UNION ALL select * from student_0026  UNION ALL select * from student_0027  UNION ALL select * from student_0028  UNION ALL select * from student_0029  UNION ALL select * from student_0030  UNION ALL select * from student_0031  ) AS a INNER JOIN titles  AS b  ON `a`.`id` = `b`.`emp_no`", args=[]
2022-06-06T15:17:09.549+0800	[35mDEBUG[0m	executor/redirect.go:146	ComQuery: SET NAMES utf8mb4
2022-06-06T15:17:09.549+0800	[35mDEBUG[0m	executor/redirect.go:146	ComQuery: select * from departments join dept_emp as de on departments.dept_no = de.dept_no
2022-06-06T15:17:09.549+0800	[35mDEBUG[0m	runtime/runtime.go:675	call upstream: db=employees_0000, sql="SELECT * FROM departments INNER JOIN dept_emp  AS de  ON `departments`.`dept_no` = `de`.`dept_no`", args=[]
2022-06-06T15:17:09.552+0800	[35mDEBUG[0m	executor/redirect.go:146	ComQuery: SET NAMES utf8mb4
2022-06-06T15:17:09.552+0800	[35mDEBUG[0m	executor/redirect.go:312	ComStmtExecute: select * from student  join titles on student.id=titles.emp_no where student.id=? and titles.emp_no=?
2022-06-06T15:17:09.552+0800	[35mDEBUG[0m	optimize/optimizer.go:722	compute shards: result=["*"], isFullScan=true
2022-06-06T15:17:09.552+0800	[35mDEBUG[0m	runtime/runtime.go:675	call upstream: db=employees_0000, sql="SELECT * FROM ( select * from student_0000  UNION ALL select * from student_0001  UNION ALL select * from student_0002  UNION ALL select * from student_0003  UNION ALL select * from student_0004  UNION ALL select * from student_0005  UNION ALL select * from student_0006  UNION ALL select * from student_0007  UNION ALL select * from student_0008  UNION ALL select * from student_0009  UNION ALL select * from student_0010  UNION ALL select * from student_0011  UNION ALL select * from student_0012  UNION ALL select * from student_0013  UNION ALL select * from student_0014  UNION ALL select * from student_0015  UNION ALL select * from student_0016  UNION ALL select * from student_0017  UNION ALL select * from student_0018  UNION ALL select * from student_0019  UNION ALL select * from student_0020  UNION ALL select * from student_0021  UNION ALL select * from student_0022  UNION ALL select * from student_0023  UNION ALL select * from student_0024  UNION ALL select * from student_0025  UNION ALL select * from student_0026  UNION ALL select * from student_0027  UNION ALL select * from student_0028  UNION ALL select * from student_0029  UNION ALL select * from student_0030  UNION ALL select * from student_0031  ) AS student INNER JOIN titles  ON `student`.`id` = `titles`.`emp_no` WHERE `student`.`id` = ? AND `titles`.`emp_no` = ?", args=[1 2]
=== RUN   TestSuite/TestSelect
2022-06-06T15:17:09.553+0800	[35mDEBUG[0m	executor/redirect.go:146	ComQuery: SET NAMES utf8mb4
2022-06-06T15:17:09.554+0800	[35mDEBUG[0m	executor/redirect.go:312	ComStmtExecute: SELECT emp_no, birth_date, first_name, last_name, gender, hire_date FROM employees 
		WHERE emp_no = ?
2022-06-06T15:17:09.554+0800	[35mDEBUG[0m	runtime/runtime.go:675	call upstream: db=employees_0000, sql="SELECT `emp_no`,`birth_date`,`first_name`,`last_name`,`gender`,`hire_date` FROM `employees` WHERE `emp_no` = ?", args=[100001]
=== RUN   TestSuite/TestSelectLimit1
2022-06-06T15:17:09.554+0800	[35mDEBUG[0m	executor/redirect.go:146	ComQuery: SELECT emp_no, birth_date, first_name, last_name, gender, hire_date FROM employees LIMIT 1
2022-06-06T15:17:09.554+0800	[35mDEBUG[0m	runtime/runtime.go:675	call upstream: db=employees_0000, sql="SELECT `emp_no`,`birth_date`,`first_name`,`last_name`,`gender`,`hire_date` FROM `employees` LIMIT 1", args=[]
=== RUN   TestSuite/TestShardingAgg
2022-06-06T15:17:09.555+0800	[35mDEBUG[0m	executor/redirect.go:312	ComStmtExecute: INSERT IGNORE INTO student(uid,score,name,nickname,gender,birth_year) values (?,?,?,?,?,?)
2022-06-06T15:17:09.555+0800	[35mDEBUG[0m	runtime/runtime.go:675	call upstream: db=employees_0000, sql="SELECT TABLE_NAME, COLUMN_NAME, DATA_TYPE, COLUMN_KEY, EXTRA, COLLATION_NAME, ORDINAL_POSITION FROM information_schema.columns WHERE TABLE_SCHEMA=database() AND TABLE_NAME IN ('student_0001') ORDER BY ORDINAL_POSITION", args=[]
2022-06-06T15:17:09.556+0800	[35mDEBUG[0m	runtime/runtime.go:675	call upstream: db=employees_0000, sql="SELECT TABLE_NAME, INDEX_NAME FROM information_schema.statistics WHERE TABLE_SCHEMA=database() AND TABLE_NAME IN ('student_0001')", args=[]
2022-06-06T15:17:09.556+0800	[33mWARN[0m	sequence/sequence.go:94	sequence not found{table 15 0 __arana_incr_student <nil>}
github.com/arana-db/arana/pkg/sequence.(*sequenceManager).GetSequence
	/root/Github/arana/pkg/sequence/sequence.go:94
github.com/arana-db/arana/pkg/runtime/optimize.optimizer.createSequenceIfAbsent
	/root/Github/arana/pkg/runtime/optimize/optimizer.go:785
github.com/arana-db/arana/pkg/runtime/optimize.optimizer.rewriteInsertStatement
	/root/Github/arana/pkg/runtime/optimize/optimizer.go:845
github.com/arana-db/arana/pkg/runtime/optimize.optimizer.optimizeInsert
	/root/Github/arana/pkg/runtime/optimize/optimizer.go:607
github.com/arana-db/arana/pkg/runtime/optimize.optimizer.doOptimize
	/root/Github/arana/pkg/runtime/optimize/optimizer.go:108
github.com/arana-db/arana/pkg/runtime/optimize.optimizer.Optimize
	/root/Github/arana/pkg/runtime/optimize/optimizer.go:98
github.com/arana-db/arana/pkg/runtime.(*defaultRuntime).Execute
	/root/Github/arana/pkg/runtime/runtime.go:619
github.com/arana-db/arana/pkg/executor.(*RedirectExecutor).ExecutorComStmtExecute
	/root/Github/arana/pkg/executor/redirect.go:315
github.com/arana-db/arana/pkg/mysql.(*Listener).handleStmtExecute
	/root/Github/arana/pkg/mysql/execute_handle.go:188
github.com/arana-db/arana/pkg/mysql.(*Listener).ExecuteCommand
	/root/Github/arana/pkg/mysql/server.go:568
github.com/arana-db/arana/pkg/mysql.(*Listener).handle
	/root/Github/arana/pkg/mysql/server.go:203
2022-06-06T15:17:09.557+0800	[35mDEBUG[0m	runtime/runtime.go:675	call upstream: db=employees_0000, sql="INSERT IGNORE INTO __arana_snowflake_sequence(node_id, table_name) VALUE (?, ?)", args=[9.135.224.139 __arana_incr_student]
2022-06-06T15:17:09.557+0800	[35mDEBUG[0m	runtime/runtime.go:675	call upstream: db=employees_0000, sql="INSERT IGNORE INTO `student_0001`(`uid`, `score`, `name`, `nickname`, `gender`, `birth_year`, `id`) VALUES (?, ?, ?, ?, ?, ?, 126951714515320832)", args=[1 3.14 [102 97 107 101 95 110 97 109 101 95 49] [102 97 107 101 95 110 105 99 107 110 97 109 101 95 49] 1 2022]
2022-06-06T15:17:09.574+0800	[35mDEBUG[0m	executor/redirect.go:312	ComStmtExecute: INSERT IGNORE INTO student(uid,score,name,nickname,gender,birth_year) values (?,?,?,?,?,?)
2022-06-06T15:17:09.575+0800	[35mDEBUG[0m	runtime/runtime.go:675	call upstream: db=employees_0000, sql="SELECT TABLE_NAME, COLUMN_NAME, DATA_TYPE, COLUMN_KEY, EXTRA, COLLATION_NAME, ORDINAL_POSITION FROM information_schema.columns WHERE TABLE_SCHEMA=database() AND TABLE_NAME IN ('student_0002') ORDER BY ORDINAL_POSITION", args=[]
2022-06-06T15:17:09.575+0800	[35mDEBUG[0m	runtime/runtime.go:675	call upstream: db=employees_0000, sql="SELECT TABLE_NAME, INDEX_NAME FROM information_schema.statistics WHERE TABLE_SCHEMA=database() AND TABLE_NAME IN ('student_0002')", args=[]
2022-06-06T15:17:09.576+0800	[35mDEBUG[0m	runtime/runtime.go:675	call upstream: db=employees_0000, sql="INSERT IGNORE INTO `student_0002`(`uid`, `score`, `name`, `nickname`, `gender`, `birth_year`, `id`) VALUES (?, ?, ?, ?, ?, ?, 126951714535243776)", args=[2 3.14 [102 97 107 101 95 110 97 109 101 95 50] [102 97 107 101 95 110 105 99 107 110 97 109 101 95 50] 1 2022]
2022-06-06T15:17:09.595+0800	[35mDEBUG[0m	executor/redirect.go:312	ComStmtExecute: INSERT IGNORE INTO student(uid,score,name,nickname,gender,birth_year) values (?,?,?,?,?,?)
2022-06-06T15:17:09.595+0800	[35mDEBUG[0m	runtime/runtime.go:675	call upstream: db=employees_0000, sql="SELECT TABLE_NAME, COLUMN_NAME, DATA_TYPE, COLUMN_KEY, EXTRA, COLLATION_NAME, ORDINAL_POSITION FROM information_schema.columns WHERE TABLE_SCHEMA=database() AND TABLE_NAME IN ('student_0003') ORDER BY ORDINAL_POSITION", args=[]
2022-06-06T15:17:09.597+0800	[35mDEBUG[0m	runtime/runtime.go:675	call upstream: db=employees_0000, sql="SELECT TABLE_NAME, INDEX_NAME FROM information_schema.statistics WHERE TABLE_SCHEMA=database() AND TABLE_NAME IN ('student_0003')", args=[]
2022-06-06T15:17:09.597+0800	[35mDEBUG[0m	runtime/runtime.go:675	call upstream: db=employees_0000, sql="INSERT IGNORE INTO `student_0003`(`uid`, `score`, `name`, `nickname`, `gender`, `birth_year`, `id`) VALUES (?, ?, ?, ?, ?, ?, 126951714557263872)", args=[3 3.14 [102 97 107 101 95 110 97 109 101 95 51] [102 97 107 101 95 110 105 99 107 110 97 109 101 95 51] 1 2022]
2022-06-06T15:17:09.602+0800	[35mDEBUG[0m	executor/redirect.go:312	ComStmtExecute: INSERT IGNORE INTO student(uid,score,name,nickname,gender,birth_year) values (?,?,?,?,?,?)
2022-06-06T15:17:09.603+0800	[35mDEBUG[0m	runtime/runtime.go:675	call upstream: db=employees_0000, sql="SELECT TABLE_NAME, COLUMN_NAME, DATA_TYPE, COLUMN_KEY, EXTRA, COLLATION_NAME, ORDINAL_POSITION FROM information_schema.columns WHERE TABLE_SCHEMA=database() AND TABLE_NAME IN ('student_0004') ORDER BY ORDINAL_POSITION", args=[]
2022-06-06T15:17:09.604+0800	[35mDEBUG[0m	runtime/runtime.go:675	call upstream: db=employees_0000, sql="SELECT TABLE_NAME, INDEX_NAME FROM information_schema.statistics WHERE TABLE_SCHEMA=database() AND TABLE_NAME IN ('student_0004')", args=[]
2022-06-06T15:17:09.605+0800	[35mDEBUG[0m	runtime/runtime.go:675	call upstream: db=employees_0000, sql="INSERT IGNORE INTO `student_0004`(`uid`, `score`, `name`, `nickname`, `gender`, `birth_year`, `id`) VALUES (?, ?, ?, ?, ?, ?, 126951714565652480)", args=[4 3.14 [102 97 107 101 95 110 97 109 101 95 52] [102 97 107 101 95 110 105 99 107 110 97 109 101 95 52] 1 2022]
2022-06-06T15:17:09.611+0800	[35mDEBUG[0m	executor/redirect.go:312	ComStmtExecute: INSERT IGNORE INTO student(uid,score,name,nickname,gender,birth_year) values (?,?,?,?,?,?)
2022-06-06T15:17:09.611+0800	[35mDEBUG[0m	runtime/runtime.go:675	call upstream: db=employees_0000, sql="SELECT TABLE_NAME, COLUMN_NAME, DATA_TYPE, COLUMN_KEY, EXTRA, COLLATION_NAME, ORDINAL_POSITION FROM information_schema.columns WHERE TABLE_SCHEMA=database() AND TABLE_NAME IN ('student_0005') ORDER BY ORDINAL_POSITION", args=[]
2022-06-06T15:17:09.612+0800	[35mDEBUG[0m	runtime/runtime.go:675	call upstream: db=employees_0000, sql="SELECT TABLE_NAME, INDEX_NAME FROM information_schema.statistics WHERE TABLE_SCHEMA=database() AND TABLE_NAME IN ('student_0005')", args=[]
2022-06-06T15:17:09.613+0800	[35mDEBUG[0m	runtime/runtime.go:675	call upstream: db=employees_0000, sql="INSERT IGNORE INTO `student_0005`(`uid`, `score`, `name`, `nickname`, `gender`, `birth_year`, `id`) VALUES (?, ?, ?, ?, ?, ?, 126951714574041088)", args=[5 3.14 [102 97 107 101 95 110 97 109 101 95 53] [102 97 107 101 95 110 105 99 107 110 97 109 101 95 53] 1 2022]
2022-06-06T15:17:09.620+0800	[35mDEBUG[0m	executor/redirect.go:312	ComStmtExecute: INSERT IGNORE INTO student(uid,score,name,nickname,gender,birth_year) values (?,?,?,?,?,?)
2022-06-06T15:17:09.620+0800	[35mDEBUG[0m	runtime/runtime.go:675	call upstream: db=employees_0000, sql="SELECT TABLE_NAME, COLUMN_NAME, DATA_TYPE, COLUMN_KEY, EXTRA, COLLATION_NAME, ORDINAL_POSITION FROM information_schema.columns WHERE TABLE_SCHEMA=database() AND TABLE_NAME IN ('student_0006') ORDER BY ORDINAL_POSITION", args=[]
2022-06-06T15:17:09.621+0800	[35mDEBUG[0m	runtime/runtime.go:675	call upstream: db=employees_0000, sql="SELECT TABLE_NAME, INDEX_NAME FROM information_schema.statistics WHERE TABLE_SCHEMA=database() AND TABLE_NAME IN ('student_0006')", args=[]
2022-06-06T15:17:09.622+0800	[35mDEBUG[0m	runtime/runtime.go:675	call upstream: db=employees_0000, sql="INSERT IGNORE INTO `student_0006`(`uid`, `score`, `name`, `nickname`, `gender`, `birth_year`, `id`) VALUES (?, ?, ?, ?, ?, ?, 126951714583478272)", args=[6 3.14 [102 97 107 101 95 110 97 109 101 95 54] [102 97 107 101 95 110 105 99 107 110 97 109 101 95 54] 1 2022]
2022-06-06T15:17:09.626+0800	[35mDEBUG[0m	executor/redirect.go:312	ComStmtExecute: INSERT IGNORE INTO student(uid,score,name,nickname,gender,birth_year) values (?,?,?,?,?,?)
2022-06-06T15:17:09.626+0800	[35mDEBUG[0m	runtime/runtime.go:675	call upstream: db=employees_0000, sql="SELECT TABLE_NAME, COLUMN_NAME, DATA_TYPE, COLUMN_KEY, EXTRA, COLLATION_NAME, ORDINAL_POSITION FROM information_schema.columns WHERE TABLE_SCHEMA=database() AND TABLE_NAME IN ('student_0007') ORDER BY ORDINAL_POSITION", args=[]
2022-06-06T15:17:09.627+0800	[35mDEBUG[0m	runtime/runtime.go:675	call upstream: db=employees_0000, sql="SELECT TABLE_NAME, INDEX_NAME FROM information_schema.statistics WHERE TABLE_SCHEMA=database() AND TABLE_NAME IN ('student_0007')", args=[]
2022-06-06T15:17:09.628+0800	[35mDEBUG[0m	runtime/runtime.go:675	call upstream: db=employees_0000, sql="INSERT IGNORE INTO `student_0007`(`uid`, `score`, `name`, `nickname`, `gender`, `birth_year`, `id`) VALUES (?, ?, ?, ?, ?, ?, 126951714589769728)", args=[7 3.14 [102 97 107 101 95 110 97 109 101 95 55] [102 97 107 101 95 110 105 99 107 110 97 109 101 95 55] 1 2022]
2022-06-06T15:17:09.633+0800	[35mDEBUG[0m	executor/redirect.go:312	ComStmtExecute: INSERT IGNORE INTO student(uid,score,name,nickname,gender,birth_year) values (?,?,?,?,?,?)
2022-06-06T15:17:09.633+0800	[35mDEBUG[0m	runtime/runtime.go:675	call upstream: db=employees_0000, sql="SELECT TABLE_NAME, COLUMN_NAME, DATA_TYPE, COLUMN_KEY, EXTRA, COLLATION_NAME, ORDINAL_POSITION FROM information_schema.columns WHERE TABLE_SCHEMA=database() AND TABLE_NAME IN ('student_0008') ORDER BY ORDINAL_POSITION", args=[]
2022-06-06T15:17:09.634+0800	[35mDEBUG[0m	runtime/runtime.go:675	call upstream: db=employees_0000, sql="SELECT TABLE_NAME, INDEX_NAME FROM information_schema.statistics WHERE TABLE_SCHEMA=database() AND TABLE_NAME IN ('student_0008')", args=[]
2022-06-06T15:17:09.634+0800	[35mDEBUG[0m	runtime/runtime.go:675	call upstream: db=employees_0000, sql="INSERT IGNORE INTO `student_0008`(`uid`, `score`, `name`, `nickname`, `gender`, `birth_year`, `id`) VALUES (?, ?, ?, ?, ?, ?, 126951714596061184)", args=[8 3.14 [102 97 107 101 95 110 97 109 101 95 56] [102 97 107 101 95 110 105 99 107 110 97 109 101 95 56] 1 2022]
2022-06-06T15:17:09.641+0800	[35mDEBUG[0m	executor/redirect.go:312	ComStmtExecute: INSERT IGNORE INTO student(uid,score,name,nickname,gender,birth_year) values (?,?,?,?,?,?)
2022-06-06T15:17:09.641+0800	[35mDEBUG[0m	runtime/runtime.go:675	call upstream: db=employees_0000, sql="SELECT TABLE_NAME, COLUMN_NAME, DATA_TYPE, COLUMN_KEY, EXTRA, COLLATION_NAME, ORDINAL_POSITION FROM information_schema.columns WHERE TABLE_SCHEMA=database() AND TABLE_NAME IN ('student_0009') ORDER BY ORDINAL_POSITION", args=[]
2022-06-06T15:17:09.641+0800	[35mDEBUG[0m	runtime/runtime.go:675	call upstream: db=employees_0000, sql="SELECT TABLE_NAME, INDEX_NAME FROM information_schema.statistics WHERE TABLE_SCHEMA=database() AND TABLE_NAME IN ('student_0009')", args=[]
2022-06-06T15:17:09.642+0800	[35mDEBUG[0m	runtime/runtime.go:675	call upstream: db=employees_0000, sql="INSERT IGNORE INTO `student_0009`(`uid`, `score`, `name`, `nickname`, `gender`, `birth_year`, `id`) VALUES (?, ?, ?, ?, ?, ?, 126951714604449792)", args=[9 3.14 [102 97 107 101 95 110 97 109 101 95 57] [102 97 107 101 95 110 105 99 107 110 97 109 101 95 57] 1 2022]
2022-06-06T15:17:09.649+0800	[35mDEBUG[0m	executor/redirect.go:312	ComStmtExecute: INSERT IGNORE INTO student(uid,score,name,nickname,gender,birth_year) values (?,?,?,?,?,?)
2022-06-06T15:17:09.649+0800	[35mDEBUG[0m	runtime/runtime.go:675	call upstream: db=employees_0000, sql="SELECT TABLE_NAME, COLUMN_NAME, DATA_TYPE, COLUMN_KEY, EXTRA, COLLATION_NAME, ORDINAL_POSITION FROM information_schema.columns WHERE TABLE_SCHEMA=database() AND TABLE_NAME IN ('student_0010') ORDER BY ORDINAL_POSITION", args=[]
2022-06-06T15:17:09.650+0800	[35mDEBUG[0m	runtime/runtime.go:675	call upstream: db=employees_0000, sql="SELECT TABLE_NAME, INDEX_NAME FROM information_schema.statistics WHERE TABLE_SCHEMA=database() AND TABLE_NAME IN ('student_0010')", args=[]
2022-06-06T15:17:09.650+0800	[35mDEBUG[0m	runtime/runtime.go:675	call upstream: db=employees_0000, sql="INSERT IGNORE INTO `student_0010`(`uid`, `score`, `name`, `nickname`, `gender`, `birth_year`, `id`) VALUES (?, ?, ?, ?, ?, ?, 126951714612838400)", args=[10 3.14 [102 97 107 101 95 110 97 109 101 95 49 48] [102 97 107 101 95 110 105 99 107 110 97 109 101 95 49 48] 1 2022]
2022-06-06T15:17:09.657+0800	[35mDEBUG[0m	executor/redirect.go:312	ComStmtExecute: INSERT IGNORE INTO student(uid,score,name,nickname,gender,birth_year) values (?,?,?,?,?,?)
2022-06-06T15:17:09.657+0800	[35mDEBUG[0m	runtime/runtime.go:675	call upstream: db=employees_0000, sql="SELECT TABLE_NAME, COLUMN_NAME, DATA_TYPE, COLUMN_KEY, EXTRA, COLLATION_NAME, ORDINAL_POSITION FROM information_schema.columns WHERE TABLE_SCHEMA=database() AND TABLE_NAME IN ('student_0011') ORDER BY ORDINAL_POSITION", args=[]
2022-06-06T15:17:09.658+0800	[35mDEBUG[0m	runtime/runtime.go:675	call upstream: db=employees_0000, sql="SELECT TABLE_NAME, INDEX_NAME FROM information_schema.statistics WHERE TABLE_SCHEMA=database() AND TABLE_NAME IN ('student_0011')", args=[]
2022-06-06T15:17:09.658+0800	[35mDEBUG[0m	runtime/runtime.go:675	call upstream: db=employees_0000, sql="INSERT IGNORE INTO `student_0011`(`uid`, `score`, `name`, `nickname`, `gender`, `birth_year`, `id`) VALUES (?, ?, ?, ?, ?, ?, 126951714621227008)", args=[11 3.14 [102 97 107 101 95 110 97 109 101 95 49 49] [102 97 107 101 95 110 105 99 107 110 97 109 101 95 49 49] 1 2022]
2022-06-06T15:17:09.665+0800	[35mDEBUG[0m	executor/redirect.go:312	ComStmtExecute: INSERT IGNORE INTO student(uid,score,name,nickname,gender,birth_year) values (?,?,?,?,?,?)
2022-06-06T15:17:09.665+0800	[35mDEBUG[0m	runtime/runtime.go:675	call upstream: db=employees_0000, sql="SELECT TABLE_NAME, COLUMN_NAME, DATA_TYPE, COLUMN_KEY, EXTRA, COLLATION_NAME, ORDINAL_POSITION FROM information_schema.columns WHERE TABLE_SCHEMA=database() AND TABLE_NAME IN ('student_0012') ORDER BY ORDINAL_POSITION", args=[]
2022-06-06T15:17:09.666+0800	[35mDEBUG[0m	runtime/runtime.go:675	call upstream: db=employees_0000, sql="SELECT TABLE_NAME, INDEX_NAME FROM information_schema.statistics WHERE TABLE_SCHEMA=database() AND TABLE_NAME IN ('student_0012')", args=[]
2022-06-06T15:17:09.666+0800	[35mDEBUG[0m	runtime/runtime.go:675	call upstream: db=employees_0000, sql="INSERT IGNORE INTO `student_0012`(`uid`, `score`, `name`, `nickname`, `gender`, `birth_year`, `id`) VALUES (?, ?, ?, ?, ?, ?, 126951714629615616)", args=[12 3.14 [102 97 107 101 95 110 97 109 101 95 49 50] [102 97 107 101 95 110 105 99 107 110 97 109 101 95 49 50] 1 2022]
2022-06-06T15:17:09.681+0800	[35mDEBUG[0m	executor/redirect.go:312	ComStmtExecute: INSERT IGNORE INTO student(uid,score,name,nickname,gender,birth_year) values (?,?,?,?,?,?)
2022-06-06T15:17:09.681+0800	[35mDEBUG[0m	runtime/runtime.go:675	call upstream: db=employees_0000, sql="SELECT TABLE_NAME, COLUMN_NAME, DATA_TYPE, COLUMN_KEY, EXTRA, COLLATION_NAME, ORDINAL_POSITION FROM information_schema.columns WHERE TABLE_SCHEMA=database() AND TABLE_NAME IN ('student_0013') ORDER BY ORDINAL_POSITION", args=[]
2022-06-06T15:17:09.681+0800	[35mDEBUG[0m	runtime/runtime.go:675	call upstream: db=employees_0000, sql="SELECT TABLE_NAME, INDEX_NAME FROM information_schema.statistics WHERE TABLE_SCHEMA=database() AND TABLE_NAME IN ('student_0013')", args=[]
2022-06-06T15:17:09.682+0800	[35mDEBUG[0m	runtime/runtime.go:675	call upstream: db=employees_0000, sql="INSERT IGNORE INTO `student_0013`(`uid`, `score`, `name`, `nickname`, `gender`, `birth_year`, `id`) VALUES (?, ?, ?, ?, ?, ?, 126951714646392832)", args=[13 3.14 [102 97 107 101 95 110 97 109 101 95 49 51] [102 97 107 101 95 110 105 99 107 110 97 109 101 95 49 51] 1 2022]
2022-06-06T15:17:09.687+0800	[35mDEBUG[0m	executor/redirect.go:312	ComStmtExecute: INSERT IGNORE INTO student(uid,score,name,nickname,gender,birth_year) values (?,?,?,?,?,?)
2022-06-06T15:17:09.687+0800	[35mDEBUG[0m	runtime/runtime.go:675	call upstream: db=employees_0000, sql="SELECT TABLE_NAME, COLUMN_NAME, DATA_TYPE, COLUMN_KEY, EXTRA, COLLATION_NAME, ORDINAL_POSITION FROM information_schema.columns WHERE TABLE_SCHEMA=database() AND TABLE_NAME IN ('student_0014') ORDER BY ORDINAL_POSITION", args=[]
2022-06-06T15:17:09.688+0800	[35mDEBUG[0m	runtime/runtime.go:675	call upstream: db=employees_0000, sql="SELECT TABLE_NAME, INDEX_NAME FROM information_schema.statistics WHERE TABLE_SCHEMA=database() AND TABLE_NAME IN ('student_0014')", args=[]
2022-06-06T15:17:09.688+0800	[35mDEBUG[0m	runtime/runtime.go:675	call upstream: db=employees_0000, sql="INSERT IGNORE INTO `student_0014`(`uid`, `score`, `name`, `nickname`, `gender`, `birth_year`, `id`) VALUES (?, ?, ?, ?, ?, ?, 126951714652684288)", args=[14 3.14 [102 97 107 101 95 110 97 109 101 95 49 52] [102 97 107 101 95 110 105 99 107 110 97 109 101 95 49 52] 1 2022]
2022-06-06T15:17:09.695+0800	[35mDEBUG[0m	executor/redirect.go:312	ComStmtExecute: INSERT IGNORE INTO student(uid,score,name,nickname,gender,birth_year) values (?,?,?,?,?,?)
2022-06-06T15:17:09.695+0800	[35mDEBUG[0m	runtime/runtime.go:675	call upstream: db=employees_0000, sql="SELECT TABLE_NAME, COLUMN_NAME, DATA_TYPE, COLUMN_KEY, EXTRA, COLLATION_NAME, ORDINAL_POSITION FROM information_schema.columns WHERE TABLE_SCHEMA=database() AND TABLE_NAME IN ('student_0015') ORDER BY ORDINAL_POSITION", args=[]
2022-06-06T15:17:09.696+0800	[35mDEBUG[0m	runtime/runtime.go:675	call upstream: db=employees_0000, sql="SELECT TABLE_NAME, INDEX_NAME FROM information_schema.statistics WHERE TABLE_SCHEMA=database() AND TABLE_NAME IN ('student_0015')", args=[]
2022-06-06T15:17:09.696+0800	[35mDEBUG[0m	runtime/runtime.go:675	call upstream: db=employees_0000, sql="INSERT IGNORE INTO `student_0015`(`uid`, `score`, `name`, `nickname`, `gender`, `birth_year`, `id`) VALUES (?, ?, ?, ?, ?, ?, 126951714661072896)", args=[15 3.14 [102 97 107 101 95 110 97 109 101 95 49 53] [102 97 107 101 95 110 105 99 107 110 97 109 101 95 49 53] 1 2022]
2022-06-06T15:17:09.703+0800	[35mDEBUG[0m	executor/redirect.go:312	ComStmtExecute: INSERT IGNORE INTO student(uid,score,name,nickname,gender,birth_year) values (?,?,?,?,?,?)
2022-06-06T15:17:09.703+0800	[35mDEBUG[0m	runtime/runtime.go:675	call upstream: db=employees_0000, sql="SELECT TABLE_NAME, COLUMN_NAME, DATA_TYPE, COLUMN_KEY, EXTRA, COLLATION_NAME, ORDINAL_POSITION FROM information_schema.columns WHERE TABLE_SCHEMA=database() AND TABLE_NAME IN ('student_0016') ORDER BY ORDINAL_POSITION", args=[]
2022-06-06T15:17:09.704+0800	[35mDEBUG[0m	runtime/runtime.go:675	call upstream: db=employees_0000, sql="SELECT TABLE_NAME, INDEX_NAME FROM information_schema.statistics WHERE TABLE_SCHEMA=database() AND TABLE_NAME IN ('student_0016')", args=[]
2022-06-06T15:17:09.705+0800	[35mDEBUG[0m	runtime/runtime.go:675	call upstream: db=employees_0000, sql="INSERT IGNORE INTO `student_0016`(`uid`, `score`, `name`, `nickname`, `gender`, `birth_year`, `id`) VALUES (?, ?, ?, ?, ?, ?, 126951714670510080)", args=[16 3.14 [102 97 107 101 95 110 97 109 101 95 49 54] [102 97 107 101 95 110 105 99 107 110 97 109 101 95 49 54] 1 2022]
2022-06-06T15:17:09.711+0800	[35mDEBUG[0m	executor/redirect.go:312	ComStmtExecute: INSERT IGNORE INTO student(uid,score,name,nickname,gender,birth_year) values (?,?,?,?,?,?)
2022-06-06T15:17:09.711+0800	[35mDEBUG[0m	runtime/runtime.go:675	call upstream: db=employees_0000, sql="SELECT TABLE_NAME, COLUMN_NAME, DATA_TYPE, COLUMN_KEY, EXTRA, COLLATION_NAME, ORDINAL_POSITION FROM information_schema.columns WHERE TABLE_SCHEMA=database() AND TABLE_NAME IN ('student_0017') ORDER BY ORDINAL_POSITION", args=[]
2022-06-06T15:17:09.712+0800	[35mDEBUG[0m	runtime/runtime.go:675	call upstream: db=employees_0000, sql="SELECT TABLE_NAME, INDEX_NAME FROM information_schema.statistics WHERE TABLE_SCHEMA=database() AND TABLE_NAME IN ('student_0017')", args=[]
2022-06-06T15:17:09.712+0800	[35mDEBUG[0m	runtime/runtime.go:675	call upstream: db=employees_0000, sql="INSERT IGNORE INTO `student_0017`(`uid`, `score`, `name`, `nickname`, `gender`, `birth_year`, `id`) VALUES (?, ?, ?, ?, ?, ?, 126951714677850112)", args=[17 3.14 [102 97 107 101 95 110 97 109 101 95 49 55] [102 97 107 101 95 110 105 99 107 110 97 109 101 95 49 55] 1 2022]
2022-06-06T15:17:09.718+0800	[35mDEBUG[0m	executor/redirect.go:312	ComStmtExecute: INSERT IGNORE INTO student(uid,score,name,nickname,gender,birth_year) values (?,?,?,?,?,?)
2022-06-06T15:17:09.718+0800	[35mDEBUG[0m	runtime/runtime.go:675	call upstream: db=employees_0000, sql="SELECT TABLE_NAME, COLUMN_NAME, DATA_TYPE, COLUMN_KEY, EXTRA, COLLATION_NAME, ORDINAL_POSITION FROM information_schema.columns WHERE TABLE_SCHEMA=database() AND TABLE_NAME IN ('student_0018') ORDER BY ORDINAL_POSITION", args=[]
2022-06-06T15:17:09.718+0800	[35mDEBUG[0m	runtime/runtime.go:675	call upstream: db=employees_0000, sql="SELECT TABLE_NAME, INDEX_NAME FROM information_schema.statistics WHERE TABLE_SCHEMA=database() AND TABLE_NAME IN ('student_0018')", args=[]
2022-06-06T15:17:09.719+0800	[35mDEBUG[0m	runtime/runtime.go:675	call upstream: db=employees_0000, sql="INSERT IGNORE INTO `student_0018`(`uid`, `score`, `name`, `nickname`, `gender`, `birth_year`, `id`) VALUES (?, ?, ?, ?, ?, ?, 126951714685190144)", args=[18 3.14 [102 97 107 101 95 110 97 109 101 95 49 56] [102 97 107 101 95 110 105 99 107 110 97 109 101 95 49 56] 1 2022]
2022-06-06T15:17:09.723+0800	[35mDEBUG[0m	executor/redirect.go:312	ComStmtExecute: INSERT IGNORE INTO student(uid,score,name,nickname,gender,birth_year) values (?,?,?,?,?,?)
2022-06-06T15:17:09.723+0800	[35mDEBUG[0m	runtime/runtime.go:675	call upstream: db=employees_0000, sql="SELECT TABLE_NAME, COLUMN_NAME, DATA_TYPE, COLUMN_KEY, EXTRA, COLLATION_NAME, ORDINAL_POSITION FROM information_schema.columns WHERE TABLE_SCHEMA=database() AND TABLE_NAME IN ('student_0019') ORDER BY ORDINAL_POSITION", args=[]
2022-06-06T15:17:09.724+0800	[35mDEBUG[0m	runtime/runtime.go:675	call upstream: db=employees_0000, sql="SELECT TABLE_NAME, INDEX_NAME FROM information_schema.statistics WHERE TABLE_SCHEMA=database() AND TABLE_NAME IN ('student_0019')", args=[]
2022-06-06T15:17:09.725+0800	[35mDEBUG[0m	runtime/runtime.go:675	call upstream: db=employees_0000, sql="INSERT IGNORE INTO `student_0019`(`uid`, `score`, `name`, `nickname`, `gender`, `birth_year`, `id`) VALUES (?, ?, ?, ?, ?, ?, 126951714691481600)", args=[19 3.14 [102 97 107 101 95 110 97 109 101 95 49 57] [102 97 107 101 95 110 105 99 107 110 97 109 101 95 49 57] 1 2022]
2022-06-06T15:17:09.740+0800	[35mDEBUG[0m	executor/redirect.go:312	ComStmtExecute: INSERT IGNORE INTO student(uid,score,name,nickname,gender,birth_year) values (?,?,?,?,?,?)
2022-06-06T15:17:09.740+0800	[35mDEBUG[0m	runtime/runtime.go:675	call upstream: db=employees_0000, sql="SELECT TABLE_NAME, COLUMN_NAME, DATA_TYPE, COLUMN_KEY, EXTRA, COLLATION_NAME, ORDINAL_POSITION FROM information_schema.columns WHERE TABLE_SCHEMA=database() AND TABLE_NAME IN ('student_0020') ORDER BY ORDINAL_POSITION", args=[]
2022-06-06T15:17:09.741+0800	[35mDEBUG[0m	runtime/runtime.go:675	call upstream: db=employees_0000, sql="SELECT TABLE_NAME, INDEX_NAME FROM information_schema.statistics WHERE TABLE_SCHEMA=database() AND TABLE_NAME IN ('student_0020')", args=[]
2022-06-06T15:17:09.741+0800	[35mDEBUG[0m	runtime/runtime.go:675	call upstream: db=employees_0000, sql="INSERT IGNORE INTO `student_0020`(`uid`, `score`, `name`, `nickname`, `gender`, `birth_year`, `id`) VALUES (?, ?, ?, ?, ?, ?, 126951714708258816)", args=[20 3.14 [102 97 107 101 95 110 97 109 101 95 50 48] [102 97 107 101 95 110 105 99 107 110 97 109 101 95 50 48] 1 2022]
2022-06-06T15:17:09.747+0800	[35mDEBUG[0m	executor/redirect.go:312	ComStmtExecute: INSERT IGNORE INTO student(uid,score,name,nickname,gender,birth_year) values (?,?,?,?,?,?)
2022-06-06T15:17:09.747+0800	[35mDEBUG[0m	runtime/runtime.go:675	call upstream: db=employees_0000, sql="SELECT TABLE_NAME, COLUMN_NAME, DATA_TYPE, COLUMN_KEY, EXTRA, COLLATION_NAME, ORDINAL_POSITION FROM information_schema.columns WHERE TABLE_SCHEMA=database() AND TABLE_NAME IN ('student_0021') ORDER BY ORDINAL_POSITION", args=[]
2022-06-06T15:17:09.748+0800	[35mDEBUG[0m	runtime/runtime.go:675	call upstream: db=employees_0000, sql="SELECT TABLE_NAME, INDEX_NAME FROM information_schema.statistics WHERE TABLE_SCHEMA=database() AND TABLE_NAME IN ('student_0021')", args=[]
2022-06-06T15:17:09.748+0800	[35mDEBUG[0m	runtime/runtime.go:675	call upstream: db=employees_0000, sql="INSERT IGNORE INTO `student_0021`(`uid`, `score`, `name`, `nickname`, `gender`, `birth_year`, `id`) VALUES (?, ?, ?, ?, ?, ?, 126951714715598848)", args=[21 3.14 [102 97 107 101 95 110 97 109 101 95 50 49] [102 97 107 101 95 110 105 99 107 110 97 109 101 95 50 49] 1 2022]
2022-06-06T15:17:09.757+0800	[35mDEBUG[0m	executor/redirect.go:312	ComStmtExecute: INSERT IGNORE INTO student(uid,score,name,nickname,gender,birth_year) values (?,?,?,?,?,?)
2022-06-06T15:17:09.757+0800	[35mDEBUG[0m	runtime/runtime.go:675	call upstream: db=employees_0000, sql="SELECT TABLE_NAME, COLUMN_NAME, DATA_TYPE, COLUMN_KEY, EXTRA, COLLATION_NAME, ORDINAL_POSITION FROM information_schema.columns WHERE TABLE_SCHEMA=database() AND TABLE_NAME IN ('student_0022') ORDER BY ORDINAL_POSITION", args=[]
2022-06-06T15:17:09.758+0800	[35mDEBUG[0m	runtime/runtime.go:675	call upstream: db=employees_0000, sql="SELECT TABLE_NAME, INDEX_NAME FROM information_schema.statistics WHERE TABLE_SCHEMA=database() AND TABLE_NAME IN ('student_0022')", args=[]
2022-06-06T15:17:09.758+0800	[35mDEBUG[0m	runtime/runtime.go:675	call upstream: db=employees_0000, sql="INSERT IGNORE INTO `student_0022`(`uid`, `score`, `name`, `nickname`, `gender`, `birth_year`, `id`) VALUES (?, ?, ?, ?, ?, ?, 126951714726084608)", args=[22 3.14 [102 97 107 101 95 110 97 109 101 95 50 50] [102 97 107 101 95 110 105 99 107 110 97 109 101 95 50 50] 1 2022]
2022-06-06T15:17:09.767+0800	[35mDEBUG[0m	executor/redirect.go:312	ComStmtExecute: INSERT IGNORE INTO student(uid,score,name,nickname,gender,birth_year) values (?,?,?,?,?,?)
2022-06-06T15:17:09.767+0800	[35mDEBUG[0m	runtime/runtime.go:675	call upstream: db=employees_0000, sql="SELECT TABLE_NAME, COLUMN_NAME, DATA_TYPE, COLUMN_KEY, EXTRA, COLLATION_NAME, ORDINAL_POSITION FROM information_schema.columns WHERE TABLE_SCHEMA=database() AND TABLE_NAME IN ('student_0023') ORDER BY ORDINAL_POSITION", args=[]
2022-06-06T15:17:09.768+0800	[35mDEBUG[0m	runtime/runtime.go:675	call upstream: db=employees_0000, sql="SELECT TABLE_NAME, INDEX_NAME FROM information_schema.statistics WHERE TABLE_SCHEMA=database() AND TABLE_NAME IN ('student_0023')", args=[]
2022-06-06T15:17:09.768+0800	[35mDEBUG[0m	runtime/runtime.go:675	call upstream: db=employees_0000, sql="INSERT IGNORE INTO `student_0023`(`uid`, `score`, `name`, `nickname`, `gender`, `birth_year`, `id`) VALUES (?, ?, ?, ?, ?, ?, 126951714736570368)", args=[23 3.14 [102 97 107 101 95 110 97 109 101 95 50 51] [102 97 107 101 95 110 105 99 107 110 97 109 101 95 50 51] 1 2022]
2022-06-06T15:17:09.775+0800	[35mDEBUG[0m	executor/redirect.go:312	ComStmtExecute: INSERT IGNORE INTO student(uid,score,name,nickname,gender,birth_year) values (?,?,?,?,?,?)
2022-06-06T15:17:09.775+0800	[35mDEBUG[0m	runtime/runtime.go:675	call upstream: db=employees_0000, sql="SELECT TABLE_NAME, COLUMN_NAME, DATA_TYPE, COLUMN_KEY, EXTRA, COLLATION_NAME, ORDINAL_POSITION FROM information_schema.columns WHERE TABLE_SCHEMA=database() AND TABLE_NAME IN ('student_0024') ORDER BY ORDINAL_POSITION", args=[]
2022-06-06T15:17:09.776+0800	[35mDEBUG[0m	runtime/runtime.go:675	call upstream: db=employees_0000, sql="SELECT TABLE_NAME, INDEX_NAME FROM information_schema.statistics WHERE TABLE_SCHEMA=database() AND TABLE_NAME IN ('student_0024')", args=[]
2022-06-06T15:17:09.776+0800	[35mDEBUG[0m	runtime/runtime.go:675	call upstream: db=employees_0000, sql="INSERT IGNORE INTO `student_0024`(`uid`, `score`, `name`, `nickname`, `gender`, `birth_year`, `id`) VALUES (?, ?, ?, ?, ?, ?, 126951714744958976)", args=[24 3.14 [102 97 107 101 95 110 97 109 101 95 50 52] [102 97 107 101 95 110 105 99 107 110 97 109 101 95 50 52] 1 2022]
2022-06-06T15:17:09.783+0800	[35mDEBUG[0m	executor/redirect.go:312	ComStmtExecute: INSERT IGNORE INTO student(uid,score,name,nickname,gender,birth_year) values (?,?,?,?,?,?)
2022-06-06T15:17:09.783+0800	[35mDEBUG[0m	runtime/runtime.go:675	call upstream: db=employees_0000, sql="SELECT TABLE_NAME, COLUMN_NAME, DATA_TYPE, COLUMN_KEY, EXTRA, COLLATION_NAME, ORDINAL_POSITION FROM information_schema.columns WHERE TABLE_SCHEMA=database() AND TABLE_NAME IN ('student_0025') ORDER BY ORDINAL_POSITION", args=[]
2022-06-06T15:17:09.784+0800	[35mDEBUG[0m	runtime/runtime.go:675	call upstream: db=employees_0000, sql="SELECT TABLE_NAME, INDEX_NAME FROM information_schema.statistics WHERE TABLE_SCHEMA=database() AND TABLE_NAME IN ('student_0025')", args=[]
2022-06-06T15:17:09.785+0800	[35mDEBUG[0m	runtime/runtime.go:675	call upstream: db=employees_0000, sql="INSERT IGNORE INTO `student_0025`(`uid`, `score`, `name`, `nickname`, `gender`, `birth_year`, `id`) VALUES (?, ?, ?, ?, ?, ?, 126951714754396160)", args=[25 3.14 [102 97 107 101 95 110 97 109 101 95 50 53] [102 97 107 101 95 110 105 99 107 110 97 109 101 95 50 53] 1 2022]
2022-06-06T15:17:09.792+0800	[35mDEBUG[0m	executor/redirect.go:312	ComStmtExecute: INSERT IGNORE INTO student(uid,score,name,nickname,gender,birth_year) values (?,?,?,?,?,?)
2022-06-06T15:17:09.792+0800	[35mDEBUG[0m	runtime/runtime.go:675	call upstream: db=employees_0000, sql="SELECT TABLE_NAME, COLUMN_NAME, DATA_TYPE, COLUMN_KEY, EXTRA, COLLATION_NAME, ORDINAL_POSITION FROM information_schema.columns WHERE TABLE_SCHEMA=database() AND TABLE_NAME IN ('student_0026') ORDER BY ORDINAL_POSITION", args=[]
2022-06-06T15:17:09.793+0800	[35mDEBUG[0m	runtime/runtime.go:675	call upstream: db=employees_0000, sql="SELECT TABLE_NAME, INDEX_NAME FROM information_schema.statistics WHERE TABLE_SCHEMA=database() AND TABLE_NAME IN ('student_0026')", args=[]
2022-06-06T15:17:09.793+0800	[35mDEBUG[0m	runtime/runtime.go:675	call upstream: db=employees_0000, sql="INSERT IGNORE INTO `student_0026`(`uid`, `score`, `name`, `nickname`, `gender`, `birth_year`, `id`) VALUES (?, ?, ?, ?, ?, ?, 126951714762784768)", args=[26 3.14 [102 97 107 101 95 110 97 109 101 95 50 54] [102 97 107 101 95 110 105 99 107 110 97 109 101 95 50 54] 1 2022]
2022-06-06T15:17:09.800+0800	[35mDEBUG[0m	executor/redirect.go:312	ComStmtExecute: INSERT IGNORE INTO student(uid,score,name,nickname,gender,birth_year) values (?,?,?,?,?,?)
2022-06-06T15:17:09.800+0800	[35mDEBUG[0m	runtime/runtime.go:675	call upstream: db=employees_0000, sql="SELECT TABLE_NAME, COLUMN_NAME, DATA_TYPE, COLUMN_KEY, EXTRA, COLLATION_NAME, ORDINAL_POSITION FROM information_schema.columns WHERE TABLE_SCHEMA=database() AND TABLE_NAME IN ('student_0027') ORDER BY ORDINAL_POSITION", args=[]
2022-06-06T15:17:09.801+0800	[35mDEBUG[0m	runtime/runtime.go:675	call upstream: db=employees_0000, sql="SELECT TABLE_NAME, INDEX_NAME FROM information_schema.statistics WHERE TABLE_SCHEMA=database() AND TABLE_NAME IN ('student_0027')", args=[]
2022-06-06T15:17:09.802+0800	[35mDEBUG[0m	runtime/runtime.go:675	call upstream: db=employees_0000, sql="INSERT IGNORE INTO `student_0027`(`uid`, `score`, `name`, `nickname`, `gender`, `birth_year`, `id`) VALUES (?, ?, ?, ?, ?, ?, 126951714772221952)", args=[27 3.14 [102 97 107 101 95 110 97 109 101 95 50 55] [102 97 107 101 95 110 105 99 107 110 97 109 101 95 50 55] 1 2022]
2022-06-06T15:17:09.810+0800	[35mDEBUG[0m	executor/redirect.go:312	ComStmtExecute: INSERT IGNORE INTO student(uid,score,name,nickname,gender,birth_year) values (?,?,?,?,?,?)
2022-06-06T15:17:09.810+0800	[35mDEBUG[0m	runtime/runtime.go:675	call upstream: db=employees_0000, sql="SELECT TABLE_NAME, COLUMN_NAME, DATA_TYPE, COLUMN_KEY, EXTRA, COLLATION_NAME, ORDINAL_POSITION FROM information_schema.columns WHERE TABLE_SCHEMA=database() AND TABLE_NAME IN ('student_0028') ORDER BY ORDINAL_POSITION", args=[]
2022-06-06T15:17:09.811+0800	[35mDEBUG[0m	runtime/runtime.go:675	call upstream: db=employees_0000, sql="SELECT TABLE_NAME, INDEX_NAME FROM information_schema.statistics WHERE TABLE_SCHEMA=database() AND TABLE_NAME IN ('student_0028')", args=[]
2022-06-06T15:17:09.811+0800	[35mDEBUG[0m	runtime/runtime.go:675	call upstream: db=employees_0000, sql="INSERT IGNORE INTO `student_0028`(`uid`, `score`, `name`, `nickname`, `gender`, `birth_year`, `id`) VALUES (?, ?, ?, ?, ?, ?, 126951714781659136)", args=[28 3.14 [102 97 107 101 95 110 97 109 101 95 50 56] [102 97 107 101 95 110 105 99 107 110 97 109 101 95 50 56] 1 2022]
2022-06-06T15:17:09.817+0800	[35mDEBUG[0m	executor/redirect.go:312	ComStmtExecute: INSERT IGNORE INTO student(uid,score,name,nickname,gender,birth_year) values (?,?,?,?,?,?)
2022-06-06T15:17:09.818+0800	[35mDEBUG[0m	runtime/runtime.go:675	call upstream: db=employees_0000, sql="SELECT TABLE_NAME, COLUMN_NAME, DATA_TYPE, COLUMN_KEY, EXTRA, COLLATION_NAME, ORDINAL_POSITION FROM information_schema.columns WHERE TABLE_SCHEMA=database() AND TABLE_NAME IN ('student_0029') ORDER BY ORDINAL_POSITION", args=[]
2022-06-06T15:17:09.818+0800	[35mDEBUG[0m	runtime/runtime.go:675	call upstream: db=employees_0000, sql="SELECT TABLE_NAME, INDEX_NAME FROM information_schema.statistics WHERE TABLE_SCHEMA=database() AND TABLE_NAME IN ('student_0029')", args=[]
2022-06-06T15:17:09.819+0800	[35mDEBUG[0m	runtime/runtime.go:675	call upstream: db=employees_0000, sql="INSERT IGNORE INTO `student_0029`(`uid`, `score`, `name`, `nickname`, `gender`, `birth_year`, `id`) VALUES (?, ?, ?, ?, ?, ?, 126951714790047744)", args=[29 3.14 [102 97 107 101 95 110 97 109 101 95 50 57] [102 97 107 101 95 110 105 99 107 110 97 109 101 95 50 57] 1 2022]
2022-06-06T15:17:09.829+0800	[35mDEBUG[0m	executor/redirect.go:312	ComStmtExecute: INSERT IGNORE INTO student(uid,score,name,nickname,gender,birth_year) values (?,?,?,?,?,?)
2022-06-06T15:17:09.829+0800	[35mDEBUG[0m	runtime/runtime.go:675	call upstream: db=employees_0000, sql="SELECT TABLE_NAME, COLUMN_NAME, DATA_TYPE, COLUMN_KEY, EXTRA, COLLATION_NAME, ORDINAL_POSITION FROM information_schema.columns WHERE TABLE_SCHEMA=database() AND TABLE_NAME IN ('student_0030') ORDER BY ORDINAL_POSITION", args=[]
2022-06-06T15:17:09.829+0800	[35mDEBUG[0m	runtime/runtime.go:675	call upstream: db=employees_0000, sql="SELECT TABLE_NAME, INDEX_NAME FROM information_schema.statistics WHERE TABLE_SCHEMA=database() AND TABLE_NAME IN ('student_0030')", args=[]
2022-06-06T15:17:09.830+0800	[35mDEBUG[0m	runtime/runtime.go:675	call upstream: db=employees_0000, sql="INSERT IGNORE INTO `student_0030`(`uid`, `score`, `name`, `nickname`, `gender`, `birth_year`, `id`) VALUES (?, ?, ?, ?, ?, ?, 126951714801582080)", args=[30 3.14 [102 97 107 101 95 110 97 109 101 95 51 48] [102 97 107 101 95 110 105 99 107 110 97 109 101 95 51 48] 1 2022]
2022-06-06T15:17:09.837+0800	[35mDEBUG[0m	executor/redirect.go:312	ComStmtExecute: INSERT IGNORE INTO student(uid,score,name,nickname,gender,birth_year) values (?,?,?,?,?,?)
2022-06-06T15:17:09.837+0800	[35mDEBUG[0m	runtime/runtime.go:675	call upstream: db=employees_0000, sql="SELECT TABLE_NAME, COLUMN_NAME, DATA_TYPE, COLUMN_KEY, EXTRA, COLLATION_NAME, ORDINAL_POSITION FROM information_schema.columns WHERE TABLE_SCHEMA=database() AND TABLE_NAME IN ('student_0031') ORDER BY ORDINAL_POSITION", args=[]
2022-06-06T15:17:09.838+0800	[35mDEBUG[0m	runtime/runtime.go:675	call upstream: db=employees_0000, sql="SELECT TABLE_NAME, INDEX_NAME FROM information_schema.statistics WHERE TABLE_SCHEMA=database() AND TABLE_NAME IN ('student_0031')", args=[]
2022-06-06T15:17:09.838+0800	[35mDEBUG[0m	runtime/runtime.go:675	call upstream: db=employees_0000, sql="INSERT IGNORE INTO `student_0031`(`uid`, `score`, `name`, `nickname`, `gender`, `birth_year`, `id`) VALUES (?, ?, ?, ?, ?, ?, 126951714809970688)", args=[31 3.14 [102 97 107 101 95 110 97 109 101 95 51 49] [102 97 107 101 95 110 105 99 107 110 97 109 101 95 51 49] 1 2022]
2022-06-06T15:17:09.851+0800	[35mDEBUG[0m	executor/redirect.go:312	ComStmtExecute: INSERT IGNORE INTO student(uid,score,name,nickname,gender,birth_year) values (?,?,?,?,?,?)
2022-06-06T15:17:09.851+0800	[35mDEBUG[0m	runtime/runtime.go:675	call upstream: db=employees_0000, sql="SELECT TABLE_NAME, COLUMN_NAME, DATA_TYPE, COLUMN_KEY, EXTRA, COLLATION_NAME, ORDINAL_POSITION FROM information_schema.columns WHERE TABLE_SCHEMA=database() AND TABLE_NAME IN ('student_0000') ORDER BY ORDINAL_POSITION", args=[]
2022-06-06T15:17:09.851+0800	[35mDEBUG[0m	runtime/runtime.go:675	call upstream: db=employees_0000, sql="SELECT TABLE_NAME, INDEX_NAME FROM information_schema.statistics WHERE TABLE_SCHEMA=database() AND TABLE_NAME IN ('student_0000')", args=[]
2022-06-06T15:17:09.852+0800	[35mDEBUG[0m	runtime/runtime.go:675	call upstream: db=employees_0000, sql="INSERT IGNORE INTO `student_0000`(`uid`, `score`, `name`, `nickname`, `gender`, `birth_year`, `id`) VALUES (?, ?, ?, ?, ?, ?, 126951714824650752)", args=[32 3.14 [102 97 107 101 95 110 97 109 101 95 51 50] [102 97 107 101 95 110 105 99 107 110 97 109 101 95 51 50] 1 2022]
2022-06-06T15:17:09.857+0800	[35mDEBUG[0m	executor/redirect.go:312	ComStmtExecute: INSERT IGNORE INTO student(uid,score,name,nickname,gender,birth_year) values (?,?,?,?,?,?)
2022-06-06T15:17:09.857+0800	[35mDEBUG[0m	runtime/runtime.go:675	call upstream: db=employees_0000, sql="SELECT TABLE_NAME, COLUMN_NAME, DATA_TYPE, COLUMN_KEY, EXTRA, COLLATION_NAME, ORDINAL_POSITION FROM information_schema.columns WHERE TABLE_SCHEMA=database() AND TABLE_NAME IN ('student_0001') ORDER BY ORDINAL_POSITION", args=[]
2022-06-06T15:17:09.858+0800	[35mDEBUG[0m	runtime/runtime.go:675	call upstream: db=employees_0000, sql="SELECT TABLE_NAME, INDEX_NAME FROM information_schema.statistics WHERE TABLE_SCHEMA=database() AND TABLE_NAME IN ('student_0001')", args=[]
2022-06-06T15:17:09.858+0800	[35mDEBUG[0m	runtime/runtime.go:675	call upstream: db=employees_0000, sql="INSERT IGNORE INTO `student_0001`(`uid`, `score`, `name`, `nickname`, `gender`, `birth_year`, `id`) VALUES (?, ?, ?, ?, ?, ?, 126951714830942208)", args=[33 3.14 [102 97 107 101 95 110 97 109 101 95 51 51] [102 97 107 101 95 110 105 99 107 110 97 109 101 95 51 51] 1 2022]
2022-06-06T15:17:09.863+0800	[35mDEBUG[0m	executor/redirect.go:312	ComStmtExecute: INSERT IGNORE INTO student(uid,score,name,nickname,gender,birth_year) values (?,?,?,?,?,?)
2022-06-06T15:17:09.863+0800	[35mDEBUG[0m	runtime/runtime.go:675	call upstream: db=employees_0000, sql="SELECT TABLE_NAME, COLUMN_NAME, DATA_TYPE, COLUMN_KEY, EXTRA, COLLATION_NAME, ORDINAL_POSITION FROM information_schema.columns WHERE TABLE_SCHEMA=database() AND TABLE_NAME IN ('student_0002') ORDER BY ORDINAL_POSITION", args=[]
2022-06-06T15:17:09.864+0800	[35mDEBUG[0m	runtime/runtime.go:675	call upstream: db=employees_0000, sql="SELECT TABLE_NAME, INDEX_NAME FROM information_schema.statistics WHERE TABLE_SCHEMA=database() AND TABLE_NAME IN ('student_0002')", args=[]
2022-06-06T15:17:09.864+0800	[35mDEBUG[0m	runtime/runtime.go:675	call upstream: db=employees_0000, sql="INSERT IGNORE INTO `student_0002`(`uid`, `score`, `name`, `nickname`, `gender`, `birth_year`, `id`) VALUES (?, ?, ?, ?, ?, ?, 126951714837233664)", args=[34 3.14 [102 97 107 101 95 110 97 109 101 95 51 52] [102 97 107 101 95 110 105 99 107 110 97 109 101 95 51 52] 1 2022]
2022-06-06T15:17:09.869+0800	[35mDEBUG[0m	executor/redirect.go:312	ComStmtExecute: INSERT IGNORE INTO student(uid,score,name,nickname,gender,birth_year) values (?,?,?,?,?,?)
2022-06-06T15:17:09.869+0800	[35mDEBUG[0m	runtime/runtime.go:675	call upstream: db=employees_0000, sql="SELECT TABLE_NAME, COLUMN_NAME, DATA_TYPE, COLUMN_KEY, EXTRA, COLLATION_NAME, ORDINAL_POSITION FROM information_schema.columns WHERE TABLE_SCHEMA=database() AND TABLE_NAME IN ('student_0003') ORDER BY ORDINAL_POSITION", args=[]
2022-06-06T15:17:09.870+0800	[35mDEBUG[0m	runtime/runtime.go:675	call upstream: db=employees_0000, sql="SELECT TABLE_NAME, INDEX_NAME FROM information_schema.statistics WHERE TABLE_SCHEMA=database() AND TABLE_NAME IN ('student_0003')", args=[]
2022-06-06T15:17:09.871+0800	[35mDEBUG[0m	runtime/runtime.go:675	call upstream: db=employees_0000, sql="INSERT IGNORE INTO `student_0003`(`uid`, `score`, `name`, `nickname`, `gender`, `birth_year`, `id`) VALUES (?, ?, ?, ?, ?, ?, 126951714844573696)", args=[35 3.14 [102 97 107 101 95 110 97 109 101 95 51 53] [102 97 107 101 95 110 105 99 107 110 97 109 101 95 51 53] 1 2022]
2022-06-06T15:17:09.876+0800	[35mDEBUG[0m	executor/redirect.go:312	ComStmtExecute: INSERT IGNORE INTO student(uid,score,name,nickname,gender,birth_year) values (?,?,?,?,?,?)
2022-06-06T15:17:09.876+0800	[35mDEBUG[0m	runtime/runtime.go:675	call upstream: db=employees_0000, sql="SELECT TABLE_NAME, COLUMN_NAME, DATA_TYPE, COLUMN_KEY, EXTRA, COLLATION_NAME, ORDINAL_POSITION FROM information_schema.columns WHERE TABLE_SCHEMA=database() AND TABLE_NAME IN ('student_0004') ORDER BY ORDINAL_POSITION", args=[]
2022-06-06T15:17:09.877+0800	[35mDEBUG[0m	runtime/runtime.go:675	call upstream: db=employees_0000, sql="SELECT TABLE_NAME, INDEX_NAME FROM information_schema.statistics WHERE TABLE_SCHEMA=database() AND TABLE_NAME IN ('student_0004')", args=[]
2022-06-06T15:17:09.878+0800	[35mDEBUG[0m	runtime/runtime.go:675	call upstream: db=employees_0000, sql="INSERT IGNORE INTO `student_0004`(`uid`, `score`, `name`, `nickname`, `gender`, `birth_year`, `id`) VALUES (?, ?, ?, ?, ?, ?, 126951714851913728)", args=[36 3.14 [102 97 107 101 95 110 97 109 101 95 51 54] [102 97 107 101 95 110 105 99 107 110 97 109 101 95 51 54] 1 2022]
2022-06-06T15:17:09.882+0800	[35mDEBUG[0m	executor/redirect.go:312	ComStmtExecute: INSERT IGNORE INTO student(uid,score,name,nickname,gender,birth_year) values (?,?,?,?,?,?)
2022-06-06T15:17:09.882+0800	[35mDEBUG[0m	runtime/runtime.go:675	call upstream: db=employees_0000, sql="SELECT TABLE_NAME, COLUMN_NAME, DATA_TYPE, COLUMN_KEY, EXTRA, COLLATION_NAME, ORDINAL_POSITION FROM information_schema.columns WHERE TABLE_SCHEMA=database() AND TABLE_NAME IN ('student_0005') ORDER BY ORDINAL_POSITION", args=[]
2022-06-06T15:17:09.883+0800	[35mDEBUG[0m	runtime/runtime.go:675	call upstream: db=employees_0000, sql="SELECT TABLE_NAME, INDEX_NAME FROM information_schema.statistics WHERE TABLE_SCHEMA=database() AND TABLE_NAME IN ('student_0005')", args=[]
2022-06-06T15:17:09.883+0800	[35mDEBUG[0m	runtime/runtime.go:675	call upstream: db=employees_0000, sql="INSERT IGNORE INTO `student_0005`(`uid`, `score`, `name`, `nickname`, `gender`, `birth_year`, `id`) VALUES (?, ?, ?, ?, ?, ?, 126951714857156608)", args=[37 3.14 [102 97 107 101 95 110 97 109 101 95 51 55] [102 97 107 101 95 110 105 99 107 110 97 109 101 95 51 55] 1 2022]
2022-06-06T15:17:09.889+0800	[35mDEBUG[0m	executor/redirect.go:312	ComStmtExecute: INSERT IGNORE INTO student(uid,score,name,nickname,gender,birth_year) values (?,?,?,?,?,?)
2022-06-06T15:17:09.889+0800	[35mDEBUG[0m	runtime/runtime.go:675	call upstream: db=employees_0000, sql="SELECT TABLE_NAME, COLUMN_NAME, DATA_TYPE, COLUMN_KEY, EXTRA, COLLATION_NAME, ORDINAL_POSITION FROM information_schema.columns WHERE TABLE_SCHEMA=database() AND TABLE_NAME IN ('student_0006') ORDER BY ORDINAL_POSITION", args=[]
2022-06-06T15:17:09.890+0800	[35mDEBUG[0m	runtime/runtime.go:675	call upstream: db=employees_0000, sql="SELECT TABLE_NAME, INDEX_NAME FROM information_schema.statistics WHERE TABLE_SCHEMA=database() AND TABLE_NAME IN ('student_0006')", args=[]
2022-06-06T15:17:09.891+0800	[35mDEBUG[0m	runtime/runtime.go:675	call upstream: db=employees_0000, sql="INSERT IGNORE INTO `student_0006`(`uid`, `score`, `name`, `nickname`, `gender`, `birth_year`, `id`) VALUES (?, ?, ?, ?, ?, ?, 126951714865545216)", args=[38 3.14 [102 97 107 101 95 110 97 109 101 95 51 56] [102 97 107 101 95 110 105 99 107 110 97 109 101 95 51 56] 1 2022]
2022-06-06T15:17:09.896+0800	[35mDEBUG[0m	executor/redirect.go:312	ComStmtExecute: INSERT IGNORE INTO student(uid,score,name,nickname,gender,birth_year) values (?,?,?,?,?,?)
2022-06-06T15:17:09.896+0800	[35mDEBUG[0m	runtime/runtime.go:675	call upstream: db=employees_0000, sql="SELECT TABLE_NAME, COLUMN_NAME, DATA_TYPE, COLUMN_KEY, EXTRA, COLLATION_NAME, ORDINAL_POSITION FROM information_schema.columns WHERE TABLE_SCHEMA=database() AND TABLE_NAME IN ('student_0007') ORDER BY ORDINAL_POSITION", args=[]
2022-06-06T15:17:09.897+0800	[35mDEBUG[0m	runtime/runtime.go:675	call upstream: db=employees_0000, sql="SELECT TABLE_NAME, INDEX_NAME FROM information_schema.statistics WHERE TABLE_SCHEMA=database() AND TABLE_NAME IN ('student_0007')", args=[]
2022-06-06T15:17:09.898+0800	[35mDEBUG[0m	runtime/runtime.go:675	call upstream: db=employees_0000, sql="INSERT IGNORE INTO `student_0007`(`uid`, `score`, `name`, `nickname`, `gender`, `birth_year`, `id`) VALUES (?, ?, ?, ?, ?, ?, 126951714872885248)", args=[39 3.14 [102 97 107 101 95 110 97 109 101 95 51 57] [102 97 107 101 95 110 105 99 107 110 97 109 101 95 51 57] 1 2022]
2022-06-06T15:17:09.906+0800	[35mDEBUG[0m	executor/redirect.go:312	ComStmtExecute: INSERT IGNORE INTO student(uid,score,name,nickname,gender,birth_year) values (?,?,?,?,?,?)
2022-06-06T15:17:09.906+0800	[35mDEBUG[0m	runtime/runtime.go:675	call upstream: db=employees_0000, sql="SELECT TABLE_NAME, COLUMN_NAME, DATA_TYPE, COLUMN_KEY, EXTRA, COLLATION_NAME, ORDINAL_POSITION FROM information_schema.columns WHERE TABLE_SCHEMA=database() AND TABLE_NAME IN ('student_0008') ORDER BY ORDINAL_POSITION", args=[]
2022-06-06T15:17:09.907+0800	[35mDEBUG[0m	runtime/runtime.go:675	call upstream: db=employees_0000, sql="SELECT TABLE_NAME, INDEX_NAME FROM information_schema.statistics WHERE TABLE_SCHEMA=database() AND TABLE_NAME IN ('student_0008')", args=[]
2022-06-06T15:17:09.907+0800	[35mDEBUG[0m	runtime/runtime.go:675	call upstream: db=employees_0000, sql="INSERT IGNORE INTO `student_0008`(`uid`, `score`, `name`, `nickname`, `gender`, `birth_year`, `id`) VALUES (?, ?, ?, ?, ?, ?, 126951714882322432)", args=[40 3.14 [102 97 107 101 95 110 97 109 101 95 52 48] [102 97 107 101 95 110 105 99 107 110 97 109 101 95 52 48] 1 2022]
2022-06-06T15:17:09.912+0800	[35mDEBUG[0m	executor/redirect.go:312	ComStmtExecute: INSERT IGNORE INTO student(uid,score,name,nickname,gender,birth_year) values (?,?,?,?,?,?)
2022-06-06T15:17:09.912+0800	[35mDEBUG[0m	runtime/runtime.go:675	call upstream: db=employees_0000, sql="SELECT TABLE_NAME, COLUMN_NAME, DATA_TYPE, COLUMN_KEY, EXTRA, COLLATION_NAME, ORDINAL_POSITION FROM information_schema.columns WHERE TABLE_SCHEMA=database() AND TABLE_NAME IN ('student_0009') ORDER BY ORDINAL_POSITION", args=[]
2022-06-06T15:17:09.913+0800	[35mDEBUG[0m	runtime/runtime.go:675	call upstream: db=employees_0000, sql="SELECT TABLE_NAME, INDEX_NAME FROM information_schema.statistics WHERE TABLE_SCHEMA=database() AND TABLE_NAME IN ('student_0009')", args=[]
2022-06-06T15:17:09.913+0800	[35mDEBUG[0m	runtime/runtime.go:675	call upstream: db=employees_0000, sql="INSERT IGNORE INTO `student_0009`(`uid`, `score`, `name`, `nickname`, `gender`, `birth_year`, `id`) VALUES (?, ?, ?, ?, ?, ?, 126951714888613888)", args=[41 3.14 [102 97 107 101 95 110 97 109 101 95 52 49] [102 97 107 101 95 110 105 99 107 110 97 109 101 95 52 49] 1 2022]
2022-06-06T15:17:09.918+0800	[35mDEBUG[0m	executor/redirect.go:312	ComStmtExecute: INSERT IGNORE INTO student(uid,score,name,nickname,gender,birth_year) values (?,?,?,?,?,?)
2022-06-06T15:17:09.918+0800	[35mDEBUG[0m	runtime/runtime.go:675	call upstream: db=employees_0000, sql="SELECT TABLE_NAME, COLUMN_NAME, DATA_TYPE, COLUMN_KEY, EXTRA, COLLATION_NAME, ORDINAL_POSITION FROM information_schema.columns WHERE TABLE_SCHEMA=database() AND TABLE_NAME IN ('student_0010') ORDER BY ORDINAL_POSITION", args=[]
2022-06-06T15:17:09.919+0800	[35mDEBUG[0m	runtime/runtime.go:675	call upstream: db=employees_0000, sql="SELECT TABLE_NAME, INDEX_NAME FROM information_schema.statistics WHERE TABLE_SCHEMA=database() AND TABLE_NAME IN ('student_0010')", args=[]
2022-06-06T15:17:09.920+0800	[35mDEBUG[0m	runtime/runtime.go:675	call upstream: db=employees_0000, sql="INSERT IGNORE INTO `student_0010`(`uid`, `score`, `name`, `nickname`, `gender`, `birth_year`, `id`) VALUES (?, ?, ?, ?, ?, ?, 126951714895953920)", args=[42 3.14 [102 97 107 101 95 110 97 109 101 95 52 50] [102 97 107 101 95 110 105 99 107 110 97 109 101 95 52 50] 1 2022]
2022-06-06T15:17:09.923+0800	[35mDEBUG[0m	executor/redirect.go:312	ComStmtExecute: INSERT IGNORE INTO student(uid,score,name,nickname,gender,birth_year) values (?,?,?,?,?,?)
2022-06-06T15:17:09.923+0800	[35mDEBUG[0m	runtime/runtime.go:675	call upstream: db=employees_0000, sql="SELECT TABLE_NAME, COLUMN_NAME, DATA_TYPE, COLUMN_KEY, EXTRA, COLLATION_NAME, ORDINAL_POSITION FROM information_schema.columns WHERE TABLE_SCHEMA=database() AND TABLE_NAME IN ('student_0011') ORDER BY ORDINAL_POSITION", args=[]
2022-06-06T15:17:09.924+0800	[35mDEBUG[0m	runtime/runtime.go:675	call upstream: db=employees_0000, sql="SELECT TABLE_NAME, INDEX_NAME FROM information_schema.statistics WHERE TABLE_SCHEMA=database() AND TABLE_NAME IN ('student_0011')", args=[]
2022-06-06T15:17:09.925+0800	[35mDEBUG[0m	runtime/runtime.go:675	call upstream: db=employees_0000, sql="INSERT IGNORE INTO `student_0011`(`uid`, `score`, `name`, `nickname`, `gender`, `birth_year`, `id`) VALUES (?, ?, ?, ?, ?, ?, 126951714901196800)", args=[43 3.14 [102 97 107 101 95 110 97 109 101 95 52 51] [102 97 107 101 95 110 105 99 107 110 97 109 101 95 52 51] 1 2022]
2022-06-06T15:17:09.931+0800	[35mDEBUG[0m	executor/redirect.go:312	ComStmtExecute: INSERT IGNORE INTO student(uid,score,name,nickname,gender,birth_year) values (?,?,?,?,?,?)
2022-06-06T15:17:09.931+0800	[35mDEBUG[0m	runtime/runtime.go:675	call upstream: db=employees_0000, sql="SELECT TABLE_NAME, COLUMN_NAME, DATA_TYPE, COLUMN_KEY, EXTRA, COLLATION_NAME, ORDINAL_POSITION FROM information_schema.columns WHERE TABLE_SCHEMA=database() AND TABLE_NAME IN ('student_0012') ORDER BY ORDINAL_POSITION", args=[]
2022-06-06T15:17:09.931+0800	[35mDEBUG[0m	runtime/runtime.go:675	call upstream: db=employees_0000, sql="SELECT TABLE_NAME, INDEX_NAME FROM information_schema.statistics WHERE TABLE_SCHEMA=database() AND TABLE_NAME IN ('student_0012')", args=[]
2022-06-06T15:17:09.932+0800	[35mDEBUG[0m	runtime/runtime.go:675	call upstream: db=employees_0000, sql="INSERT IGNORE INTO `student_0012`(`uid`, `score`, `name`, `nickname`, `gender`, `birth_year`, `id`) VALUES (?, ?, ?, ?, ?, ?, 126951714908536832)", args=[44 3.14 [102 97 107 101 95 110 97 109 101 95 52 52] [102 97 107 101 95 110 105 99 107 110 97 109 101 95 52 52] 1 2022]
2022-06-06T15:17:09.937+0800	[35mDEBUG[0m	executor/redirect.go:312	ComStmtExecute: INSERT IGNORE INTO student(uid,score,name,nickname,gender,birth_year) values (?,?,?,?,?,?)
2022-06-06T15:17:09.937+0800	[35mDEBUG[0m	runtime/runtime.go:675	call upstream: db=employees_0000, sql="SELECT TABLE_NAME, COLUMN_NAME, DATA_TYPE, COLUMN_KEY, EXTRA, COLLATION_NAME, ORDINAL_POSITION FROM information_schema.columns WHERE TABLE_SCHEMA=database() AND TABLE_NAME IN ('student_0013') ORDER BY ORDINAL_POSITION", args=[]
2022-06-06T15:17:09.937+0800	[35mDEBUG[0m	runtime/runtime.go:675	call upstream: db=employees_0000, sql="SELECT TABLE_NAME, INDEX_NAME FROM information_schema.statistics WHERE TABLE_SCHEMA=database() AND TABLE_NAME IN ('student_0013')", args=[]
2022-06-06T15:17:09.938+0800	[35mDEBUG[0m	runtime/runtime.go:675	call upstream: db=employees_0000, sql="INSERT IGNORE INTO `student_0013`(`uid`, `score`, `name`, `nickname`, `gender`, `birth_year`, `id`) VALUES (?, ?, ?, ?, ?, ?, 126951714914828288)", args=[45 3.14 [102 97 107 101 95 110 97 109 101 95 52 53] [102 97 107 101 95 110 105 99 107 110 97 109 101 95 52 53] 1 2022]
2022-06-06T15:17:09.943+0800	[35mDEBUG[0m	executor/redirect.go:312	ComStmtExecute: INSERT IGNORE INTO student(uid,score,name,nickname,gender,birth_year) values (?,?,?,?,?,?)
2022-06-06T15:17:09.943+0800	[35mDEBUG[0m	runtime/runtime.go:675	call upstream: db=employees_0000, sql="SELECT TABLE_NAME, COLUMN_NAME, DATA_TYPE, COLUMN_KEY, EXTRA, COLLATION_NAME, ORDINAL_POSITION FROM information_schema.columns WHERE TABLE_SCHEMA=database() AND TABLE_NAME IN ('student_0014') ORDER BY ORDINAL_POSITION", args=[]
2022-06-06T15:17:09.944+0800	[35mDEBUG[0m	runtime/runtime.go:675	call upstream: db=employees_0000, sql="SELECT TABLE_NAME, INDEX_NAME FROM information_schema.statistics WHERE TABLE_SCHEMA=database() AND TABLE_NAME IN ('student_0014')", args=[]
2022-06-06T15:17:09.944+0800	[35mDEBUG[0m	runtime/runtime.go:675	call upstream: db=employees_0000, sql="INSERT IGNORE INTO `student_0014`(`uid`, `score`, `name`, `nickname`, `gender`, `birth_year`, `id`) VALUES (?, ?, ?, ?, ?, ?, 126951714921119744)", args=[46 3.14 [102 97 107 101 95 110 97 109 101 95 52 54] [102 97 107 101 95 110 105 99 107 110 97 109 101 95 52 54] 1 2022]
2022-06-06T15:17:09.954+0800	[35mDEBUG[0m	executor/redirect.go:312	ComStmtExecute: INSERT IGNORE INTO student(uid,score,name,nickname,gender,birth_year) values (?,?,?,?,?,?)
2022-06-06T15:17:09.954+0800	[35mDEBUG[0m	runtime/runtime.go:675	call upstream: db=employees_0000, sql="SELECT TABLE_NAME, COLUMN_NAME, DATA_TYPE, COLUMN_KEY, EXTRA, COLLATION_NAME, ORDINAL_POSITION FROM information_schema.columns WHERE TABLE_SCHEMA=database() AND TABLE_NAME IN ('student_0015') ORDER BY ORDINAL_POSITION", args=[]
2022-06-06T15:17:09.955+0800	[35mDEBUG[0m	runtime/runtime.go:675	call upstream: db=employees_0000, sql="SELECT TABLE_NAME, INDEX_NAME FROM information_schema.statistics WHERE TABLE_SCHEMA=database() AND TABLE_NAME IN ('student_0015')", args=[]
2022-06-06T15:17:09.955+0800	[35mDEBUG[0m	runtime/runtime.go:675	call upstream: db=employees_0000, sql="INSERT IGNORE INTO `student_0015`(`uid`, `score`, `name`, `nickname`, `gender`, `birth_year`, `id`) VALUES (?, ?, ?, ?, ?, ?, 126951714932654080)", args=[47 3.14 [102 97 107 101 95 110 97 109 101 95 52 55] [102 97 107 101 95 110 105 99 107 110 97 109 101 95 52 55] 1 2022]
2022-06-06T15:17:09.959+0800	[35mDEBUG[0m	executor/redirect.go:312	ComStmtExecute: INSERT IGNORE INTO student(uid,score,name,nickname,gender,birth_year) values (?,?,?,?,?,?)
2022-06-06T15:17:09.959+0800	[35mDEBUG[0m	runtime/runtime.go:675	call upstream: db=employees_0000, sql="SELECT TABLE_NAME, COLUMN_NAME, DATA_TYPE, COLUMN_KEY, EXTRA, COLLATION_NAME, ORDINAL_POSITION FROM information_schema.columns WHERE TABLE_SCHEMA=database() AND TABLE_NAME IN ('student_0016') ORDER BY ORDINAL_POSITION", args=[]
2022-06-06T15:17:09.959+0800	[35mDEBUG[0m	runtime/runtime.go:675	call upstream: db=employees_0000, sql="SELECT TABLE_NAME, INDEX_NAME FROM information_schema.statistics WHERE TABLE_SCHEMA=database() AND TABLE_NAME IN ('student_0016')", args=[]
2022-06-06T15:17:09.960+0800	[35mDEBUG[0m	runtime/runtime.go:675	call upstream: db=employees_0000, sql="INSERT IGNORE INTO `student_0016`(`uid`, `score`, `name`, `nickname`, `gender`, `birth_year`, `id`) VALUES (?, ?, ?, ?, ?, ?, 126951714937896960)", args=[48 3.14 [102 97 107 101 95 110 97 109 101 95 52 56] [102 97 107 101 95 110 105 99 107 110 97 109 101 95 52 56] 1 2022]
2022-06-06T15:17:09.964+0800	[35mDEBUG[0m	executor/redirect.go:312	ComStmtExecute: INSERT IGNORE INTO student(uid,score,name,nickname,gender,birth_year) values (?,?,?,?,?,?)
2022-06-06T15:17:09.964+0800	[35mDEBUG[0m	runtime/runtime.go:675	call upstream: db=employees_0000, sql="SELECT TABLE_NAME, COLUMN_NAME, DATA_TYPE, COLUMN_KEY, EXTRA, COLLATION_NAME, ORDINAL_POSITION FROM information_schema.columns WHERE TABLE_SCHEMA=database() AND TABLE_NAME IN ('student_0017') ORDER BY ORDINAL_POSITION", args=[]
2022-06-06T15:17:09.964+0800	[35mDEBUG[0m	runtime/runtime.go:675	call upstream: db=employees_0000, sql="SELECT TABLE_NAME, INDEX_NAME FROM information_schema.statistics WHERE TABLE_SCHEMA=database() AND TABLE_NAME IN ('student_0017')", args=[]
2022-06-06T15:17:09.965+0800	[35mDEBUG[0m	runtime/runtime.go:675	call upstream: db=employees_0000, sql="INSERT IGNORE INTO `student_0017`(`uid`, `score`, `name`, `nickname`, `gender`, `birth_year`, `id`) VALUES (?, ?, ?, ?, ?, ?, 126951714943139840)", args=[49 3.14 [102 97 107 101 95 110 97 109 101 95 52 57] [102 97 107 101 95 110 105 99 107 110 97 109 101 95 52 57] 1 2022]
2022-06-06T15:17:09.969+0800	[35mDEBUG[0m	executor/redirect.go:312	ComStmtExecute: INSERT IGNORE INTO student(uid,score,name,nickname,gender,birth_year) values (?,?,?,?,?,?)
2022-06-06T15:17:09.970+0800	[35mDEBUG[0m	runtime/runtime.go:675	call upstream: db=employees_0000, sql="SELECT TABLE_NAME, COLUMN_NAME, DATA_TYPE, COLUMN_KEY, EXTRA, COLLATION_NAME, ORDINAL_POSITION FROM information_schema.columns WHERE TABLE_SCHEMA=database() AND TABLE_NAME IN ('student_0018') ORDER BY ORDINAL_POSITION", args=[]
2022-06-06T15:17:09.970+0800	[35mDEBUG[0m	runtime/runtime.go:675	call upstream: db=employees_0000, sql="SELECT TABLE_NAME, INDEX_NAME FROM information_schema.statistics WHERE TABLE_SCHEMA=database() AND TABLE_NAME IN ('student_0018')", args=[]
2022-06-06T15:17:09.971+0800	[35mDEBUG[0m	runtime/runtime.go:675	call upstream: db=employees_0000, sql="INSERT IGNORE INTO `student_0018`(`uid`, `score`, `name`, `nickname`, `gender`, `birth_year`, `id`) VALUES (?, ?, ?, ?, ?, ?, 126951714949431296)", args=[50 3.14 [102 97 107 101 95 110 97 109 101 95 53 48] [102 97 107 101 95 110 105 99 107 110 97 109 101 95 53 48] 1 2022]
2022-06-06T15:17:09.981+0800	[35mDEBUG[0m	executor/redirect.go:312	ComStmtExecute: INSERT IGNORE INTO student(uid,score,name,nickname,gender,birth_year) values (?,?,?,?,?,?)
2022-06-06T15:17:09.981+0800	[35mDEBUG[0m	runtime/runtime.go:675	call upstream: db=employees_0000, sql="SELECT TABLE_NAME, COLUMN_NAME, DATA_TYPE, COLUMN_KEY, EXTRA, COLLATION_NAME, ORDINAL_POSITION FROM information_schema.columns WHERE TABLE_SCHEMA=database() AND TABLE_NAME IN ('student_0019') ORDER BY ORDINAL_POSITION", args=[]
2022-06-06T15:17:09.981+0800	[35mDEBUG[0m	runtime/runtime.go:675	call upstream: db=employees_0000, sql="SELECT TABLE_NAME, INDEX_NAME FROM information_schema.statistics WHERE TABLE_SCHEMA=database() AND TABLE_NAME IN ('student_0019')", args=[]
2022-06-06T15:17:09.982+0800	[35mDEBUG[0m	runtime/runtime.go:675	call upstream: db=employees_0000, sql="INSERT IGNORE INTO `student_0019`(`uid`, `score`, `name`, `nickname`, `gender`, `birth_year`, `id`) VALUES (?, ?, ?, ?, ?, ?, 126951714960965632)", args=[51 3.14 [102 97 107 101 95 110 97 109 101 95 53 49] [102 97 107 101 95 110 105 99 107 110 97 109 101 95 53 49] 1 2022]
2022-06-06T15:17:09.986+0800	[35mDEBUG[0m	executor/redirect.go:312	ComStmtExecute: INSERT IGNORE INTO student(uid,score,name,nickname,gender,birth_year) values (?,?,?,?,?,?)
2022-06-06T15:17:09.986+0800	[35mDEBUG[0m	runtime/runtime.go:675	call upstream: db=employees_0000, sql="SELECT TABLE_NAME, COLUMN_NAME, DATA_TYPE, COLUMN_KEY, EXTRA, COLLATION_NAME, ORDINAL_POSITION FROM information_schema.columns WHERE TABLE_SCHEMA=database() AND TABLE_NAME IN ('student_0020') ORDER BY ORDINAL_POSITION", args=[]
2022-06-06T15:17:09.987+0800	[35mDEBUG[0m	runtime/runtime.go:675	call upstream: db=employees_0000, sql="SELECT TABLE_NAME, INDEX_NAME FROM information_schema.statistics WHERE TABLE_SCHEMA=database() AND TABLE_NAME IN ('student_0020')", args=[]
2022-06-06T15:17:09.987+0800	[35mDEBUG[0m	runtime/runtime.go:675	call upstream: db=employees_0000, sql="INSERT IGNORE INTO `student_0020`(`uid`, `score`, `name`, `nickname`, `gender`, `birth_year`, `id`) VALUES (?, ?, ?, ?, ?, ?, 126951714966208512)", args=[52 3.14 [102 97 107 101 95 110 97 109 101 95 53 50] [102 97 107 101 95 110 105 99 107 110 97 109 101 95 53 50] 1 2022]
2022-06-06T15:17:09.991+0800	[35mDEBUG[0m	executor/redirect.go:312	ComStmtExecute: INSERT IGNORE INTO student(uid,score,name,nickname,gender,birth_year) values (?,?,?,?,?,?)
2022-06-06T15:17:09.991+0800	[35mDEBUG[0m	runtime/runtime.go:675	call upstream: db=employees_0000, sql="SELECT TABLE_NAME, COLUMN_NAME, DATA_TYPE, COLUMN_KEY, EXTRA, COLLATION_NAME, ORDINAL_POSITION FROM information_schema.columns WHERE TABLE_SCHEMA=database() AND TABLE_NAME IN ('student_0021') ORDER BY ORDINAL_POSITION", args=[]
2022-06-06T15:17:09.992+0800	[35mDEBUG[0m	runtime/runtime.go:675	call upstream: db=employees_0000, sql="SELECT TABLE_NAME, INDEX_NAME FROM information_schema.statistics WHERE TABLE_SCHEMA=database() AND TABLE_NAME IN ('student_0021')", args=[]
2022-06-06T15:17:09.992+0800	[35mDEBUG[0m	runtime/runtime.go:675	call upstream: db=employees_0000, sql="INSERT IGNORE INTO `student_0021`(`uid`, `score`, `name`, `nickname`, `gender`, `birth_year`, `id`) VALUES (?, ?, ?, ?, ?, ?, 126951714971451392)", args=[53 3.14 [102 97 107 101 95 110 97 109 101 95 53 51] [102 97 107 101 95 110 105 99 107 110 97 109 101 95 53 51] 1 2022]
2022-06-06T15:17:09.997+0800	[35mDEBUG[0m	executor/redirect.go:312	ComStmtExecute: INSERT IGNORE INTO student(uid,score,name,nickname,gender,birth_year) values (?,?,?,?,?,?)
2022-06-06T15:17:09.997+0800	[35mDEBUG[0m	runtime/runtime.go:675	call upstream: db=employees_0000, sql="SELECT TABLE_NAME, COLUMN_NAME, DATA_TYPE, COLUMN_KEY, EXTRA, COLLATION_NAME, ORDINAL_POSITION FROM information_schema.columns WHERE TABLE_SCHEMA=database() AND TABLE_NAME IN ('student_0022') ORDER BY ORDINAL_POSITION", args=[]
2022-06-06T15:17:09.997+0800	[35mDEBUG[0m	runtime/runtime.go:675	call upstream: db=employees_0000, sql="SELECT TABLE_NAME, INDEX_NAME FROM information_schema.statistics WHERE TABLE_SCHEMA=database() AND TABLE_NAME IN ('student_0022')", args=[]
2022-06-06T15:17:09.998+0800	[35mDEBUG[0m	runtime/runtime.go:675	call upstream: db=employees_0000, sql="INSERT IGNORE INTO `student_0022`(`uid`, `score`, `name`, `nickname`, `gender`, `birth_year`, `id`) VALUES (?, ?, ?, ?, ?, ?, 126951714977742848)", args=[54 3.14 [102 97 107 101 95 110 97 109 101 95 53 52] [102 97 107 101 95 110 105 99 107 110 97 109 101 95 53 52] 1 2022]
2022-06-06T15:17:10.003+0800	[35mDEBUG[0m	executor/redirect.go:312	ComStmtExecute: INSERT IGNORE INTO student(uid,score,name,nickname,gender,birth_year) values (?,?,?,?,?,?)
2022-06-06T15:17:10.003+0800	[35mDEBUG[0m	runtime/runtime.go:675	call upstream: db=employees_0000, sql="SELECT TABLE_NAME, COLUMN_NAME, DATA_TYPE, COLUMN_KEY, EXTRA, COLLATION_NAME, ORDINAL_POSITION FROM information_schema.columns WHERE TABLE_SCHEMA=database() AND TABLE_NAME IN ('student_0023') ORDER BY ORDINAL_POSITION", args=[]
2022-06-06T15:17:10.004+0800	[35mDEBUG[0m	runtime/runtime.go:675	call upstream: db=employees_0000, sql="SELECT TABLE_NAME, INDEX_NAME FROM information_schema.statistics WHERE TABLE_SCHEMA=database() AND TABLE_NAME IN ('student_0023')", args=[]
2022-06-06T15:17:10.005+0800	[35mDEBUG[0m	runtime/runtime.go:675	call upstream: db=employees_0000, sql="INSERT IGNORE INTO `student_0023`(`uid`, `score`, `name`, `nickname`, `gender`, `birth_year`, `id`) VALUES (?, ?, ?, ?, ?, ?, 126951714985082880)", args=[55 3.14 [102 97 107 101 95 110 97 109 101 95 53 53] [102 97 107 101 95 110 105 99 107 110 97 109 101 95 53 53] 1 2022]
2022-06-06T15:17:10.010+0800	[35mDEBUG[0m	executor/redirect.go:312	ComStmtExecute: INSERT IGNORE INTO student(uid,score,name,nickname,gender,birth_year) values (?,?,?,?,?,?)
2022-06-06T15:17:10.010+0800	[35mDEBUG[0m	runtime/runtime.go:675	call upstream: db=employees_0000, sql="SELECT TABLE_NAME, COLUMN_NAME, DATA_TYPE, COLUMN_KEY, EXTRA, COLLATION_NAME, ORDINAL_POSITION FROM information_schema.columns WHERE TABLE_SCHEMA=database() AND TABLE_NAME IN ('student_0024') ORDER BY ORDINAL_POSITION", args=[]
2022-06-06T15:17:10.011+0800	[35mDEBUG[0m	runtime/runtime.go:675	call upstream: db=employees_0000, sql="SELECT TABLE_NAME, INDEX_NAME FROM information_schema.statistics WHERE TABLE_SCHEMA=database() AND TABLE_NAME IN ('student_0024')", args=[]
2022-06-06T15:17:10.012+0800	[35mDEBUG[0m	runtime/runtime.go:675	call upstream: db=employees_0000, sql="INSERT IGNORE INTO `student_0024`(`uid`, `score`, `name`, `nickname`, `gender`, `birth_year`, `id`) VALUES (?, ?, ?, ?, ?, ?, 126951714992422912)", args=[56 3.14 [102 97 107 101 95 110 97 109 101 95 53 54] [102 97 107 101 95 110 105 99 107 110 97 109 101 95 53 54] 1 2022]
2022-06-06T15:17:10.017+0800	[35mDEBUG[0m	executor/redirect.go:312	ComStmtExecute: INSERT IGNORE INTO student(uid,score,name,nickname,gender,birth_year) values (?,?,?,?,?,?)
2022-06-06T15:17:10.017+0800	[35mDEBUG[0m	runtime/runtime.go:675	call upstream: db=employees_0000, sql="SELECT TABLE_NAME, COLUMN_NAME, DATA_TYPE, COLUMN_KEY, EXTRA, COLLATION_NAME, ORDINAL_POSITION FROM information_schema.columns WHERE TABLE_SCHEMA=database() AND TABLE_NAME IN ('student_0025') ORDER BY ORDINAL_POSITION", args=[]
2022-06-06T15:17:10.019+0800	[35mDEBUG[0m	runtime/runtime.go:675	call upstream: db=employees_0000, sql="SELECT TABLE_NAME, INDEX_NAME FROM information_schema.statistics WHERE TABLE_SCHEMA=database() AND TABLE_NAME IN ('student_0025')", args=[]
2022-06-06T15:17:10.020+0800	[35mDEBUG[0m	runtime/runtime.go:675	call upstream: db=employees_0000, sql="INSERT IGNORE INTO `student_0025`(`uid`, `score`, `name`, `nickname`, `gender`, `birth_year`, `id`) VALUES (?, ?, ?, ?, ?, ?, 126951715000811520)", args=[57 3.14 [102 97 107 101 95 110 97 109 101 95 53 55] [102 97 107 101 95 110 105 99 107 110 97 109 101 95 53 55] 1 2022]
2022-06-06T15:17:10.023+0800	[35mDEBUG[0m	executor/redirect.go:312	ComStmtExecute: INSERT IGNORE INTO student(uid,score,name,nickname,gender,birth_year) values (?,?,?,?,?,?)
2022-06-06T15:17:10.023+0800	[35mDEBUG[0m	runtime/runtime.go:675	call upstream: db=employees_0000, sql="SELECT TABLE_NAME, COLUMN_NAME, DATA_TYPE, COLUMN_KEY, EXTRA, COLLATION_NAME, ORDINAL_POSITION FROM information_schema.columns WHERE TABLE_SCHEMA=database() AND TABLE_NAME IN ('student_0026') ORDER BY ORDINAL_POSITION", args=[]
2022-06-06T15:17:10.024+0800	[35mDEBUG[0m	runtime/runtime.go:675	call upstream: db=employees_0000, sql="SELECT TABLE_NAME, INDEX_NAME FROM information_schema.statistics WHERE TABLE_SCHEMA=database() AND TABLE_NAME IN ('student_0026')", args=[]
2022-06-06T15:17:10.025+0800	[35mDEBUG[0m	runtime/runtime.go:675	call upstream: db=employees_0000, sql="INSERT IGNORE INTO `student_0026`(`uid`, `score`, `name`, `nickname`, `gender`, `birth_year`, `id`) VALUES (?, ?, ?, ?, ?, ?, 126951715006054400)", args=[58 3.14 [102 97 107 101 95 110 97 109 101 95 53 56] [102 97 107 101 95 110 105 99 107 110 97 109 101 95 53 56] 1 2022]
2022-06-06T15:17:10.033+0800	[35mDEBUG[0m	executor/redirect.go:312	ComStmtExecute: INSERT IGNORE INTO student(uid,score,name,nickname,gender,birth_year) values (?,?,?,?,?,?)
2022-06-06T15:17:10.033+0800	[35mDEBUG[0m	runtime/runtime.go:675	call upstream: db=employees_0000, sql="SELECT TABLE_NAME, COLUMN_NAME, DATA_TYPE, COLUMN_KEY, EXTRA, COLLATION_NAME, ORDINAL_POSITION FROM information_schema.columns WHERE TABLE_SCHEMA=database() AND TABLE_NAME IN ('student_0027') ORDER BY ORDINAL_POSITION", args=[]
2022-06-06T15:17:10.033+0800	[35mDEBUG[0m	runtime/runtime.go:675	call upstream: db=employees_0000, sql="SELECT TABLE_NAME, INDEX_NAME FROM information_schema.statistics WHERE TABLE_SCHEMA=database() AND TABLE_NAME IN ('student_0027')", args=[]
2022-06-06T15:17:10.034+0800	[35mDEBUG[0m	runtime/runtime.go:675	call upstream: db=employees_0000, sql="INSERT IGNORE INTO `student_0027`(`uid`, `score`, `name`, `nickname`, `gender`, `birth_year`, `id`) VALUES (?, ?, ?, ?, ?, ?, 126951715015491584)", args=[59 3.14 [102 97 107 101 95 110 97 109 101 95 53 57] [102 97 107 101 95 110 105 99 107 110 97 109 101 95 53 57] 1 2022]
2022-06-06T15:17:10.039+0800	[35mDEBUG[0m	executor/redirect.go:312	ComStmtExecute: INSERT IGNORE INTO student(uid,score,name,nickname,gender,birth_year) values (?,?,?,?,?,?)
2022-06-06T15:17:10.039+0800	[35mDEBUG[0m	runtime/runtime.go:675	call upstream: db=employees_0000, sql="SELECT TABLE_NAME, COLUMN_NAME, DATA_TYPE, COLUMN_KEY, EXTRA, COLLATION_NAME, ORDINAL_POSITION FROM information_schema.columns WHERE TABLE_SCHEMA=database() AND TABLE_NAME IN ('student_0028') ORDER BY ORDINAL_POSITION", args=[]
2022-06-06T15:17:10.040+0800	[35mDEBUG[0m	runtime/runtime.go:675	call upstream: db=employees_0000, sql="SELECT TABLE_NAME, INDEX_NAME FROM information_schema.statistics WHERE TABLE_SCHEMA=database() AND TABLE_NAME IN ('student_0028')", args=[]
2022-06-06T15:17:10.041+0800	[35mDEBUG[0m	runtime/runtime.go:675	call upstream: db=employees_0000, sql="INSERT IGNORE INTO `student_0028`(`uid`, `score`, `name`, `nickname`, `gender`, `birth_year`, `id`) VALUES (?, ?, ?, ?, ?, ?, 126951715022831616)", args=[60 3.14 [102 97 107 101 95 110 97 109 101 95 54 48] [102 97 107 101 95 110 105 99 107 110 97 109 101 95 54 48] 1 2022]
2022-06-06T15:17:10.047+0800	[35mDEBUG[0m	executor/redirect.go:312	ComStmtExecute: INSERT IGNORE INTO student(uid,score,name,nickname,gender,birth_year) values (?,?,?,?,?,?)
2022-06-06T15:17:10.047+0800	[35mDEBUG[0m	runtime/runtime.go:675	call upstream: db=employees_0000, sql="SELECT TABLE_NAME, COLUMN_NAME, DATA_TYPE, COLUMN_KEY, EXTRA, COLLATION_NAME, ORDINAL_POSITION FROM information_schema.columns WHERE TABLE_SCHEMA=database() AND TABLE_NAME IN ('student_0029') ORDER BY ORDINAL_POSITION", args=[]
2022-06-06T15:17:10.047+0800	[35mDEBUG[0m	runtime/runtime.go:675	call upstream: db=employees_0000, sql="SELECT TABLE_NAME, INDEX_NAME FROM information_schema.statistics WHERE TABLE_SCHEMA=database() AND TABLE_NAME IN ('student_0029')", args=[]
2022-06-06T15:17:10.048+0800	[35mDEBUG[0m	runtime/runtime.go:675	call upstream: db=employees_0000, sql="INSERT IGNORE INTO `student_0029`(`uid`, `score`, `name`, `nickname`, `gender`, `birth_year`, `id`) VALUES (?, ?, ?, ?, ?, ?, 126951715030171648)", args=[61 3.14 [102 97 107 101 95 110 97 109 101 95 54 49] [102 97 107 101 95 110 105 99 107 110 97 109 101 95 54 49] 1 2022]
2022-06-06T15:17:10.054+0800	[35mDEBUG[0m	executor/redirect.go:312	ComStmtExecute: INSERT IGNORE INTO student(uid,score,name,nickname,gender,birth_year) values (?,?,?,?,?,?)
2022-06-06T15:17:10.054+0800	[35mDEBUG[0m	runtime/runtime.go:675	call upstream: db=employees_0000, sql="SELECT TABLE_NAME, COLUMN_NAME, DATA_TYPE, COLUMN_KEY, EXTRA, COLLATION_NAME, ORDINAL_POSITION FROM information_schema.columns WHERE TABLE_SCHEMA=database() AND TABLE_NAME IN ('student_0030') ORDER BY ORDINAL_POSITION", args=[]
2022-06-06T15:17:10.055+0800	[35mDEBUG[0m	runtime/runtime.go:675	call upstream: db=employees_0000, sql="SELECT TABLE_NAME, INDEX_NAME FROM information_schema.statistics WHERE TABLE_SCHEMA=database() AND TABLE_NAME IN ('student_0030')", args=[]
2022-06-06T15:17:10.056+0800	[35mDEBUG[0m	runtime/runtime.go:675	call upstream: db=employees_0000, sql="INSERT IGNORE INTO `student_0030`(`uid`, `score`, `name`, `nickname`, `gender`, `birth_year`, `id`) VALUES (?, ?, ?, ?, ?, ?, 126951715038560256)", args=[62 3.14 [102 97 107 101 95 110 97 109 101 95 54 50] [102 97 107 101 95 110 105 99 107 110 97 109 101 95 54 50] 1 2022]
2022-06-06T15:17:10.060+0800	[35mDEBUG[0m	executor/redirect.go:312	ComStmtExecute: INSERT IGNORE INTO student(uid,score,name,nickname,gender,birth_year) values (?,?,?,?,?,?)
2022-06-06T15:17:10.060+0800	[35mDEBUG[0m	runtime/runtime.go:675	call upstream: db=employees_0000, sql="SELECT TABLE_NAME, COLUMN_NAME, DATA_TYPE, COLUMN_KEY, EXTRA, COLLATION_NAME, ORDINAL_POSITION FROM information_schema.columns WHERE TABLE_SCHEMA=database() AND TABLE_NAME IN ('student_0031') ORDER BY ORDINAL_POSITION", args=[]
2022-06-06T15:17:10.060+0800	[35mDEBUG[0m	runtime/runtime.go:675	call upstream: db=employees_0000, sql="SELECT TABLE_NAME, INDEX_NAME FROM information_schema.statistics WHERE TABLE_SCHEMA=database() AND TABLE_NAME IN ('student_0031')", args=[]
2022-06-06T15:17:10.061+0800	[35mDEBUG[0m	runtime/runtime.go:675	call upstream: db=employees_0000, sql="INSERT IGNORE INTO `student_0031`(`uid`, `score`, `name`, `nickname`, `gender`, `birth_year`, `id`) VALUES (?, ?, ?, ?, ?, ?, 126951715043803136)", args=[63 3.14 [102 97 107 101 95 110 97 109 101 95 54 51] [102 97 107 101 95 110 105 99 107 110 97 109 101 95 54 51] 1 2022]
2022-06-06T15:17:10.065+0800	[35mDEBUG[0m	executor/redirect.go:312	ComStmtExecute: INSERT IGNORE INTO student(uid,score,name,nickname,gender,birth_year) values (?,?,?,?,?,?)
2022-06-06T15:17:10.065+0800	[35mDEBUG[0m	runtime/runtime.go:675	call upstream: db=employees_0000, sql="SELECT TABLE_NAME, COLUMN_NAME, DATA_TYPE, COLUMN_KEY, EXTRA, COLLATION_NAME, ORDINAL_POSITION FROM information_schema.columns WHERE TABLE_SCHEMA=database() AND TABLE_NAME IN ('student_0000') ORDER BY ORDINAL_POSITION", args=[]
2022-06-06T15:17:10.066+0800	[35mDEBUG[0m	runtime/runtime.go:675	call upstream: db=employees_0000, sql="SELECT TABLE_NAME, INDEX_NAME FROM information_schema.statistics WHERE TABLE_SCHEMA=database() AND TABLE_NAME IN ('student_0000')", args=[]
2022-06-06T15:17:10.067+0800	[35mDEBUG[0m	runtime/runtime.go:675	call upstream: db=employees_0000, sql="INSERT IGNORE INTO `student_0000`(`uid`, `score`, `name`, `nickname`, `gender`, `birth_year`, `id`) VALUES (?, ?, ?, ?, ?, ?, 126951715050094592)", args=[64 3.14 [102 97 107 101 95 110 97 109 101 95 54 52] [102 97 107 101 95 110 105 99 107 110 97 109 101 95 54 52] 1 2022]
2022-06-06T15:17:10.072+0800	[35mDEBUG[0m	executor/redirect.go:312	ComStmtExecute: INSERT IGNORE INTO student(uid,score,name,nickname,gender,birth_year) values (?,?,?,?,?,?)
2022-06-06T15:17:10.073+0800	[35mDEBUG[0m	runtime/runtime.go:675	call upstream: db=employees_0000, sql="SELECT TABLE_NAME, COLUMN_NAME, DATA_TYPE, COLUMN_KEY, EXTRA, COLLATION_NAME, ORDINAL_POSITION FROM information_schema.columns WHERE TABLE_SCHEMA=database() AND TABLE_NAME IN ('student_0001') ORDER BY ORDINAL_POSITION", args=[]
2022-06-06T15:17:10.073+0800	[35mDEBUG[0m	runtime/runtime.go:675	call upstream: db=employees_0000, sql="SELECT TABLE_NAME, INDEX_NAME FROM information_schema.statistics WHERE TABLE_SCHEMA=database() AND TABLE_NAME IN ('student_0001')", args=[]
2022-06-06T15:17:10.074+0800	[35mDEBUG[0m	runtime/runtime.go:675	call upstream: db=employees_0000, sql="INSERT IGNORE INTO `student_0001`(`uid`, `score`, `name`, `nickname`, `gender`, `birth_year`, `id`) VALUES (?, ?, ?, ?, ?, ?, 126951715057434624)", args=[65 3.14 [102 97 107 101 95 110 97 109 101 95 54 53] [102 97 107 101 95 110 105 99 107 110 97 109 101 95 54 53] 1 2022]
2022-06-06T15:17:10.079+0800	[35mDEBUG[0m	executor/redirect.go:312	ComStmtExecute: INSERT IGNORE INTO student(uid,score,name,nickname,gender,birth_year) values (?,?,?,?,?,?)
2022-06-06T15:17:10.079+0800	[35mDEBUG[0m	runtime/runtime.go:675	call upstream: db=employees_0000, sql="SELECT TABLE_NAME, COLUMN_NAME, DATA_TYPE, COLUMN_KEY, EXTRA, COLLATION_NAME, ORDINAL_POSITION FROM information_schema.columns WHERE TABLE_SCHEMA=database() AND TABLE_NAME IN ('student_0002') ORDER BY ORDINAL_POSITION", args=[]
2022-06-06T15:17:10.080+0800	[35mDEBUG[0m	runtime/runtime.go:675	call upstream: db=employees_0000, sql="SELECT TABLE_NAME, INDEX_NAME FROM information_schema.statistics WHERE TABLE_SCHEMA=database() AND TABLE_NAME IN ('student_0002')", args=[]
2022-06-06T15:17:10.081+0800	[35mDEBUG[0m	runtime/runtime.go:675	call upstream: db=employees_0000, sql="INSERT IGNORE INTO `student_0002`(`uid`, `score`, `name`, `nickname`, `gender`, `birth_year`, `id`) VALUES (?, ?, ?, ?, ?, ?, 126951715064774656)", args=[66 3.14 [102 97 107 101 95 110 97 109 101 95 54 54] [102 97 107 101 95 110 105 99 107 110 97 109 101 95 54 54] 1 2022]
2022-06-06T15:17:10.085+0800	[35mDEBUG[0m	executor/redirect.go:312	ComStmtExecute: INSERT IGNORE INTO student(uid,score,name,nickname,gender,birth_year) values (?,?,?,?,?,?)
2022-06-06T15:17:10.085+0800	[35mDEBUG[0m	runtime/runtime.go:675	call upstream: db=employees_0000, sql="SELECT TABLE_NAME, COLUMN_NAME, DATA_TYPE, COLUMN_KEY, EXTRA, COLLATION_NAME, ORDINAL_POSITION FROM information_schema.columns WHERE TABLE_SCHEMA=database() AND TABLE_NAME IN ('student_0003') ORDER BY ORDINAL_POSITION", args=[]
2022-06-06T15:17:10.086+0800	[35mDEBUG[0m	runtime/runtime.go:675	call upstream: db=employees_0000, sql="SELECT TABLE_NAME, INDEX_NAME FROM information_schema.statistics WHERE TABLE_SCHEMA=database() AND TABLE_NAME IN ('student_0003')", args=[]
2022-06-06T15:17:10.087+0800	[35mDEBUG[0m	runtime/runtime.go:675	call upstream: db=employees_0000, sql="INSERT IGNORE INTO `student_0003`(`uid`, `score`, `name`, `nickname`, `gender`, `birth_year`, `id`) VALUES (?, ?, ?, ?, ?, ?, 126951715071066112)", args=[67 3.14 [102 97 107 101 95 110 97 109 101 95 54 55] [102 97 107 101 95 110 105 99 107 110 97 109 101 95 54 55] 1 2022]
2022-06-06T15:17:10.093+0800	[35mDEBUG[0m	executor/redirect.go:312	ComStmtExecute: INSERT IGNORE INTO student(uid,score,name,nickname,gender,birth_year) values (?,?,?,?,?,?)
2022-06-06T15:17:10.093+0800	[35mDEBUG[0m	runtime/runtime.go:675	call upstream: db=employees_0000, sql="SELECT TABLE_NAME, COLUMN_NAME, DATA_TYPE, COLUMN_KEY, EXTRA, COLLATION_NAME, ORDINAL_POSITION FROM information_schema.columns WHERE TABLE_SCHEMA=database() AND TABLE_NAME IN ('student_0004') ORDER BY ORDINAL_POSITION", args=[]
2022-06-06T15:17:10.093+0800	[35mDEBUG[0m	runtime/runtime.go:675	call upstream: db=employees_0000, sql="SELECT TABLE_NAME, INDEX_NAME FROM information_schema.statistics WHERE TABLE_SCHEMA=database() AND TABLE_NAME IN ('student_0004')", args=[]
2022-06-06T15:17:10.094+0800	[35mDEBUG[0m	runtime/runtime.go:675	call upstream: db=employees_0000, sql="INSERT IGNORE INTO `student_0004`(`uid`, `score`, `name`, `nickname`, `gender`, `birth_year`, `id`) VALUES (?, ?, ?, ?, ?, ?, 126951715078406144)", args=[68 3.14 [102 97 107 101 95 110 97 109 101 95 54 56] [102 97 107 101 95 110 105 99 107 110 97 109 101 95 54 56] 1 2022]
2022-06-06T15:17:10.099+0800	[35mDEBUG[0m	executor/redirect.go:312	ComStmtExecute: INSERT IGNORE INTO student(uid,score,name,nickname,gender,birth_year) values (?,?,?,?,?,?)
2022-06-06T15:17:10.099+0800	[35mDEBUG[0m	runtime/runtime.go:675	call upstream: db=employees_0000, sql="SELECT TABLE_NAME, COLUMN_NAME, DATA_TYPE, COLUMN_KEY, EXTRA, COLLATION_NAME, ORDINAL_POSITION FROM information_schema.columns WHERE TABLE_SCHEMA=database() AND TABLE_NAME IN ('student_0005') ORDER BY ORDINAL_POSITION", args=[]
2022-06-06T15:17:10.099+0800	[35mDEBUG[0m	runtime/runtime.go:675	call upstream: db=employees_0000, sql="SELECT TABLE_NAME, INDEX_NAME FROM information_schema.statistics WHERE TABLE_SCHEMA=database() AND TABLE_NAME IN ('student_0005')", args=[]
2022-06-06T15:17:10.100+0800	[35mDEBUG[0m	runtime/runtime.go:675	call upstream: db=employees_0000, sql="INSERT IGNORE INTO `student_0005`(`uid`, `score`, `name`, `nickname`, `gender`, `birth_year`, `id`) VALUES (?, ?, ?, ?, ?, ?, 126951715084697600)", args=[69 3.14 [102 97 107 101 95 110 97 109 101 95 54 57] [102 97 107 101 95 110 105 99 107 110 97 109 101 95 54 57] 1 2022]
2022-06-06T15:17:10.104+0800	[35mDEBUG[0m	executor/redirect.go:312	ComStmtExecute: INSERT IGNORE INTO student(uid,score,name,nickname,gender,birth_year) values (?,?,?,?,?,?)
2022-06-06T15:17:10.104+0800	[35mDEBUG[0m	runtime/runtime.go:675	call upstream: db=employees_0000, sql="SELECT TABLE_NAME, COLUMN_NAME, DATA_TYPE, COLUMN_KEY, EXTRA, COLLATION_NAME, ORDINAL_POSITION FROM information_schema.columns WHERE TABLE_SCHEMA=database() AND TABLE_NAME IN ('student_0006') ORDER BY ORDINAL_POSITION", args=[]
2022-06-06T15:17:10.105+0800	[35mDEBUG[0m	runtime/runtime.go:675	call upstream: db=employees_0000, sql="SELECT TABLE_NAME, INDEX_NAME FROM information_schema.statistics WHERE TABLE_SCHEMA=database() AND TABLE_NAME IN ('student_0006')", args=[]
2022-06-06T15:17:10.105+0800	[35mDEBUG[0m	runtime/runtime.go:675	call upstream: db=employees_0000, sql="INSERT IGNORE INTO `student_0006`(`uid`, `score`, `name`, `nickname`, `gender`, `birth_year`, `id`) VALUES (?, ?, ?, ?, ?, ?, 126951715089940480)", args=[70 3.14 [102 97 107 101 95 110 97 109 101 95 55 48] [102 97 107 101 95 110 105 99 107 110 97 109 101 95 55 48] 1 2022]
2022-06-06T15:17:10.111+0800	[35mDEBUG[0m	executor/redirect.go:312	ComStmtExecute: INSERT IGNORE INTO student(uid,score,name,nickname,gender,birth_year) values (?,?,?,?,?,?)
2022-06-06T15:17:10.111+0800	[35mDEBUG[0m	runtime/runtime.go:675	call upstream: db=employees_0000, sql="SELECT TABLE_NAME, COLUMN_NAME, DATA_TYPE, COLUMN_KEY, EXTRA, COLLATION_NAME, ORDINAL_POSITION FROM information_schema.columns WHERE TABLE_SCHEMA=database() AND TABLE_NAME IN ('student_0007') ORDER BY ORDINAL_POSITION", args=[]
2022-06-06T15:17:10.112+0800	[35mDEBUG[0m	runtime/runtime.go:675	call upstream: db=employees_0000, sql="SELECT TABLE_NAME, INDEX_NAME FROM information_schema.statistics WHERE TABLE_SCHEMA=database() AND TABLE_NAME IN ('student_0007')", args=[]
2022-06-06T15:17:10.113+0800	[35mDEBUG[0m	runtime/runtime.go:675	call upstream: db=employees_0000, sql="INSERT IGNORE INTO `student_0007`(`uid`, `score`, `name`, `nickname`, `gender`, `birth_year`, `id`) VALUES (?, ?, ?, ?, ?, ?, 126951715098329088)", args=[71 3.14 [102 97 107 101 95 110 97 109 101 95 55 49] [102 97 107 101 95 110 105 99 107 110 97 109 101 95 55 49] 1 2022]
2022-06-06T15:17:10.118+0800	[35mDEBUG[0m	executor/redirect.go:312	ComStmtExecute: INSERT IGNORE INTO student(uid,score,name,nickname,gender,birth_year) values (?,?,?,?,?,?)
2022-06-06T15:17:10.118+0800	[35mDEBUG[0m	runtime/runtime.go:675	call upstream: db=employees_0000, sql="SELECT TABLE_NAME, COLUMN_NAME, DATA_TYPE, COLUMN_KEY, EXTRA, COLLATION_NAME, ORDINAL_POSITION FROM information_schema.columns WHERE TABLE_SCHEMA=database() AND TABLE_NAME IN ('student_0008') ORDER BY ORDINAL_POSITION", args=[]
2022-06-06T15:17:10.118+0800	[35mDEBUG[0m	runtime/runtime.go:675	call upstream: db=employees_0000, sql="SELECT TABLE_NAME, INDEX_NAME FROM information_schema.statistics WHERE TABLE_SCHEMA=database() AND TABLE_NAME IN ('student_0008')", args=[]
2022-06-06T15:17:10.119+0800	[35mDEBUG[0m	runtime/runtime.go:675	call upstream: db=employees_0000, sql="INSERT IGNORE INTO `student_0008`(`uid`, `score`, `name`, `nickname`, `gender`, `birth_year`, `id`) VALUES (?, ?, ?, ?, ?, ?, 126951715104620544)", args=[72 3.14 [102 97 107 101 95 110 97 109 101 95 55 50] [102 97 107 101 95 110 105 99 107 110 97 109 101 95 55 50] 1 2022]
2022-06-06T15:17:10.125+0800	[35mDEBUG[0m	executor/redirect.go:312	ComStmtExecute: INSERT IGNORE INTO student(uid,score,name,nickname,gender,birth_year) values (?,?,?,?,?,?)
2022-06-06T15:17:10.126+0800	[35mDEBUG[0m	runtime/runtime.go:675	call upstream: db=employees_0000, sql="SELECT TABLE_NAME, COLUMN_NAME, DATA_TYPE, COLUMN_KEY, EXTRA, COLLATION_NAME, ORDINAL_POSITION FROM information_schema.columns WHERE TABLE_SCHEMA=database() AND TABLE_NAME IN ('student_0009') ORDER BY ORDINAL_POSITION", args=[]
2022-06-06T15:17:10.126+0800	[35mDEBUG[0m	runtime/runtime.go:675	call upstream: db=employees_0000, sql="SELECT TABLE_NAME, INDEX_NAME FROM information_schema.statistics WHERE TABLE_SCHEMA=database() AND TABLE_NAME IN ('student_0009')", args=[]
2022-06-06T15:17:10.127+0800	[35mDEBUG[0m	runtime/runtime.go:675	call upstream: db=employees_0000, sql="INSERT IGNORE INTO `student_0009`(`uid`, `score`, `name`, `nickname`, `gender`, `birth_year`, `id`) VALUES (?, ?, ?, ?, ?, ?, 126951715113009152)", args=[73 3.14 [102 97 107 101 95 110 97 109 101 95 55 51] [102 97 107 101 95 110 105 99 107 110 97 109 101 95 55 51] 1 2022]
2022-06-06T15:17:10.138+0800	[35mDEBUG[0m	executor/redirect.go:312	ComStmtExecute: INSERT IGNORE INTO student(uid,score,name,nickname,gender,birth_year) values (?,?,?,?,?,?)
2022-06-06T15:17:10.138+0800	[35mDEBUG[0m	runtime/runtime.go:675	call upstream: db=employees_0000, sql="SELECT TABLE_NAME, COLUMN_NAME, DATA_TYPE, COLUMN_KEY, EXTRA, COLLATION_NAME, ORDINAL_POSITION FROM information_schema.columns WHERE TABLE_SCHEMA=database() AND TABLE_NAME IN ('student_0010') ORDER BY ORDINAL_POSITION", args=[]
2022-06-06T15:17:10.138+0800	[35mDEBUG[0m	runtime/runtime.go:675	call upstream: db=employees_0000, sql="SELECT TABLE_NAME, INDEX_NAME FROM information_schema.statistics WHERE TABLE_SCHEMA=database() AND TABLE_NAME IN ('student_0010')", args=[]
2022-06-06T15:17:10.139+0800	[35mDEBUG[0m	runtime/runtime.go:675	call upstream: db=employees_0000, sql="INSERT IGNORE INTO `student_0010`(`uid`, `score`, `name`, `nickname`, `gender`, `birth_year`, `id`) VALUES (?, ?, ?, ?, ?, ?, 126951715125592064)", args=[74 3.14 [102 97 107 101 95 110 97 109 101 95 55 52] [102 97 107 101 95 110 105 99 107 110 97 109 101 95 55 52] 1 2022]
2022-06-06T15:17:10.154+0800	[35mDEBUG[0m	executor/redirect.go:312	ComStmtExecute: INSERT IGNORE INTO student(uid,score,name,nickname,gender,birth_year) values (?,?,?,?,?,?)
2022-06-06T15:17:10.155+0800	[35mDEBUG[0m	runtime/runtime.go:675	call upstream: db=employees_0000, sql="SELECT TABLE_NAME, COLUMN_NAME, DATA_TYPE, COLUMN_KEY, EXTRA, COLLATION_NAME, ORDINAL_POSITION FROM information_schema.columns WHERE TABLE_SCHEMA=database() AND TABLE_NAME IN ('student_0011') ORDER BY ORDINAL_POSITION", args=[]
2022-06-06T15:17:10.155+0800	[35mDEBUG[0m	runtime/runtime.go:675	call upstream: db=employees_0000, sql="SELECT TABLE_NAME, INDEX_NAME FROM information_schema.statistics WHERE TABLE_SCHEMA=database() AND TABLE_NAME IN ('student_0011')", args=[]
2022-06-06T15:17:10.156+0800	[35mDEBUG[0m	runtime/runtime.go:675	call upstream: db=employees_0000, sql="INSERT IGNORE INTO `student_0011`(`uid`, `score`, `name`, `nickname`, `gender`, `birth_year`, `id`) VALUES (?, ?, ?, ?, ?, ?, 126951715143417856)", args=[75 3.14 [102 97 107 101 95 110 97 109 101 95 55 53] [102 97 107 101 95 110 105 99 107 110 97 109 101 95 55 53] 1 2022]
2022-06-06T15:17:10.161+0800	[35mDEBUG[0m	executor/redirect.go:312	ComStmtExecute: INSERT IGNORE INTO student(uid,score,name,nickname,gender,birth_year) values (?,?,?,?,?,?)
2022-06-06T15:17:10.161+0800	[35mDEBUG[0m	runtime/runtime.go:675	call upstream: db=employees_0000, sql="SELECT TABLE_NAME, COLUMN_NAME, DATA_TYPE, COLUMN_KEY, EXTRA, COLLATION_NAME, ORDINAL_POSITION FROM information_schema.columns WHERE TABLE_SCHEMA=database() AND TABLE_NAME IN ('student_0012') ORDER BY ORDINAL_POSITION", args=[]
2022-06-06T15:17:10.162+0800	[35mDEBUG[0m	runtime/runtime.go:675	call upstream: db=employees_0000, sql="SELECT TABLE_NAME, INDEX_NAME FROM information_schema.statistics WHERE TABLE_SCHEMA=database() AND TABLE_NAME IN ('student_0012')", args=[]
2022-06-06T15:17:10.163+0800	[35mDEBUG[0m	runtime/runtime.go:675	call upstream: db=employees_0000, sql="INSERT IGNORE INTO `student_0012`(`uid`, `score`, `name`, `nickname`, `gender`, `birth_year`, `id`) VALUES (?, ?, ?, ?, ?, ?, 126951715149709312)", args=[76 3.14 [102 97 107 101 95 110 97 109 101 95 55 54] [102 97 107 101 95 110 105 99 107 110 97 109 101 95 55 54] 1 2022]
2022-06-06T15:17:10.166+0800	[35mDEBUG[0m	executor/redirect.go:312	ComStmtExecute: INSERT IGNORE INTO student(uid,score,name,nickname,gender,birth_year) values (?,?,?,?,?,?)
2022-06-06T15:17:10.166+0800	[35mDEBUG[0m	runtime/runtime.go:675	call upstream: db=employees_0000, sql="SELECT TABLE_NAME, COLUMN_NAME, DATA_TYPE, COLUMN_KEY, EXTRA, COLLATION_NAME, ORDINAL_POSITION FROM information_schema.columns WHERE TABLE_SCHEMA=database() AND TABLE_NAME IN ('student_0013') ORDER BY ORDINAL_POSITION", args=[]
2022-06-06T15:17:10.167+0800	[35mDEBUG[0m	runtime/runtime.go:675	call upstream: db=employees_0000, sql="SELECT TABLE_NAME, INDEX_NAME FROM information_schema.statistics WHERE TABLE_SCHEMA=database() AND TABLE_NAME IN ('student_0013')", args=[]
2022-06-06T15:17:10.168+0800	[35mDEBUG[0m	runtime/runtime.go:675	call upstream: db=employees_0000, sql="INSERT IGNORE INTO `student_0013`(`uid`, `score`, `name`, `nickname`, `gender`, `birth_year`, `id`) VALUES (?, ?, ?, ?, ?, ?, 126951715156000768)", args=[77 3.14 [102 97 107 101 95 110 97 109 101 95 55 55] [102 97 107 101 95 110 105 99 107 110 97 109 101 95 55 55] 1 2022]
2022-06-06T15:17:10.172+0800	[35mDEBUG[0m	executor/redirect.go:312	ComStmtExecute: INSERT IGNORE INTO student(uid,score,name,nickname,gender,birth_year) values (?,?,?,?,?,?)
2022-06-06T15:17:10.172+0800	[35mDEBUG[0m	runtime/runtime.go:675	call upstream: db=employees_0000, sql="SELECT TABLE_NAME, COLUMN_NAME, DATA_TYPE, COLUMN_KEY, EXTRA, COLLATION_NAME, ORDINAL_POSITION FROM information_schema.columns WHERE TABLE_SCHEMA=database() AND TABLE_NAME IN ('student_0014') ORDER BY ORDINAL_POSITION", args=[]
2022-06-06T15:17:10.172+0800	[35mDEBUG[0m	runtime/runtime.go:675	call upstream: db=employees_0000, sql="SELECT TABLE_NAME, INDEX_NAME FROM information_schema.statistics WHERE TABLE_SCHEMA=database() AND TABLE_NAME IN ('student_0014')", args=[]
2022-06-06T15:17:10.173+0800	[35mDEBUG[0m	runtime/runtime.go:675	call upstream: db=employees_0000, sql="INSERT IGNORE INTO `student_0014`(`uid`, `score`, `name`, `nickname`, `gender`, `birth_year`, `id`) VALUES (?, ?, ?, ?, ?, ?, 126951715161243648)", args=[78 3.14 [102 97 107 101 95 110 97 109 101 95 55 56] [102 97 107 101 95 110 105 99 107 110 97 109 101 95 55 56] 1 2022]
2022-06-06T15:17:10.200+0800	[35mDEBUG[0m	executor/redirect.go:312	ComStmtExecute: INSERT IGNORE INTO student(uid,score,name,nickname,gender,birth_year) values (?,?,?,?,?,?)
2022-06-06T15:17:10.200+0800	[35mDEBUG[0m	runtime/runtime.go:675	call upstream: db=employees_0000, sql="SELECT TABLE_NAME, COLUMN_NAME, DATA_TYPE, COLUMN_KEY, EXTRA, COLLATION_NAME, ORDINAL_POSITION FROM information_schema.columns WHERE TABLE_SCHEMA=database() AND TABLE_NAME IN ('student_0015') ORDER BY ORDINAL_POSITION", args=[]
2022-06-06T15:17:10.201+0800	[35mDEBUG[0m	runtime/runtime.go:675	call upstream: db=employees_0000, sql="SELECT TABLE_NAME, INDEX_NAME FROM information_schema.statistics WHERE TABLE_SCHEMA=database() AND TABLE_NAME IN ('student_0015')", args=[]
2022-06-06T15:17:10.202+0800	[35mDEBUG[0m	runtime/runtime.go:675	call upstream: db=employees_0000, sql="INSERT IGNORE INTO `student_0015`(`uid`, `score`, `name`, `nickname`, `gender`, `birth_year`, `id`) VALUES (?, ?, ?, ?, ?, ?, 126951715191652352)", args=[79 3.14 [102 97 107 101 95 110 97 109 101 95 55 57] [102 97 107 101 95 110 105 99 107 110 97 109 101 95 55 57] 1 2022]
2022-06-06T15:17:10.210+0800	[35mDEBUG[0m	executor/redirect.go:312	ComStmtExecute: INSERT IGNORE INTO student(uid,score,name,nickname,gender,birth_year) values (?,?,?,?,?,?)
2022-06-06T15:17:10.210+0800	[35mDEBUG[0m	runtime/runtime.go:675	call upstream: db=employees_0000, sql="SELECT TABLE_NAME, COLUMN_NAME, DATA_TYPE, COLUMN_KEY, EXTRA, COLLATION_NAME, ORDINAL_POSITION FROM information_schema.columns WHERE TABLE_SCHEMA=database() AND TABLE_NAME IN ('student_0016') ORDER BY ORDINAL_POSITION", args=[]
2022-06-06T15:17:10.211+0800	[35mDEBUG[0m	runtime/runtime.go:675	call upstream: db=employees_0000, sql="SELECT TABLE_NAME, INDEX_NAME FROM information_schema.statistics WHERE TABLE_SCHEMA=database() AND TABLE_NAME IN ('student_0016')", args=[]
2022-06-06T15:17:10.212+0800	[35mDEBUG[0m	runtime/runtime.go:675	call upstream: db=employees_0000, sql="INSERT IGNORE INTO `student_0016`(`uid`, `score`, `name`, `nickname`, `gender`, `birth_year`, `id`) VALUES (?, ?, ?, ?, ?, ?, 126951715202138112)", args=[80 3.14 [102 97 107 101 95 110 97 109 101 95 56 48] [102 97 107 101 95 110 105 99 107 110 97 109 101 95 56 48] 1 2022]
2022-06-06T15:17:10.218+0800	[35mDEBUG[0m	executor/redirect.go:312	ComStmtExecute: INSERT IGNORE INTO student(uid,score,name,nickname,gender,birth_year) values (?,?,?,?,?,?)
2022-06-06T15:17:10.218+0800	[35mDEBUG[0m	runtime/runtime.go:675	call upstream: db=employees_0000, sql="SELECT TABLE_NAME, COLUMN_NAME, DATA_TYPE, COLUMN_KEY, EXTRA, COLLATION_NAME, ORDINAL_POSITION FROM information_schema.columns WHERE TABLE_SCHEMA=database() AND TABLE_NAME IN ('student_0017') ORDER BY ORDINAL_POSITION", args=[]
2022-06-06T15:17:10.220+0800	[35mDEBUG[0m	runtime/runtime.go:675	call upstream: db=employees_0000, sql="SELECT TABLE_NAME, INDEX_NAME FROM information_schema.statistics WHERE TABLE_SCHEMA=database() AND TABLE_NAME IN ('student_0017')", args=[]
2022-06-06T15:17:10.220+0800	[35mDEBUG[0m	runtime/runtime.go:675	call upstream: db=employees_0000, sql="INSERT IGNORE INTO `student_0017`(`uid`, `score`, `name`, `nickname`, `gender`, `birth_year`, `id`) VALUES (?, ?, ?, ?, ?, ?, 126951715210526720)", args=[81 3.14 [102 97 107 101 95 110 97 109 101 95 56 49] [102 97 107 101 95 110 105 99 107 110 97 109 101 95 56 49] 1 2022]
2022-06-06T15:17:10.227+0800	[35mDEBUG[0m	executor/redirect.go:312	ComStmtExecute: INSERT IGNORE INTO student(uid,score,name,nickname,gender,birth_year) values (?,?,?,?,?,?)
2022-06-06T15:17:10.227+0800	[35mDEBUG[0m	runtime/runtime.go:675	call upstream: db=employees_0000, sql="SELECT TABLE_NAME, COLUMN_NAME, DATA_TYPE, COLUMN_KEY, EXTRA, COLLATION_NAME, ORDINAL_POSITION FROM information_schema.columns WHERE TABLE_SCHEMA=database() AND TABLE_NAME IN ('student_0018') ORDER BY ORDINAL_POSITION", args=[]
2022-06-06T15:17:10.228+0800	[35mDEBUG[0m	runtime/runtime.go:675	call upstream: db=employees_0000, sql="SELECT TABLE_NAME, INDEX_NAME FROM information_schema.statistics WHERE TABLE_SCHEMA=database() AND TABLE_NAME IN ('student_0018')", args=[]
2022-06-06T15:17:10.229+0800	[35mDEBUG[0m	runtime/runtime.go:675	call upstream: db=employees_0000, sql="INSERT IGNORE INTO `student_0018`(`uid`, `score`, `name`, `nickname`, `gender`, `birth_year`, `id`) VALUES (?, ?, ?, ?, ?, ?, 126951715219963904)", args=[82 3.14 [102 97 107 101 95 110 97 109 101 95 56 50] [102 97 107 101 95 110 105 99 107 110 97 109 101 95 56 50] 1 2022]
2022-06-06T15:17:10.235+0800	[35mDEBUG[0m	executor/redirect.go:312	ComStmtExecute: INSERT IGNORE INTO student(uid,score,name,nickname,gender,birth_year) values (?,?,?,?,?,?)
2022-06-06T15:17:10.235+0800	[35mDEBUG[0m	runtime/runtime.go:675	call upstream: db=employees_0000, sql="SELECT TABLE_NAME, COLUMN_NAME, DATA_TYPE, COLUMN_KEY, EXTRA, COLLATION_NAME, ORDINAL_POSITION FROM information_schema.columns WHERE TABLE_SCHEMA=database() AND TABLE_NAME IN ('student_0019') ORDER BY ORDINAL_POSITION", args=[]
2022-06-06T15:17:10.235+0800	[35mDEBUG[0m	runtime/runtime.go:675	call upstream: db=employees_0000, sql="SELECT TABLE_NAME, INDEX_NAME FROM information_schema.statistics WHERE TABLE_SCHEMA=database() AND TABLE_NAME IN ('student_0019')", args=[]
2022-06-06T15:17:10.236+0800	[35mDEBUG[0m	runtime/runtime.go:675	call upstream: db=employees_0000, sql="INSERT IGNORE INTO `student_0019`(`uid`, `score`, `name`, `nickname`, `gender`, `birth_year`, `id`) VALUES (?, ?, ?, ?, ?, ?, 126951715227303936)", args=[83 3.14 [102 97 107 101 95 110 97 109 101 95 56 51] [102 97 107 101 95 110 105 99 107 110 97 109 101 95 56 51] 1 2022]
2022-06-06T15:17:10.242+0800	[35mDEBUG[0m	executor/redirect.go:312	ComStmtExecute: INSERT IGNORE INTO student(uid,score,name,nickname,gender,birth_year) values (?,?,?,?,?,?)
2022-06-06T15:17:10.242+0800	[35mDEBUG[0m	runtime/runtime.go:675	call upstream: db=employees_0000, sql="SELECT TABLE_NAME, COLUMN_NAME, DATA_TYPE, COLUMN_KEY, EXTRA, COLLATION_NAME, ORDINAL_POSITION FROM information_schema.columns WHERE TABLE_SCHEMA=database() AND TABLE_NAME IN ('student_0020') ORDER BY ORDINAL_POSITION", args=[]
2022-06-06T15:17:10.243+0800	[35mDEBUG[0m	runtime/runtime.go:675	call upstream: db=employees_0000, sql="SELECT TABLE_NAME, INDEX_NAME FROM information_schema.statistics WHERE TABLE_SCHEMA=database() AND TABLE_NAME IN ('student_0020')", args=[]
2022-06-06T15:17:10.243+0800	[35mDEBUG[0m	runtime/runtime.go:675	call upstream: db=employees_0000, sql="INSERT IGNORE INTO `student_0020`(`uid`, `score`, `name`, `nickname`, `gender`, `birth_year`, `id`) VALUES (?, ?, ?, ?, ?, ?, 126951715234643968)", args=[84 3.14 [102 97 107 101 95 110 97 109 101 95 56 52] [102 97 107 101 95 110 105 99 107 110 97 109 101 95 56 52] 1 2022]
2022-06-06T15:17:10.251+0800	[35mDEBUG[0m	executor/redirect.go:312	ComStmtExecute: INSERT IGNORE INTO student(uid,score,name,nickname,gender,birth_year) values (?,?,?,?,?,?)
2022-06-06T15:17:10.252+0800	[35mDEBUG[0m	runtime/runtime.go:675	call upstream: db=employees_0000, sql="SELECT TABLE_NAME, COLUMN_NAME, DATA_TYPE, COLUMN_KEY, EXTRA, COLLATION_NAME, ORDINAL_POSITION FROM information_schema.columns WHERE TABLE_SCHEMA=database() AND TABLE_NAME IN ('student_0021') ORDER BY ORDINAL_POSITION", args=[]
2022-06-06T15:17:10.252+0800	[35mDEBUG[0m	runtime/runtime.go:675	call upstream: db=employees_0000, sql="SELECT TABLE_NAME, INDEX_NAME FROM information_schema.statistics WHERE TABLE_SCHEMA=database() AND TABLE_NAME IN ('student_0021')", args=[]
2022-06-06T15:17:10.253+0800	[35mDEBUG[0m	runtime/runtime.go:675	call upstream: db=employees_0000, sql="INSERT IGNORE INTO `student_0021`(`uid`, `score`, `name`, `nickname`, `gender`, `birth_year`, `id`) VALUES (?, ?, ?, ?, ?, ?, 126951715245129728)", args=[85 3.14 [102 97 107 101 95 110 97 109 101 95 56 53] [102 97 107 101 95 110 105 99 107 110 97 109 101 95 56 53] 1 2022]
2022-06-06T15:17:10.258+0800	[35mDEBUG[0m	executor/redirect.go:312	ComStmtExecute: INSERT IGNORE INTO student(uid,score,name,nickname,gender,birth_year) values (?,?,?,?,?,?)
2022-06-06T15:17:10.258+0800	[35mDEBUG[0m	runtime/runtime.go:675	call upstream: db=employees_0000, sql="SELECT TABLE_NAME, COLUMN_NAME, DATA_TYPE, COLUMN_KEY, EXTRA, COLLATION_NAME, ORDINAL_POSITION FROM information_schema.columns WHERE TABLE_SCHEMA=database() AND TABLE_NAME IN ('student_0022') ORDER BY ORDINAL_POSITION", args=[]
2022-06-06T15:17:10.259+0800	[35mDEBUG[0m	runtime/runtime.go:675	call upstream: db=employees_0000, sql="SELECT TABLE_NAME, INDEX_NAME FROM information_schema.statistics WHERE TABLE_SCHEMA=database() AND TABLE_NAME IN ('student_0022')", args=[]
2022-06-06T15:17:10.260+0800	[35mDEBUG[0m	runtime/runtime.go:675	call upstream: db=employees_0000, sql="INSERT IGNORE INTO `student_0022`(`uid`, `score`, `name`, `nickname`, `gender`, `birth_year`, `id`) VALUES (?, ?, ?, ?, ?, ?, 126951715252469760)", args=[86 3.14 [102 97 107 101 95 110 97 109 101 95 56 54] [102 97 107 101 95 110 105 99 107 110 97 109 101 95 56 54] 1 2022]
2022-06-06T15:17:10.271+0800	[35mDEBUG[0m	executor/redirect.go:312	ComStmtExecute: INSERT IGNORE INTO student(uid,score,name,nickname,gender,birth_year) values (?,?,?,?,?,?)
2022-06-06T15:17:10.271+0800	[35mDEBUG[0m	runtime/runtime.go:675	call upstream: db=employees_0000, sql="SELECT TABLE_NAME, COLUMN_NAME, DATA_TYPE, COLUMN_KEY, EXTRA, COLLATION_NAME, ORDINAL_POSITION FROM information_schema.columns WHERE TABLE_SCHEMA=database() AND TABLE_NAME IN ('student_0023') ORDER BY ORDINAL_POSITION", args=[]
2022-06-06T15:17:10.271+0800	[35mDEBUG[0m	runtime/runtime.go:675	call upstream: db=employees_0000, sql="SELECT TABLE_NAME, INDEX_NAME FROM information_schema.statistics WHERE TABLE_SCHEMA=database() AND TABLE_NAME IN ('student_0023')", args=[]
2022-06-06T15:17:10.272+0800	[35mDEBUG[0m	runtime/runtime.go:675	call upstream: db=employees_0000, sql="INSERT IGNORE INTO `student_0023`(`uid`, `score`, `name`, `nickname`, `gender`, `birth_year`, `id`) VALUES (?, ?, ?, ?, ?, ?, 126951715265052672)", args=[87 3.14 [102 97 107 101 95 110 97 109 101 95 56 55] [102 97 107 101 95 110 105 99 107 110 97 109 101 95 56 55] 1 2022]
2022-06-06T15:17:10.280+0800	[35mDEBUG[0m	executor/redirect.go:312	ComStmtExecute: INSERT IGNORE INTO student(uid,score,name,nickname,gender,birth_year) values (?,?,?,?,?,?)
2022-06-06T15:17:10.280+0800	[35mDEBUG[0m	runtime/runtime.go:675	call upstream: db=employees_0000, sql="SELECT TABLE_NAME, COLUMN_NAME, DATA_TYPE, COLUMN_KEY, EXTRA, COLLATION_NAME, ORDINAL_POSITION FROM information_schema.columns WHERE TABLE_SCHEMA=database() AND TABLE_NAME IN ('student_0024') ORDER BY ORDINAL_POSITION", args=[]
2022-06-06T15:17:10.281+0800	[35mDEBUG[0m	runtime/runtime.go:675	call upstream: db=employees_0000, sql="SELECT TABLE_NAME, INDEX_NAME FROM information_schema.statistics WHERE TABLE_SCHEMA=database() AND TABLE_NAME IN ('student_0024')", args=[]
2022-06-06T15:17:10.281+0800	[35mDEBUG[0m	runtime/runtime.go:675	call upstream: db=employees_0000, sql="INSERT IGNORE INTO `student_0024`(`uid`, `score`, `name`, `nickname`, `gender`, `birth_year`, `id`) VALUES (?, ?, ?, ?, ?, ?, 126951715274489856)", args=[88 3.14 [102 97 107 101 95 110 97 109 101 95 56 56] [102 97 107 101 95 110 105 99 107 110 97 109 101 95 56 56] 1 2022]
2022-06-06T15:17:10.289+0800	[35mDEBUG[0m	executor/redirect.go:312	ComStmtExecute: INSERT IGNORE INTO student(uid,score,name,nickname,gender,birth_year) values (?,?,?,?,?,?)
2022-06-06T15:17:10.289+0800	[35mDEBUG[0m	runtime/runtime.go:675	call upstream: db=employees_0000, sql="SELECT TABLE_NAME, COLUMN_NAME, DATA_TYPE, COLUMN_KEY, EXTRA, COLLATION_NAME, ORDINAL_POSITION FROM information_schema.columns WHERE TABLE_SCHEMA=database() AND TABLE_NAME IN ('student_0025') ORDER BY ORDINAL_POSITION", args=[]
2022-06-06T15:17:10.290+0800	[35mDEBUG[0m	runtime/runtime.go:675	call upstream: db=employees_0000, sql="SELECT TABLE_NAME, INDEX_NAME FROM information_schema.statistics WHERE TABLE_SCHEMA=database() AND TABLE_NAME IN ('student_0025')", args=[]
2022-06-06T15:17:10.290+0800	[35mDEBUG[0m	runtime/runtime.go:675	call upstream: db=employees_0000, sql="INSERT IGNORE INTO `student_0025`(`uid`, `score`, `name`, `nickname`, `gender`, `birth_year`, `id`) VALUES (?, ?, ?, ?, ?, ?, 126951715283927040)", args=[89 3.14 [102 97 107 101 95 110 97 109 101 95 56 57] [102 97 107 101 95 110 105 99 107 110 97 109 101 95 56 57] 1 2022]
2022-06-06T15:17:10.298+0800	[35mDEBUG[0m	executor/redirect.go:312	ComStmtExecute: INSERT IGNORE INTO student(uid,score,name,nickname,gender,birth_year) values (?,?,?,?,?,?)
2022-06-06T15:17:10.298+0800	[35mDEBUG[0m	runtime/runtime.go:675	call upstream: db=employees_0000, sql="SELECT TABLE_NAME, COLUMN_NAME, DATA_TYPE, COLUMN_KEY, EXTRA, COLLATION_NAME, ORDINAL_POSITION FROM information_schema.columns WHERE TABLE_SCHEMA=database() AND TABLE_NAME IN ('student_0026') ORDER BY ORDINAL_POSITION", args=[]
2022-06-06T15:17:10.299+0800	[35mDEBUG[0m	runtime/runtime.go:675	call upstream: db=employees_0000, sql="SELECT TABLE_NAME, INDEX_NAME FROM information_schema.statistics WHERE TABLE_SCHEMA=database() AND TABLE_NAME IN ('student_0026')", args=[]
2022-06-06T15:17:10.300+0800	[35mDEBUG[0m	runtime/runtime.go:675	call upstream: db=employees_0000, sql="INSERT IGNORE INTO `student_0026`(`uid`, `score`, `name`, `nickname`, `gender`, `birth_year`, `id`) VALUES (?, ?, ?, ?, ?, ?, 126951715294412800)", args=[90 3.14 [102 97 107 101 95 110 97 109 101 95 57 48] [102 97 107 101 95 110 105 99 107 110 97 109 101 95 57 48] 1 2022]
2022-06-06T15:17:10.305+0800	[35mDEBUG[0m	executor/redirect.go:312	ComStmtExecute: INSERT IGNORE INTO student(uid,score,name,nickname,gender,birth_year) values (?,?,?,?,?,?)
2022-06-06T15:17:10.305+0800	[35mDEBUG[0m	runtime/runtime.go:675	call upstream: db=employees_0000, sql="SELECT TABLE_NAME, COLUMN_NAME, DATA_TYPE, COLUMN_KEY, EXTRA, COLLATION_NAME, ORDINAL_POSITION FROM information_schema.columns WHERE TABLE_SCHEMA=database() AND TABLE_NAME IN ('student_0027') ORDER BY ORDINAL_POSITION", args=[]
2022-06-06T15:17:10.305+0800	[35mDEBUG[0m	runtime/runtime.go:675	call upstream: db=employees_0000, sql="SELECT TABLE_NAME, INDEX_NAME FROM information_schema.statistics WHERE TABLE_SCHEMA=database() AND TABLE_NAME IN ('student_0027')", args=[]
2022-06-06T15:17:10.306+0800	[35mDEBUG[0m	runtime/runtime.go:675	call upstream: db=employees_0000, sql="INSERT IGNORE INTO `student_0027`(`uid`, `score`, `name`, `nickname`, `gender`, `birth_year`, `id`) VALUES (?, ?, ?, ?, ?, ?, 126951715300704256)", args=[91 3.14 [102 97 107 101 95 110 97 109 101 95 57 49] [102 97 107 101 95 110 105 99 107 110 97 109 101 95 57 49] 1 2022]
2022-06-06T15:17:10.316+0800	[35mDEBUG[0m	executor/redirect.go:312	ComStmtExecute: INSERT IGNORE INTO student(uid,score,name,nickname,gender,birth_year) values (?,?,?,?,?,?)
2022-06-06T15:17:10.316+0800	[35mDEBUG[0m	runtime/runtime.go:675	call upstream: db=employees_0000, sql="SELECT TABLE_NAME, COLUMN_NAME, DATA_TYPE, COLUMN_KEY, EXTRA, COLLATION_NAME, ORDINAL_POSITION FROM information_schema.columns WHERE TABLE_SCHEMA=database() AND TABLE_NAME IN ('student_0028') ORDER BY ORDINAL_POSITION", args=[]
2022-06-06T15:17:10.317+0800	[35mDEBUG[0m	runtime/runtime.go:675	call upstream: db=employees_0000, sql="SELECT TABLE_NAME, INDEX_NAME FROM information_schema.statistics WHERE TABLE_SCHEMA=database() AND TABLE_NAME IN ('student_0028')", args=[]
2022-06-06T15:17:10.317+0800	[35mDEBUG[0m	runtime/runtime.go:675	call upstream: db=employees_0000, sql="INSERT IGNORE INTO `student_0028`(`uid`, `score`, `name`, `nickname`, `gender`, `birth_year`, `id`) VALUES (?, ?, ?, ?, ?, ?, 126951715312238592)", args=[92 3.14 [102 97 107 101 95 110 97 109 101 95 57 50] [102 97 107 101 95 110 105 99 107 110 97 109 101 95 57 50] 1 2022]
2022-06-06T15:17:10.322+0800	[35mDEBUG[0m	executor/redirect.go:312	ComStmtExecute: INSERT IGNORE INTO student(uid,score,name,nickname,gender,birth_year) values (?,?,?,?,?,?)
2022-06-06T15:17:10.322+0800	[35mDEBUG[0m	runtime/runtime.go:675	call upstream: db=employees_0000, sql="SELECT TABLE_NAME, COLUMN_NAME, DATA_TYPE, COLUMN_KEY, EXTRA, COLLATION_NAME, ORDINAL_POSITION FROM information_schema.columns WHERE TABLE_SCHEMA=database() AND TABLE_NAME IN ('student_0029') ORDER BY ORDINAL_POSITION", args=[]
2022-06-06T15:17:10.323+0800	[35mDEBUG[0m	runtime/runtime.go:675	call upstream: db=employees_0000, sql="SELECT TABLE_NAME, INDEX_NAME FROM information_schema.statistics WHERE TABLE_SCHEMA=database() AND TABLE_NAME IN ('student_0029')", args=[]
2022-06-06T15:17:10.324+0800	[35mDEBUG[0m	runtime/runtime.go:675	call upstream: db=employees_0000, sql="INSERT IGNORE INTO `student_0029`(`uid`, `score`, `name`, `nickname`, `gender`, `birth_year`, `id`) VALUES (?, ?, ?, ?, ?, ?, 126951715319578624)", args=[93 3.14 [102 97 107 101 95 110 97 109 101 95 57 51] [102 97 107 101 95 110 105 99 107 110 97 109 101 95 57 51] 1 2022]
2022-06-06T15:17:10.331+0800	[35mDEBUG[0m	executor/redirect.go:312	ComStmtExecute: INSERT IGNORE INTO student(uid,score,name,nickname,gender,birth_year) values (?,?,?,?,?,?)
2022-06-06T15:17:10.331+0800	[35mDEBUG[0m	runtime/runtime.go:675	call upstream: db=employees_0000, sql="SELECT TABLE_NAME, COLUMN_NAME, DATA_TYPE, COLUMN_KEY, EXTRA, COLLATION_NAME, ORDINAL_POSITION FROM information_schema.columns WHERE TABLE_SCHEMA=database() AND TABLE_NAME IN ('student_0030') ORDER BY ORDINAL_POSITION", args=[]
2022-06-06T15:17:10.332+0800	[35mDEBUG[0m	runtime/runtime.go:675	call upstream: db=employees_0000, sql="SELECT TABLE_NAME, INDEX_NAME FROM information_schema.statistics WHERE TABLE_SCHEMA=database() AND TABLE_NAME IN ('student_0030')", args=[]
2022-06-06T15:17:10.332+0800	[35mDEBUG[0m	runtime/runtime.go:675	call upstream: db=employees_0000, sql="INSERT IGNORE INTO `student_0030`(`uid`, `score`, `name`, `nickname`, `gender`, `birth_year`, `id`) VALUES (?, ?, ?, ?, ?, ?, 126951715327967232)", args=[94 3.14 [102 97 107 101 95 110 97 109 101 95 57 52] [102 97 107 101 95 110 105 99 107 110 97 109 101 95 57 52] 1 2022]
2022-06-06T15:17:10.345+0800	[35mDEBUG[0m	executor/redirect.go:312	ComStmtExecute: INSERT IGNORE INTO student(uid,score,name,nickname,gender,birth_year) values (?,?,?,?,?,?)
2022-06-06T15:17:10.345+0800	[35mDEBUG[0m	runtime/runtime.go:675	call upstream: db=employees_0000, sql="SELECT TABLE_NAME, COLUMN_NAME, DATA_TYPE, COLUMN_KEY, EXTRA, COLLATION_NAME, ORDINAL_POSITION FROM information_schema.columns WHERE TABLE_SCHEMA=database() AND TABLE_NAME IN ('student_0031') ORDER BY ORDINAL_POSITION", args=[]
2022-06-06T15:17:10.346+0800	[35mDEBUG[0m	runtime/runtime.go:675	call upstream: db=employees_0000, sql="SELECT TABLE_NAME, INDEX_NAME FROM information_schema.statistics WHERE TABLE_SCHEMA=database() AND TABLE_NAME IN ('student_0031')", args=[]
2022-06-06T15:17:10.347+0800	[35mDEBUG[0m	runtime/runtime.go:675	call upstream: db=employees_0000, sql="INSERT IGNORE INTO `student_0031`(`uid`, `score`, `name`, `nickname`, `gender`, `birth_year`, `id`) VALUES (?, ?, ?, ?, ?, ?, 126951715343695872)", args=[95 3.14 [102 97 107 101 95 110 97 109 101 95 57 53] [102 97 107 101 95 110 105 99 107 110 97 109 101 95 57 53] 1 2022]
2022-06-06T15:17:10.352+0800	[35mDEBUG[0m	executor/redirect.go:312	ComStmtExecute: INSERT IGNORE INTO student(uid,score,name,nickname,gender,birth_year) values (?,?,?,?,?,?)
2022-06-06T15:17:10.352+0800	[35mDEBUG[0m	runtime/runtime.go:675	call upstream: db=employees_0000, sql="SELECT TABLE_NAME, COLUMN_NAME, DATA_TYPE, COLUMN_KEY, EXTRA, COLLATION_NAME, ORDINAL_POSITION FROM information_schema.columns WHERE TABLE_SCHEMA=database() AND TABLE_NAME IN ('student_0000') ORDER BY ORDINAL_POSITION", args=[]
2022-06-06T15:17:10.353+0800	[35mDEBUG[0m	runtime/runtime.go:675	call upstream: db=employees_0000, sql="SELECT TABLE_NAME, INDEX_NAME FROM information_schema.statistics WHERE TABLE_SCHEMA=database() AND TABLE_NAME IN ('student_0000')", args=[]
2022-06-06T15:17:10.353+0800	[35mDEBUG[0m	runtime/runtime.go:675	call upstream: db=employees_0000, sql="INSERT IGNORE INTO `student_0000`(`uid`, `score`, `name`, `nickname`, `gender`, `birth_year`, `id`) VALUES (?, ?, ?, ?, ?, ?, 126951715349987328)", args=[96 3.14 [102 97 107 101 95 110 97 109 101 95 57 54] [102 97 107 101 95 110 105 99 107 110 97 109 101 95 57 54] 1 2022]
2022-06-06T15:17:10.358+0800	[35mDEBUG[0m	executor/redirect.go:312	ComStmtExecute: INSERT IGNORE INTO student(uid,score,name,nickname,gender,birth_year) values (?,?,?,?,?,?)
2022-06-06T15:17:10.358+0800	[35mDEBUG[0m	runtime/runtime.go:675	call upstream: db=employees_0000, sql="SELECT TABLE_NAME, COLUMN_NAME, DATA_TYPE, COLUMN_KEY, EXTRA, COLLATION_NAME, ORDINAL_POSITION FROM information_schema.columns WHERE TABLE_SCHEMA=database() AND TABLE_NAME IN ('student_0001') ORDER BY ORDINAL_POSITION", args=[]
2022-06-06T15:17:10.359+0800	[35mDEBUG[0m	runtime/runtime.go:675	call upstream: db=employees_0000, sql="SELECT TABLE_NAME, INDEX_NAME FROM information_schema.statistics WHERE TABLE_SCHEMA=database() AND TABLE_NAME IN ('student_0001')", args=[]
2022-06-06T15:17:10.359+0800	[35mDEBUG[0m	runtime/runtime.go:675	call upstream: db=employees_0000, sql="INSERT IGNORE INTO `student_0001`(`uid`, `score`, `name`, `nickname`, `gender`, `birth_year`, `id`) VALUES (?, ?, ?, ?, ?, ?, 126951715356278784)", args=[97 3.14 [102 97 107 101 95 110 97 109 101 95 57 55] [102 97 107 101 95 110 105 99 107 110 97 109 101 95 57 55] 1 2022]
2022-06-06T15:17:10.363+0800	[35mDEBUG[0m	executor/redirect.go:312	ComStmtExecute: INSERT IGNORE INTO student(uid,score,name,nickname,gender,birth_year) values (?,?,?,?,?,?)
2022-06-06T15:17:10.364+0800	[35mDEBUG[0m	runtime/runtime.go:675	call upstream: db=employees_0000, sql="SELECT TABLE_NAME, COLUMN_NAME, DATA_TYPE, COLUMN_KEY, EXTRA, COLLATION_NAME, ORDINAL_POSITION FROM information_schema.columns WHERE TABLE_SCHEMA=database() AND TABLE_NAME IN ('student_0002') ORDER BY ORDINAL_POSITION", args=[]
2022-06-06T15:17:10.364+0800	[35mDEBUG[0m	runtime/runtime.go:675	call upstream: db=employees_0000, sql="SELECT TABLE_NAME, INDEX_NAME FROM information_schema.statistics WHERE TABLE_SCHEMA=database() AND TABLE_NAME IN ('student_0002')", args=[]
2022-06-06T15:17:10.365+0800	[35mDEBUG[0m	runtime/runtime.go:675	call upstream: db=employees_0000, sql="INSERT IGNORE INTO `student_0002`(`uid`, `score`, `name`, `nickname`, `gender`, `birth_year`, `id`) VALUES (?, ?, ?, ?, ?, ?, 126951715362570240)", args=[98 3.14 [102 97 107 101 95 110 97 109 101 95 57 56] [102 97 107 101 95 110 105 99 107 110 97 109 101 95 57 56] 1 2022]
2022-06-06T15:17:10.370+0800	[35mDEBUG[0m	executor/redirect.go:312	ComStmtExecute: INSERT IGNORE INTO student(uid,score,name,nickname,gender,birth_year) values (?,?,?,?,?,?)
2022-06-06T15:17:10.370+0800	[35mDEBUG[0m	runtime/runtime.go:675	call upstream: db=employees_0000, sql="SELECT TABLE_NAME, COLUMN_NAME, DATA_TYPE, COLUMN_KEY, EXTRA, COLLATION_NAME, ORDINAL_POSITION FROM information_schema.columns WHERE TABLE_SCHEMA=database() AND TABLE_NAME IN ('student_0003') ORDER BY ORDINAL_POSITION", args=[]
2022-06-06T15:17:10.371+0800	[35mDEBUG[0m	runtime/runtime.go:675	call upstream: db=employees_0000, sql="SELECT TABLE_NAME, INDEX_NAME FROM information_schema.statistics WHERE TABLE_SCHEMA=database() AND TABLE_NAME IN ('student_0003')", args=[]
2022-06-06T15:17:10.372+0800	[35mDEBUG[0m	runtime/runtime.go:675	call upstream: db=employees_0000, sql="INSERT IGNORE INTO `student_0003`(`uid`, `score`, `name`, `nickname`, `gender`, `birth_year`, `id`) VALUES (?, ?, ?, ?, ?, ?, 126951715369910272)", args=[99 3.14 [102 97 107 101 95 110 97 109 101 95 57 57] [102 97 107 101 95 110 105 99 107 110 97 109 101 95 57 57] 1 2022]
2022-06-06T15:17:10.376+0800	[35mDEBUG[0m	executor/redirect.go:312	ComStmtExecute: INSERT IGNORE INTO student(uid,score,name,nickname,gender,birth_year) values (?,?,?,?,?,?)
2022-06-06T15:17:10.376+0800	[35mDEBUG[0m	runtime/runtime.go:675	call upstream: db=employees_0000, sql="SELECT TABLE_NAME, COLUMN_NAME, DATA_TYPE, COLUMN_KEY, EXTRA, COLLATION_NAME, ORDINAL_POSITION FROM information_schema.columns WHERE TABLE_SCHEMA=database() AND TABLE_NAME IN ('student_0004') ORDER BY ORDINAL_POSITION", args=[]
2022-06-06T15:17:10.377+0800	[35mDEBUG[0m	runtime/runtime.go:675	call upstream: db=employees_0000, sql="SELECT TABLE_NAME, INDEX_NAME FROM information_schema.statistics WHERE TABLE_SCHEMA=database() AND TABLE_NAME IN ('student_0004')", args=[]
2022-06-06T15:17:10.377+0800	[35mDEBUG[0m	runtime/runtime.go:675	call upstream: db=employees_0000, sql="INSERT IGNORE INTO `student_0004`(`uid`, `score`, `name`, `nickname`, `gender`, `birth_year`, `id`) VALUES (?, ?, ?, ?, ?, ?, 126951715375153152)", args=[100 3.14 [102 97 107 101 95 110 97 109 101 95 49 48 48] [102 97 107 101 95 110 105 99 107 110 97 109 101 95 49 48 48] 1 2022]
=== RUN   TestSuite/TestShardingAgg/Count
2022-06-06T15:17:10.385+0800	[35mDEBUG[0m	executor/redirect.go:146	ComQuery: select count(*) as ttt from student
2022-06-06T15:17:10.385+0800	[35mDEBUG[0m	optimize/optimizer.go:279	compute shards: result=["*"], isFullScan=true
2022-06-06T15:17:10.385+0800	[35mDEBUG[0m	runtime/runtime.go:675	call upstream: db=employees_0000, sql="(SELECT COUNT(1) AS `ttt` FROM `student_0000`) UNION ALL (SELECT COUNT(1) AS `ttt` FROM `student_0001`) UNION ALL (SELECT COUNT(1) AS `ttt` FROM `student_0002`) UNION ALL (SELECT COUNT(1) AS `ttt` FROM `student_0003`) UNION ALL (SELECT COUNT(1) AS `ttt` FROM `student_0004`) UNION ALL (SELECT COUNT(1) AS `ttt` FROM `student_0005`) UNION ALL (SELECT COUNT(1) AS `ttt` FROM `student_0006`) UNION ALL (SELECT COUNT(1) AS `ttt` FROM `student_0007`) UNION ALL (SELECT COUNT(1) AS `ttt` FROM `student_0008`) UNION ALL (SELECT COUNT(1) AS `ttt` FROM `student_0009`) UNION ALL (SELECT COUNT(1) AS `ttt` FROM `student_0010`) UNION ALL (SELECT COUNT(1) AS `ttt` FROM `student_0011`) UNION ALL (SELECT COUNT(1) AS `ttt` FROM `student_0012`) UNION ALL (SELECT COUNT(1) AS `ttt` FROM `student_0013`) UNION ALL (SELECT COUNT(1) AS `ttt` FROM `student_0014`) UNION ALL (SELECT COUNT(1) AS `ttt` FROM `student_0015`) UNION ALL (SELECT COUNT(1) AS `ttt` FROM `student_0016`) UNION ALL (SELECT COUNT(1) AS `ttt` FROM `student_0017`) UNION ALL (SELECT COUNT(1) AS `ttt` FROM `student_0018`) UNION ALL (SELECT COUNT(1) AS `ttt` FROM `student_0019`) UNION ALL (SELECT COUNT(1) AS `ttt` FROM `student_0020`) UNION ALL (SELECT COUNT(1) AS `ttt` FROM `student_0021`) UNION ALL (SELECT COUNT(1) AS `ttt` FROM `student_0022`) UNION ALL (SELECT COUNT(1) AS `ttt` FROM `student_0023`) UNION ALL (SELECT COUNT(1) AS `ttt` FROM `student_0024`) UNION ALL (SELECT COUNT(1) AS `ttt` FROM `student_0025`) UNION ALL (SELECT COUNT(1) AS `ttt` FROM `student_0026`) UNION ALL (SELECT COUNT(1) AS `ttt` FROM `student_0027`) UNION ALL (SELECT COUNT(1) AS `ttt` FROM `student_0028`) UNION ALL (SELECT COUNT(1) AS `ttt` FROM `student_0029`) UNION ALL (SELECT COUNT(1) AS `ttt` FROM `student_0030`) UNION ALL (SELECT COUNT(1) AS `ttt` FROM `student_0031`)", args=[]
=== RUN   TestSuite/TestShardingAgg/MAX
2022-06-06T15:17:10.409+0800	[35mDEBUG[0m	executor/redirect.go:146	ComQuery: select max(score) as ttt from student
2022-06-06T15:17:10.409+0800	[35mDEBUG[0m	optimize/optimizer.go:279	compute shards: result=["*"], isFullScan=true
2022-06-06T15:17:10.409+0800	[35mDEBUG[0m	runtime/runtime.go:675	call upstream: db=employees_0000, sql="(SELECT MAX(`score`) AS `ttt` FROM `student_0000`) UNION ALL (SELECT MAX(`score`) AS `ttt` FROM `student_0001`) UNION ALL (SELECT MAX(`score`) AS `ttt` FROM `student_0002`) UNION ALL (SELECT MAX(`score`) AS `ttt` FROM `student_0003`) UNION ALL (SELECT MAX(`score`) AS `ttt` FROM `student_0004`) UNION ALL (SELECT MAX(`score`) AS `ttt` FROM `student_0005`) UNION ALL (SELECT MAX(`score`) AS `ttt` FROM `student_0006`) UNION ALL (SELECT MAX(`score`) AS `ttt` FROM `student_0007`) UNION ALL (SELECT MAX(`score`) AS `ttt` FROM `student_0008`) UNION ALL (SELECT MAX(`score`) AS `ttt` FROM `student_0009`) UNION ALL (SELECT MAX(`score`) AS `ttt` FROM `student_0010`) UNION ALL (SELECT MAX(`score`) AS `ttt` FROM `student_0011`) UNION ALL (SELECT MAX(`score`) AS `ttt` FROM `student_0012`) UNION ALL (SELECT MAX(`score`) AS `ttt` FROM `student_0013`) UNION ALL (SELECT MAX(`score`) AS `ttt` FROM `student_0014`) UNION ALL (SELECT MAX(`score`) AS `ttt` FROM `student_0015`) UNION ALL (SELECT MAX(`score`) AS `ttt` FROM `student_0016`) UNION ALL (SELECT MAX(`score`) AS `ttt` FROM `student_0017`) UNION ALL (SELECT MAX(`score`) AS `ttt` FROM `student_0018`) UNION ALL (SELECT MAX(`score`) AS `ttt` FROM `student_0019`) UNION ALL (SELECT MAX(`score`) AS `ttt` FROM `student_0020`) UNION ALL (SELECT MAX(`score`) AS `ttt` FROM `student_0021`) UNION ALL (SELECT MAX(`score`) AS `ttt` FROM `student_0022`) UNION ALL (SELECT MAX(`score`) AS `ttt` FROM `student_0023`) UNION ALL (SELECT MAX(`score`) AS `ttt` FROM `student_0024`) UNION ALL (SELECT MAX(`score`) AS `ttt` FROM `student_0025`) UNION ALL (SELECT MAX(`score`) AS `ttt` FROM `student_0026`) UNION ALL (SELECT MAX(`score`) AS `ttt` FROM `student_0027`) UNION ALL (SELECT MAX(`score`) AS `ttt` FROM `student_0028`) UNION ALL (SELECT MAX(`score`) AS `ttt` FROM `student_0029`) UNION ALL (SELECT MAX(`score`) AS `ttt` FROM `student_0030`) UNION ALL (SELECT MAX(`score`) AS `ttt` FROM `student_0031`)", args=[]
    integration_test.go:377: 
        	Error Trace:	integration_test.go:377
        	Error:      	Not equal: 
        	            	expected: 95
        	            	actual  : 3
        	Test:       	TestSuite/TestShardingAgg/MAX
=== RUN   TestSuite/TestShardingAgg/MIN
2022-06-06T15:17:10.411+0800	[35mDEBUG[0m	executor/redirect.go:146	ComQuery: select min(score) as ttt from student
2022-06-06T15:17:10.411+0800	[35mDEBUG[0m	optimize/optimizer.go:279	compute shards: result=["*"], isFullScan=true
2022-06-06T15:17:10.411+0800	[35mDEBUG[0m	runtime/runtime.go:675	call upstream: db=employees_0000, sql="(SELECT MIN(`score`) AS `ttt` FROM `student_0000`) UNION ALL (SELECT MIN(`score`) AS `ttt` FROM `student_0001`) UNION ALL (SELECT MIN(`score`) AS `ttt` FROM `student_0002`) UNION ALL (SELECT MIN(`score`) AS `ttt` FROM `student_0003`) UNION ALL (SELECT MIN(`score`) AS `ttt` FROM `student_0004`) UNION ALL (SELECT MIN(`score`) AS `ttt` FROM `student_0005`) UNION ALL (SELECT MIN(`score`) AS `ttt` FROM `student_0006`) UNION ALL (SELECT MIN(`score`) AS `ttt` FROM `student_0007`) UNION ALL (SELECT MIN(`score`) AS `ttt` FROM `student_0008`) UNION ALL (SELECT MIN(`score`) AS `ttt` FROM `student_0009`) UNION ALL (SELECT MIN(`score`) AS `ttt` FROM `student_0010`) UNION ALL (SELECT MIN(`score`) AS `ttt` FROM `student_0011`) UNION ALL (SELECT MIN(`score`) AS `ttt` FROM `student_0012`) UNION ALL (SELECT MIN(`score`) AS `ttt` FROM `student_0013`) UNION ALL (SELECT MIN(`score`) AS `ttt` FROM `student_0014`) UNION ALL (SELECT MIN(`score`) AS `ttt` FROM `student_0015`) UNION ALL (SELECT MIN(`score`) AS `ttt` FROM `student_0016`) UNION ALL (SELECT MIN(`score`) AS `ttt` FROM `student_0017`) UNION ALL (SELECT MIN(`score`) AS `ttt` FROM `student_0018`) UNION ALL (SELECT MIN(`score`) AS `ttt` FROM `student_0019`) UNION ALL (SELECT MIN(`score`) AS `ttt` FROM `student_0020`) UNION ALL (SELECT MIN(`score`) AS `ttt` FROM `student_0021`) UNION ALL (SELECT MIN(`score`) AS `ttt` FROM `student_0022`) UNION ALL (SELECT MIN(`score`) AS `ttt` FROM `student_0023`) UNION ALL (SELECT MIN(`score`) AS `ttt` FROM `student_0024`) UNION ALL (SELECT MIN(`score`) AS `ttt` FROM `student_0025`) UNION ALL (SELECT MIN(`score`) AS `ttt` FROM `student_0026`) UNION ALL (SELECT MIN(`score`) AS `ttt` FROM `student_0027`) UNION ALL (SELECT MIN(`score`) AS `ttt` FROM `student_0028`) UNION ALL (SELECT MIN(`score`) AS `ttt` FROM `student_0029`) UNION ALL (SELECT MIN(`score`) AS `ttt` FROM `student_0030`) UNION ALL (SELECT MIN(`score`) AS `ttt` FROM `student_0031`)", args=[]
=== RUN   TestSuite/TestShardingAgg/SUM
2022-06-06T15:17:10.412+0800	[35mDEBUG[0m	executor/redirect.go:146	ComQuery: select sum(score) as ttt from student
2022-06-06T15:17:10.412+0800	[35mDEBUG[0m	optimize/optimizer.go:279	compute shards: result=["*"], isFullScan=true
2022-06-06T15:17:10.412+0800	[35mDEBUG[0m	runtime/runtime.go:675	call upstream: db=employees_0000, sql="(SELECT SUM(`score`) AS `ttt` FROM `student_0000`) UNION ALL (SELECT SUM(`score`) AS `ttt` FROM `student_0001`) UNION ALL (SELECT SUM(`score`) AS `ttt` FROM `student_0002`) UNION ALL (SELECT SUM(`score`) AS `ttt` FROM `student_0003`) UNION ALL (SELECT SUM(`score`) AS `ttt` FROM `student_0004`) UNION ALL (SELECT SUM(`score`) AS `ttt` FROM `student_0005`) UNION ALL (SELECT SUM(`score`) AS `ttt` FROM `student_0006`) UNION ALL (SELECT SUM(`score`) AS `ttt` FROM `student_0007`) UNION ALL (SELECT SUM(`score`) AS `ttt` FROM `student_0008`) UNION ALL (SELECT SUM(`score`) AS `ttt` FROM `student_0009`) UNION ALL (SELECT SUM(`score`) AS `ttt` FROM `student_0010`) UNION ALL (SELECT SUM(`score`) AS `ttt` FROM `student_0011`) UNION ALL (SELECT SUM(`score`) AS `ttt` FROM `student_0012`) UNION ALL (SELECT SUM(`score`) AS `ttt` FROM `student_0013`) UNION ALL (SELECT SUM(`score`) AS `ttt` FROM `student_0014`) UNION ALL (SELECT SUM(`score`) AS `ttt` FROM `student_0015`) UNION ALL (SELECT SUM(`score`) AS `ttt` FROM `student_0016`) UNION ALL (SELECT SUM(`score`) AS `ttt` FROM `student_0017`) UNION ALL (SELECT SUM(`score`) AS `ttt` FROM `student_0018`) UNION ALL (SELECT SUM(`score`) AS `ttt` FROM `student_0019`) UNION ALL (SELECT SUM(`score`) AS `ttt` FROM `student_0020`) UNION ALL (SELECT SUM(`score`) AS `ttt` FROM `student_0021`) UNION ALL (SELECT SUM(`score`) AS `ttt` FROM `student_0022`) UNION ALL (SELECT SUM(`score`) AS `ttt` FROM `student_0023`) UNION ALL (SELECT SUM(`score`) AS `ttt` FROM `student_0024`) UNION ALL (SELECT SUM(`score`) AS `ttt` FROM `student_0025`) UNION ALL (SELECT SUM(`score`) AS `ttt` FROM `student_0026`) UNION ALL (SELECT SUM(`score`) AS `ttt` FROM `student_0027`) UNION ALL (SELECT SUM(`score`) AS `ttt` FROM `student_0028`) UNION ALL (SELECT SUM(`score`) AS `ttt` FROM `student_0029`) UNION ALL (SELECT SUM(`score`) AS `ttt` FROM `student_0030`) UNION ALL (SELECT SUM(`score`) AS `ttt` FROM `student_0031`)", args=[]
    integration_test.go:391: 
        	Error Trace:	integration_test.go:391
        	Error:      	Not equal: 
        	            	expected: 405
        	            	actual  : 314
        	Test:       	TestSuite/TestShardingAgg/SUM
2022-06-06T15:17:10.414+0800	[35mDEBUG[0m	executor/redirect.go:312	ComStmtExecute: INSERT IGNORE INTO student(uid,score,name,nickname,gender,birth_year) values (?,?,?,?,?,?)
2022-06-06T15:17:10.414+0800	[35mDEBUG[0m	runtime/runtime.go:675	call upstream: db=employees_0000, sql="SELECT TABLE_NAME, COLUMN_NAME, DATA_TYPE, COLUMN_KEY, EXTRA, COLLATION_NAME, ORDINAL_POSITION FROM information_schema.columns WHERE TABLE_SCHEMA=database() AND TABLE_NAME IN ('student_0023') ORDER BY ORDINAL_POSITION", args=[]
2022-06-06T15:17:10.415+0800	[35mDEBUG[0m	runtime/runtime.go:675	call upstream: db=employees_0000, sql="SELECT TABLE_NAME, INDEX_NAME FROM information_schema.statistics WHERE TABLE_SCHEMA=database() AND TABLE_NAME IN ('student_0023')", args=[]
2022-06-06T15:17:10.416+0800	[35mDEBUG[0m	runtime/runtime.go:675	call upstream: db=employees_0000, sql="INSERT IGNORE INTO `student_0023`(`uid`, `score`, `name`, `nickname`, `gender`, `birth_year`, `id`) VALUES (?, ?, ?, ?, ?, ?, 126951715416047616)", args=[9527 100 [106 97 115 111 110] [106 97 115 111 110] 1 2022]
2022-06-06T15:17:10.421+0800	[35mDEBUG[0m	executor/redirect.go:312	ComStmtExecute: INSERT IGNORE INTO student(id,uid,score,name,nickname,gender,birth_year) values (?,?,?,?,?,?,?)
2022-06-06T15:17:10.421+0800	[35mDEBUG[0m	runtime/runtime.go:675	call upstream: db=employees_0000, sql="SELECT TABLE_NAME, COLUMN_NAME, DATA_TYPE, COLUMN_KEY, EXTRA, COLLATION_NAME, ORDINAL_POSITION FROM information_schema.columns WHERE TABLE_SCHEMA=database() AND TABLE_NAME IN ('student_0023') ORDER BY ORDINAL_POSITION", args=[]
2022-06-06T15:17:10.422+0800	[35mDEBUG[0m	runtime/runtime.go:675	call upstream: db=employees_0000, sql="SELECT TABLE_NAME, INDEX_NAME FROM information_schema.statistics WHERE TABLE_SCHEMA=database() AND TABLE_NAME IN ('student_0023')", args=[]
2022-06-06T15:17:10.422+0800	[35mDEBUG[0m	runtime/runtime.go:675	call upstream: db=employees_0000, sql="INSERT IGNORE INTO `student_0023`(`id`, `uid`, `score`, `name`, `nickname`, `gender`, `birth_year`) VALUES (?, ?, ?, ?, ?, ?, ?)", args=[1654499830421215683 9559 100 [106 97 115 111 110] [106 97 115 111 110] 1 2022]
=== RUN   TestSuite/TestShardingAgg/SELECT_*_FROM_student_WHERE_uid_>=_9527
2022-06-06T15:17:10.426+0800	[35mDEBUG[0m	executor/redirect.go:146	ComQuery: SELECT * FROM student WHERE uid >= 9527
2022-06-06T15:17:10.426+0800	[35mDEBUG[0m	optimize/optimizer.go:279	compute shards: result=["employees_0000.student_0023", "employees_0000.student_0024", "employees_0000.student_0025", "employees_0000.student_0026", "employees_0000.student_0027", "employees_0000.student_0028", "employees_0000.student_0029", "employees_0000.student_0030", "employees_0000.student_0031", "employees_0000.student_0000", "employees_0000.student_0001", "employees_0000.student_0002", "employees_0000.student_0003", "employees_0000.student_0004", "employees_0000.student_0005", "employees_0000.student_0006", "employees_0000.student_0007", "employees_0000.student_0008", "employees_0000.student_0009", "employees_0000.student_0010", "employees_0000.student_0011", "employees_0000.student_0012", "employees_0000.student_0013", "employees_0000.student_0014", "employees_0000.student_0015", "employees_0000.student_0016", "employees_0000.student_0017", "employees_0000.student_0018", "employees_0000.student_0019", "employees_0000.student_0020", "employees_0000.student_0021", "employees_0000.student_0022"], isFullScan=false
2022-06-06T15:17:10.426+0800	[35mDEBUG[0m	runtime/runtime.go:675	call upstream: db=employees_0000, sql="SELECT TABLE_NAME, COLUMN_NAME, DATA_TYPE, COLUMN_KEY, EXTRA, COLLATION_NAME, ORDINAL_POSITION FROM information_schema.columns WHERE TABLE_SCHEMA=database() AND TABLE_NAME IN ('student_0023') ORDER BY ORDINAL_POSITION", args=[]
2022-06-06T15:17:10.427+0800	[35mDEBUG[0m	runtime/runtime.go:675	call upstream: db=employees_0000, sql="SELECT TABLE_NAME, INDEX_NAME FROM information_schema.statistics WHERE TABLE_SCHEMA=database() AND TABLE_NAME IN ('student_0023')", args=[]
2022-06-06T15:17:10.427+0800	[35mDEBUG[0m	runtime/runtime.go:675	call upstream: db=employees_0000, sql="(SELECT `id`,`uid`,`name`,`score`,`nickname`,`gender`,`birth_year`,`created_at`,`modified_at` FROM `student_0023` WHERE `uid` >= 9527) UNION ALL (SELECT `id`,`uid`,`name`,`score`,`nickname`,`gender`,`birth_year`,`created_at`,`modified_at` FROM `student_0024` WHERE `uid` >= 9527) UNION ALL (SELECT `id`,`uid`,`name`,`score`,`nickname`,`gender`,`birth_year`,`created_at`,`modified_at` FROM `student_0025` WHERE `uid` >= 9527) UNION ALL (SELECT `id`,`uid`,`name`,`score`,`nickname`,`gender`,`birth_year`,`created_at`,`modified_at` FROM `student_0026` WHERE `uid` >= 9527) UNION ALL (SELECT `id`,`uid`,`name`,`score`,`nickname`,`gender`,`birth_year`,`created_at`,`modified_at` FROM `student_0027` WHERE `uid` >= 9527) UNION ALL (SELECT `id`,`uid`,`name`,`score`,`nickname`,`gender`,`birth_year`,`created_at`,`modified_at` FROM `student_0028` WHERE `uid` >= 9527) UNION ALL (SELECT `id`,`uid`,`name`,`score`,`nickname`,`gender`,`birth_year`,`created_at`,`modified_at` FROM `student_0029` WHERE `uid` >= 9527) UNION ALL (SELECT `id`,`uid`,`name`,`score`,`nickname`,`gender`,`birth_year`,`created_at`,`modified_at` FROM `student_0030` WHERE `uid` >= 9527) UNION ALL (SELECT `id`,`uid`,`name`,`score`,`nickname`,`gender`,`birth_year`,`created_at`,`modified_at` FROM `student_0031` WHERE `uid` >= 9527) UNION ALL (SELECT `id`,`uid`,`name`,`score`,`nickname`,`gender`,`birth_year`,`created_at`,`modified_at` FROM `student_0000` WHERE `uid` >= 9527) UNION ALL (SELECT `id`,`uid`,`name`,`score`,`nickname`,`gender`,`birth_year`,`created_at`,`modified_at` FROM `student_0001` WHERE `uid` >= 9527) UNION ALL (SELECT `id`,`uid`,`name`,`score`,`nickname`,`gender`,`birth_year`,`created_at`,`modified_at` FROM `student_0002` WHERE `uid` >= 9527) UNION ALL (SELECT `id`,`uid`,`name`,`score`,`nickname`,`gender`,`birth_year`,`created_at`,`modified_at` FROM `student_0003` WHERE `uid` >= 9527) UNION ALL (SELECT `id`,`uid`,`name`,`score`,`nickname`,`gender`,`birth_year`,`created_at`,`modified_at` FROM `student_0004` WHERE `uid` >= 9527) UNION ALL (SELECT `id`,`uid`,`name`,`score`,`nickname`,`gender`,`birth_year`,`created_at`,`modified_at` FROM `student_0005` WHERE `uid` >= 9527) UNION ALL (SELECT `id`,`uid`,`name`,`score`,`nickname`,`gender`,`birth_year`,`created_at`,`modified_at` FROM `student_0006` WHERE `uid` >= 9527) UNION ALL (SELECT `id`,`uid`,`name`,`score`,`nickname`,`gender`,`birth_year`,`created_at`,`modified_at` FROM `student_0007` WHERE `uid` >= 9527) UNION ALL (SELECT `id`,`uid`,`name`,`score`,`nickname`,`gender`,`birth_year`,`created_at`,`modified_at` FROM `student_0008` WHERE `uid` >= 9527) UNION ALL (SELECT `id`,`uid`,`name`,`score`,`nickname`,`gender`,`birth_year`,`created_at`,`modified_at` FROM `student_0009` WHERE `uid` >= 9527) UNION ALL (SELECT `id`,`uid`,`name`,`score`,`nickname`,`gender`,`birth_year`,`created_at`,`modified_at` FROM `student_0010` WHERE `uid` >= 9527) UNION ALL (SELECT `id`,`uid`,`name`,`score`,`nickname`,`gender`,`birth_year`,`created_at`,`modified_at` FROM `student_0011` WHERE `uid` >= 9527) UNION ALL (SELECT `id`,`uid`,`name`,`score`,`nickname`,`gender`,`birth_year`,`created_at`,`modified_at` FROM `student_0012` WHERE `uid` >= 9527) UNION ALL (SELECT `id`,`uid`,`name`,`score`,`nickname`,`gender`,`birth_year`,`created_at`,`modified_at` FROM `student_0013` WHERE `uid` >= 9527) UNION ALL (SELECT `id`,`uid`,`name`,`score`,`nickname`,`gender`,`birth_year`,`created_at`,`modified_at` FROM `student_0014` WHERE `uid` >= 9527) UNION ALL (SELECT `id`,`uid`,`name`,`score`,`nickname`,`gender`,`birth_year`,`created_at`,`modified_at` FROM `student_0015` WHERE `uid` >= 9527) UNION ALL (SELECT `id`,`uid`,`name`,`score`,`nickname`,`gender`,`birth_year`,`created_at`,`modified_at` FROM `student_0016` WHERE `uid` >= 9527) UNION ALL (SELECT `id`,`uid`,`name`,`score`,`nickname`,`gender`,`birth_year`,`created_at`,`modified_at` FROM `student_0017` WHERE `uid` >= 9527) UNION ALL (SELECT `id`,`uid`,`name`,`score`,`nickname`,`gender`,`birth_year`,`created_at`,`modified_at` FROM `student_0018` WHERE `uid` >= 9527) UNION ALL (SELECT `id`,`uid`,`name`,`score`,`nickname`,`gender`,`birth_year`,`created_at`,`modified_at` FROM `student_0019` WHERE `uid` >= 9527) UNION ALL (SELECT `id`,`uid`,`name`,`score`,`nickname`,`gender`,`birth_year`,`created_at`,`modified_at` FROM `student_0020` WHERE `uid` >= 9527) UNION ALL (SELECT `id`,`uid`,`name`,`score`,`nickname`,`gender`,`birth_year`,`created_at`,`modified_at` FROM `student_0021` WHERE `uid` >= 9527) UNION ALL (SELECT `id`,`uid`,`name`,`score`,`nickname`,`gender`,`birth_year`,`created_at`,`modified_at` FROM `student_0022` WHERE `uid` >= 9527)", args=[]
+---------------------+------+-------+--------+----------+--------+------------+---------------------------+---------------------------+
|         [32mid[0m          | [32muid[0m  | [32mname[0m  | [32mscore[0m  | [32mnickname[0m | [32mgender[0m | [32mbirth_year[0m |        [32mcreated_at[0m         |        [32mmodified_at[0m        |
+---------------------+------+-------+--------+----------+--------+------------+---------------------------+---------------------------+
|  126951715416047616 | 9527 | jason | 100.00 | jason    |      1 |       2022 | 2022-06-06T07:17:10+08:00 | 2022-06-06T07:17:10+08:00 |
| 1654499830421215683 | 9559 | jason | 100.00 | jason    |      1 |       2022 | 2022-06-06T07:17:10+08:00 | 2022-06-06T07:17:10+08:00 |
+---------------------+------+-------+--------+----------+--------+------------+---------------------------+---------------------------+
=== RUN   TestSuite/TestShardingAgg/SUM_Jason
2022-06-06T15:17:10.430+0800	[35mDEBUG[0m	executor/redirect.go:146	ComQuery: select sum(score) as ttt from student where uid >= 9527
2022-06-06T15:17:10.430+0800	[35mDEBUG[0m	optimize/optimizer.go:279	compute shards: result=["employees_0000.student_0023", "employees_0000.student_0024", "employees_0000.student_0025", "employees_0000.student_0026", "employees_0000.student_0027", "employees_0000.student_0028", "employees_0000.student_0029", "employees_0000.student_0030", "employees_0000.student_0031", "employees_0000.student_0000", "employees_0000.student_0001", "employees_0000.student_0002", "employees_0000.student_0003", "employees_0000.student_0004", "employees_0000.student_0005", "employees_0000.student_0006", "employees_0000.student_0007", "employees_0000.student_0008", "employees_0000.student_0009", "employees_0000.student_0010", "employees_0000.student_0011", "employees_0000.student_0012", "employees_0000.student_0013", "employees_0000.student_0014", "employees_0000.student_0015", "employees_0000.student_0016", "employees_0000.student_0017", "employees_0000.student_0018", "employees_0000.student_0019", "employees_0000.student_0020", "employees_0000.student_0021", "employees_0000.student_0022"], isFullScan=false
2022-06-06T15:17:10.430+0800	[35mDEBUG[0m	runtime/runtime.go:675	call upstream: db=employees_0000, sql="(SELECT SUM(`score`) AS `ttt` FROM `student_0023` WHERE `uid` >= 9527) UNION ALL (SELECT SUM(`score`) AS `ttt` FROM `student_0024` WHERE `uid` >= 9527) UNION ALL (SELECT SUM(`score`) AS `ttt` FROM `student_0025` WHERE `uid` >= 9527) UNION ALL (SELECT SUM(`score`) AS `ttt` FROM `student_0026` WHERE `uid` >= 9527) UNION ALL (SELECT SUM(`score`) AS `ttt` FROM `student_0027` WHERE `uid` >= 9527) UNION ALL (SELECT SUM(`score`) AS `ttt` FROM `student_0028` WHERE `uid` >= 9527) UNION ALL (SELECT SUM(`score`) AS `ttt` FROM `student_0029` WHERE `uid` >= 9527) UNION ALL (SELECT SUM(`score`) AS `ttt` FROM `student_0030` WHERE `uid` >= 9527) UNION ALL (SELECT SUM(`score`) AS `ttt` FROM `student_0031` WHERE `uid` >= 9527) UNION ALL (SELECT SUM(`score`) AS `ttt` FROM `student_0000` WHERE `uid` >= 9527) UNION ALL (SELECT SUM(`score`) AS `ttt` FROM `student_0001` WHERE `uid` >= 9527) UNION ALL (SELECT SUM(`score`) AS `ttt` FROM `student_0002` WHERE `uid` >= 9527) UNION ALL (SELECT SUM(`score`) AS `ttt` FROM `student_0003` WHERE `uid` >= 9527) UNION ALL (SELECT SUM(`score`) AS `ttt` FROM `student_0004` WHERE `uid` >= 9527) UNION ALL (SELECT SUM(`score`) AS `ttt` FROM `student_0005` WHERE `uid` >= 9527) UNION ALL (SELECT SUM(`score`) AS `ttt` FROM `student_0006` WHERE `uid` >= 9527) UNION ALL (SELECT SUM(`score`) AS `ttt` FROM `student_0007` WHERE `uid` >= 9527) UNION ALL (SELECT SUM(`score`) AS `ttt` FROM `student_0008` WHERE `uid` >= 9527) UNION ALL (SELECT SUM(`score`) AS `ttt` FROM `student_0009` WHERE `uid` >= 9527) UNION ALL (SELECT SUM(`score`) AS `ttt` FROM `student_0010` WHERE `uid` >= 9527) UNION ALL (SELECT SUM(`score`) AS `ttt` FROM `student_0011` WHERE `uid` >= 9527) UNION ALL (SELECT SUM(`score`) AS `ttt` FROM `student_0012` WHERE `uid` >= 9527) UNION ALL (SELECT SUM(`score`) AS `ttt` FROM `student_0013` WHERE `uid` >= 9527) UNION ALL (SELECT SUM(`score`) AS `ttt` FROM `student_0014` WHERE `uid` >= 9527) UNION ALL (SELECT SUM(`score`) AS `ttt` FROM `student_0015` WHERE `uid` >= 9527) UNION ALL (SELECT SUM(`score`) AS `ttt` FROM `student_0016` WHERE `uid` >= 9527) UNION ALL (SELECT SUM(`score`) AS `ttt` FROM `student_0017` WHERE `uid` >= 9527) UNION ALL (SELECT SUM(`score`) AS `ttt` FROM `student_0018` WHERE `uid` >= 9527) UNION ALL (SELECT SUM(`score`) AS `ttt` FROM `student_0019` WHERE `uid` >= 9527) UNION ALL (SELECT SUM(`score`) AS `ttt` FROM `student_0020` WHERE `uid` >= 9527) UNION ALL (SELECT SUM(`score`) AS `ttt` FROM `student_0021` WHERE `uid` >= 9527) UNION ALL (SELECT SUM(`score`) AS `ttt` FROM `student_0022` WHERE `uid` >= 9527)", args=[]
=== RUN   TestSuite/TestShardingAgg/COUNT_Jason
2022-06-06T15:17:10.432+0800	[35mDEBUG[0m	executor/redirect.go:146	ComQuery: select count(score) as ttt from student where uid >= 9527
2022-06-06T15:17:10.432+0800	[35mDEBUG[0m	optimize/optimizer.go:279	compute shards: result=["employees_0000.student_0023", "employees_0000.student_0024", "employees_0000.student_0025", "employees_0000.student_0026", "employees_0000.student_0027", "employees_0000.student_0028", "employees_0000.student_0029", "employees_0000.student_0030", "employees_0000.student_0031", "employees_0000.student_0000", "employees_0000.student_0001", "employees_0000.student_0002", "employees_0000.student_0003", "employees_0000.student_0004", "employees_0000.student_0005", "employees_0000.student_0006", "employees_0000.student_0007", "employees_0000.student_0008", "employees_0000.student_0009", "employees_0000.student_0010", "employees_0000.student_0011", "employees_0000.student_0012", "employees_0000.student_0013", "employees_0000.student_0014", "employees_0000.student_0015", "employees_0000.student_0016", "employees_0000.student_0017", "employees_0000.student_0018", "employees_0000.student_0019", "employees_0000.student_0020", "employees_0000.student_0021", "employees_0000.student_0022"], isFullScan=false
2022-06-06T15:17:10.432+0800	[35mDEBUG[0m	runtime/runtime.go:675	call upstream: db=employees_0000, sql="(SELECT COUNT(`score`) AS `ttt` FROM `student_0023` WHERE `uid` >= 9527) UNION ALL (SELECT COUNT(`score`) AS `ttt` FROM `student_0024` WHERE `uid` >= 9527) UNION ALL (SELECT COUNT(`score`) AS `ttt` FROM `student_0025` WHERE `uid` >= 9527) UNION ALL (SELECT COUNT(`score`) AS `ttt` FROM `student_0026` WHERE `uid` >= 9527) UNION ALL (SELECT COUNT(`score`) AS `ttt` FROM `student_0027` WHERE `uid` >= 9527) UNION ALL (SELECT COUNT(`score`) AS `ttt` FROM `student_0028` WHERE `uid` >= 9527) UNION ALL (SELECT COUNT(`score`) AS `ttt` FROM `student_0029` WHERE `uid` >= 9527) UNION ALL (SELECT COUNT(`score`) AS `ttt` FROM `student_0030` WHERE `uid` >= 9527) UNION ALL (SELECT COUNT(`score`) AS `ttt` FROM `student_0031` WHERE `uid` >= 9527) UNION ALL (SELECT COUNT(`score`) AS `ttt` FROM `student_0000` WHERE `uid` >= 9527) UNION ALL (SELECT COUNT(`score`) AS `ttt` FROM `student_0001` WHERE `uid` >= 9527) UNION ALL (SELECT COUNT(`score`) AS `ttt` FROM `student_0002` WHERE `uid` >= 9527) UNION ALL (SELECT COUNT(`score`) AS `ttt` FROM `student_0003` WHERE `uid` >= 9527) UNION ALL (SELECT COUNT(`score`) AS `ttt` FROM `student_0004` WHERE `uid` >= 9527) UNION ALL (SELECT COUNT(`score`) AS `ttt` FROM `student_0005` WHERE `uid` >= 9527) UNION ALL (SELECT COUNT(`score`) AS `ttt` FROM `student_0006` WHERE `uid` >= 9527) UNION ALL (SELECT COUNT(`score`) AS `ttt` FROM `student_0007` WHERE `uid` >= 9527) UNION ALL (SELECT COUNT(`score`) AS `ttt` FROM `student_0008` WHERE `uid` >= 9527) UNION ALL (SELECT COUNT(`score`) AS `ttt` FROM `student_0009` WHERE `uid` >= 9527) UNION ALL (SELECT COUNT(`score`) AS `ttt` FROM `student_0010` WHERE `uid` >= 9527) UNION ALL (SELECT COUNT(`score`) AS `ttt` FROM `student_0011` WHERE `uid` >= 9527) UNION ALL (SELECT COUNT(`score`) AS `ttt` FROM `student_0012` WHERE `uid` >= 9527) UNION ALL (SELECT COUNT(`score`) AS `ttt` FROM `student_0013` WHERE `uid` >= 9527) UNION ALL (SELECT COUNT(`score`) AS `ttt` FROM `student_0014` WHERE `uid` >= 9527) UNION ALL (SELECT COUNT(`score`) AS `ttt` FROM `student_0015` WHERE `uid` >= 9527) UNION ALL (SELECT COUNT(`score`) AS `ttt` FROM `student_0016` WHERE `uid` >= 9527) UNION ALL (SELECT COUNT(`score`) AS `ttt` FROM `student_0017` WHERE `uid` >= 9527) UNION ALL (SELECT COUNT(`score`) AS `ttt` FROM `student_0018` WHERE `uid` >= 9527) UNION ALL (SELECT COUNT(`score`) AS `ttt` FROM `student_0019` WHERE `uid` >= 9527) UNION ALL (SELECT COUNT(`score`) AS `ttt` FROM `student_0020` WHERE `uid` >= 9527) UNION ALL (SELECT COUNT(`score`) AS `ttt` FROM `student_0021` WHERE `uid` >= 9527) UNION ALL (SELECT COUNT(`score`) AS `ttt` FROM `student_0022` WHERE `uid` >= 9527)", args=[]
2022-06-06T15:17:10.433+0800	[35mDEBUG[0m	executor/redirect.go:146	ComQuery: DELETE FROM student WHERE uid >= 9527
2022-06-06T15:17:10.433+0800	[35mDEBUG[0m	optimize/optimizer.go:722	compute shards: result=["employees_0000.student_0023", "employees_0000.student_0024", "employees_0000.student_0025", "employees_0000.student_0026", "employees_0000.student_0027", "employees_0000.student_0028", "employees_0000.student_0029", "employees_0000.student_0030", "employees_0000.student_0031", "employees_0000.student_0000", "employees_0000.student_0001", "employees_0000.student_0002", "employees_0000.student_0003", "employees_0000.student_0004", "employees_0000.student_0005", "employees_0000.student_0006", "employees_0000.student_0007", "employees_0000.student_0008", "employees_0000.student_0009", "employees_0000.student_0010", "employees_0000.student_0011", "employees_0000.student_0012", "employees_0000.student_0013", "employees_0000.student_0014", "employees_0000.student_0015", "employees_0000.student_0016", "employees_0000.student_0017", "employees_0000.student_0018", "employees_0000.student_0019", "employees_0000.student_0020", "employees_0000.student_0021", "employees_0000.student_0022"], isFullScan=false
2022-06-06T15:17:10.433+0800	[35mDEBUG[0m	runtime/runtime.go:675	call upstream: db=employees_0000, sql="DELETE FROM `student_0023` WHERE `uid` >= 9527", args=[]
2022-06-06T15:17:10.439+0800	[35mDEBUG[0m	runtime/runtime.go:675	call upstream: db=employees_0000, sql="DELETE FROM `student_0024` WHERE `uid` >= 9527", args=[]
2022-06-06T15:17:10.439+0800	[35mDEBUG[0m	runtime/runtime.go:675	call upstream: db=employees_0000, sql="DELETE FROM `student_0025` WHERE `uid` >= 9527", args=[]
2022-06-06T15:17:10.439+0800	[35mDEBUG[0m	runtime/runtime.go:675	call upstream: db=employees_0000, sql="DELETE FROM `student_0026` WHERE `uid` >= 9527", args=[]
2022-06-06T15:17:10.440+0800	[35mDEBUG[0m	runtime/runtime.go:675	call upstream: db=employees_0000, sql="DELETE FROM `student_0027` WHERE `uid` >= 9527", args=[]
2022-06-06T15:17:10.440+0800	[35mDEBUG[0m	runtime/runtime.go:675	call upstream: db=employees_0000, sql="DELETE FROM `student_0028` WHERE `uid` >= 9527", args=[]
2022-06-06T15:17:10.440+0800	[35mDEBUG[0m	runtime/runtime.go:675	call upstream: db=employees_0000, sql="DELETE FROM `student_0029` WHERE `uid` >= 9527", args=[]
2022-06-06T15:17:10.440+0800	[35mDEBUG[0m	runtime/runtime.go:675	call upstream: db=employees_0000, sql="DELETE FROM `student_0030` WHERE `uid` >= 9527", args=[]
2022-06-06T15:17:10.440+0800	[35mDEBUG[0m	runtime/runtime.go:675	call upstream: db=employees_0000, sql="DELETE FROM `student_0031` WHERE `uid` >= 9527", args=[]
2022-06-06T15:17:10.440+0800	[35mDEBUG[0m	runtime/runtime.go:675	call upstream: db=employees_0000, sql="DELETE FROM `student_0000` WHERE `uid` >= 9527", args=[]
2022-06-06T15:17:10.441+0800	[35mDEBUG[0m	runtime/runtime.go:675	call upstream: db=employees_0000, sql="DELETE FROM `student_0001` WHERE `uid` >= 9527", args=[]
2022-06-06T15:17:10.441+0800	[35mDEBUG[0m	runtime/runtime.go:675	call upstream: db=employees_0000, sql="DELETE FROM `student_0002` WHERE `uid` >= 9527", args=[]
2022-06-06T15:17:10.441+0800	[35mDEBUG[0m	runtime/runtime.go:675	call upstream: db=employees_0000, sql="DELETE FROM `student_0003` WHERE `uid` >= 9527", args=[]
2022-06-06T15:17:10.441+0800	[35mDEBUG[0m	runtime/runtime.go:675	call upstream: db=employees_0000, sql="DELETE FROM `student_0004` WHERE `uid` >= 9527", args=[]
2022-06-06T15:17:10.441+0800	[35mDEBUG[0m	runtime/runtime.go:675	call upstream: db=employees_0000, sql="DELETE FROM `student_0005` WHERE `uid` >= 9527", args=[]
2022-06-06T15:17:10.441+0800	[35mDEBUG[0m	runtime/runtime.go:675	call upstream: db=employees_0000, sql="DELETE FROM `student_0006` WHERE `uid` >= 9527", args=[]
2022-06-06T15:17:10.442+0800	[35mDEBUG[0m	runtime/runtime.go:675	call upstream: db=employees_0000, sql="DELETE FROM `student_0007` WHERE `uid` >= 9527", args=[]
2022-06-06T15:17:10.442+0800	[35mDEBUG[0m	runtime/runtime.go:675	call upstream: db=employees_0000, sql="DELETE FROM `student_0008` WHERE `uid` >= 9527", args=[]
2022-06-06T15:17:10.442+0800	[35mDEBUG[0m	runtime/runtime.go:675	call upstream: db=employees_0000, sql="DELETE FROM `student_0009` WHERE `uid` >= 9527", args=[]
2022-06-06T15:17:10.442+0800	[35mDEBUG[0m	runtime/runtime.go:675	call upstream: db=employees_0000, sql="DELETE FROM `student_0010` WHERE `uid` >= 9527", args=[]
2022-06-06T15:17:10.442+0800	[35mDEBUG[0m	runtime/runtime.go:675	call upstream: db=employees_0000, sql="DELETE FROM `student_0011` WHERE `uid` >= 9527", args=[]
2022-06-06T15:17:10.442+0800	[35mDEBUG[0m	runtime/runtime.go:675	call upstream: db=employees_0000, sql="DELETE FROM `student_0012` WHERE `uid` >= 9527", args=[]
2022-06-06T15:17:10.443+0800	[35mDEBUG[0m	runtime/runtime.go:675	call upstream: db=employees_0000, sql="DELETE FROM `student_0013` WHERE `uid` >= 9527", args=[]
2022-06-06T15:17:10.443+0800	[35mDEBUG[0m	runtime/runtime.go:675	call upstream: db=employees_0000, sql="DELETE FROM `student_0014` WHERE `uid` >= 9527", args=[]
2022-06-06T15:17:10.443+0800	[35mDEBUG[0m	runtime/runtime.go:675	call upstream: db=employees_0000, sql="DELETE FROM `student_0015` WHERE `uid` >= 9527", args=[]
2022-06-06T15:17:10.443+0800	[35mDEBUG[0m	runtime/runtime.go:675	call upstream: db=employees_0000, sql="DELETE FROM `student_0016` WHERE `uid` >= 9527", args=[]
2022-06-06T15:17:10.443+0800	[35mDEBUG[0m	runtime/runtime.go:675	call upstream: db=employees_0000, sql="DELETE FROM `student_0017` WHERE `uid` >= 9527", args=[]
2022-06-06T15:17:10.443+0800	[35mDEBUG[0m	runtime/runtime.go:675	call upstream: db=employees_0000, sql="DELETE FROM `student_0018` WHERE `uid` >= 9527", args=[]
2022-06-06T15:17:10.443+0800	[35mDEBUG[0m	runtime/runtime.go:675	call upstream: db=employees_0000, sql="DELETE FROM `student_0019` WHERE `uid` >= 9527", args=[]
2022-06-06T15:17:10.444+0800	[35mDEBUG[0m	runtime/runtime.go:675	call upstream: db=employees_0000, sql="DELETE FROM `student_0020` WHERE `uid` >= 9527", args=[]
2022-06-06T15:17:10.444+0800	[35mDEBUG[0m	runtime/runtime.go:675	call upstream: db=employees_0000, sql="DELETE FROM `student_0021` WHERE `uid` >= 9527", args=[]
2022-06-06T15:17:10.444+0800	[35mDEBUG[0m	runtime/runtime.go:675	call upstream: db=employees_0000, sql="DELETE FROM `student_0022` WHERE `uid` >= 9527", args=[]
=== RUN   TestSuite/TestShowDatabases
2022-06-06T15:17:10.444+0800	[35mDEBUG[0m	executor/redirect.go:146	ComQuery: show databases
=== RUN   TestSuite/TestSimpleSharding
2022-06-06T15:17:10.444+0800	[35mDEBUG[0m	executor/redirect.go:312	ComStmtExecute: INSERT IGNORE INTO student(id,uid,score,name,nickname,gender,birth_year) values (?,?,?,?,?,?,?)
2022-06-06T15:17:10.444+0800	[35mDEBUG[0m	runtime/runtime.go:675	call upstream: db=employees_0000, sql="SELECT TABLE_NAME, COLUMN_NAME, DATA_TYPE, COLUMN_KEY, EXTRA, COLLATION_NAME, ORDINAL_POSITION FROM information_schema.columns WHERE TABLE_SCHEMA=database() AND TABLE_NAME IN ('student_0001') ORDER BY ORDINAL_POSITION", args=[]
2022-06-06T15:17:10.445+0800	[35mDEBUG[0m	runtime/runtime.go:675	call upstream: db=employees_0000, sql="SELECT TABLE_NAME, INDEX_NAME FROM information_schema.statistics WHERE TABLE_SCHEMA=database() AND TABLE_NAME IN ('student_0001')", args=[]
2022-06-06T15:17:10.446+0800	[35mDEBUG[0m	runtime/runtime.go:675	call upstream: db=employees_0000, sql="INSERT IGNORE INTO `student_0001`(`id`, `uid`, `score`, `name`, `nickname`, `gender`, `birth_year`) VALUES (?, ?, ?, ?, ?, ?, ?)", args=[1654499830444696578 1 3.14 [102 97 107 101 95 110 97 109 101 95 49] [102 97 107 101 95 110 105 99 107 110 97 109 101 95 49] 1 2022]
2022-06-06T15:17:10.449+0800	[35mDEBUG[0m	executor/redirect.go:312	ComStmtExecute: INSERT IGNORE INTO student(id,uid,score,name,nickname,gender,birth_year) values (?,?,?,?,?,?,?)
2022-06-06T15:17:10.449+0800	[35mDEBUG[0m	runtime/runtime.go:675	call upstream: db=employees_0000, sql="SELECT TABLE_NAME, COLUMN_NAME, DATA_TYPE, COLUMN_KEY, EXTRA, COLLATION_NAME, ORDINAL_POSITION FROM information_schema.columns WHERE TABLE_SCHEMA=database() AND TABLE_NAME IN ('student_0002') ORDER BY ORDINAL_POSITION", args=[]
2022-06-06T15:17:10.450+0800	[35mDEBUG[0m	runtime/runtime.go:675	call upstream: db=employees_0000, sql="SELECT TABLE_NAME, INDEX_NAME FROM information_schema.statistics WHERE TABLE_SCHEMA=database() AND TABLE_NAME IN ('student_0002')", args=[]
2022-06-06T15:17:10.450+0800	[35mDEBUG[0m	runtime/runtime.go:675	call upstream: db=employees_0000, sql="INSERT IGNORE INTO `student_0002`(`id`, `uid`, `score`, `name`, `nickname`, `gender`, `birth_year`) VALUES (?, ?, ?, ?, ?, ?, ?)", args=[1654499830449328580 2 3.14 [102 97 107 101 95 110 97 109 101 95 50] [102 97 107 101 95 110 105 99 107 110 97 109 101 95 50] 1 2022]
2022-06-06T15:17:10.453+0800	[35mDEBUG[0m	executor/redirect.go:312	ComStmtExecute: INSERT IGNORE INTO student(id,uid,score,name,nickname,gender,birth_year) values (?,?,?,?,?,?,?)
2022-06-06T15:17:10.453+0800	[35mDEBUG[0m	runtime/runtime.go:675	call upstream: db=employees_0000, sql="SELECT TABLE_NAME, COLUMN_NAME, DATA_TYPE, COLUMN_KEY, EXTRA, COLLATION_NAME, ORDINAL_POSITION FROM information_schema.columns WHERE TABLE_SCHEMA=database() AND TABLE_NAME IN ('student_0003') ORDER BY ORDINAL_POSITION", args=[]
2022-06-06T15:17:10.453+0800	[35mDEBUG[0m	runtime/runtime.go:675	call upstream: db=employees_0000, sql="SELECT TABLE_NAME, INDEX_NAME FROM information_schema.statistics WHERE TABLE_SCHEMA=database() AND TABLE_NAME IN ('student_0003')", args=[]
2022-06-06T15:17:10.454+0800	[35mDEBUG[0m	runtime/runtime.go:675	call upstream: db=employees_0000, sql="INSERT IGNORE INTO `student_0003`(`id`, `uid`, `score`, `name`, `nickname`, `gender`, `birth_year`) VALUES (?, ?, ?, ?, ?, ?, ?)", args=[1654499830453008451 3 3.14 [102 97 107 101 95 110 97 109 101 95 51] [102 97 107 101 95 110 105 99 107 110 97 109 101 95 51] 1 2022]
2022-06-06T15:17:10.457+0800	[35mDEBUG[0m	executor/redirect.go:312	ComStmtExecute: INSERT IGNORE INTO student(id,uid,score,name,nickname,gender,birth_year) values (?,?,?,?,?,?,?)
2022-06-06T15:17:10.457+0800	[35mDEBUG[0m	runtime/runtime.go:675	call upstream: db=employees_0000, sql="SELECT TABLE_NAME, COLUMN_NAME, DATA_TYPE, COLUMN_KEY, EXTRA, COLLATION_NAME, ORDINAL_POSITION FROM information_schema.columns WHERE TABLE_SCHEMA=database() AND TABLE_NAME IN ('student_0004') ORDER BY ORDINAL_POSITION", args=[]
2022-06-06T15:17:10.457+0800	[35mDEBUG[0m	runtime/runtime.go:675	call upstream: db=employees_0000, sql="SELECT TABLE_NAME, INDEX_NAME FROM information_schema.statistics WHERE TABLE_SCHEMA=database() AND TABLE_NAME IN ('student_0004')", args=[]
2022-06-06T15:17:10.458+0800	[35mDEBUG[0m	runtime/runtime.go:675	call upstream: db=employees_0000, sql="INSERT IGNORE INTO `student_0004`(`id`, `uid`, `score`, `name`, `nickname`, `gender`, `birth_year`) VALUES (?, ?, ?, ?, ?, ?, ?)", args=[1654499830456930308 4 3.14 [102 97 107 101 95 110 97 109 101 95 52] [102 97 107 101 95 110 105 99 107 110 97 109 101 95 52] 1 2022]
2022-06-06T15:17:10.460+0800	[35mDEBUG[0m	executor/redirect.go:312	ComStmtExecute: INSERT IGNORE INTO student(id,uid,score,name,nickname,gender,birth_year) values (?,?,?,?,?,?,?)
2022-06-06T15:17:10.460+0800	[35mDEBUG[0m	runtime/runtime.go:675	call upstream: db=employees_0000, sql="SELECT TABLE_NAME, COLUMN_NAME, DATA_TYPE, COLUMN_KEY, EXTRA, COLLATION_NAME, ORDINAL_POSITION FROM information_schema.columns WHERE TABLE_SCHEMA=database() AND TABLE_NAME IN ('student_0005') ORDER BY ORDINAL_POSITION", args=[]
2022-06-06T15:17:10.461+0800	[35mDEBUG[0m	runtime/runtime.go:675	call upstream: db=employees_0000, sql="SELECT TABLE_NAME, INDEX_NAME FROM information_schema.statistics WHERE TABLE_SCHEMA=database() AND TABLE_NAME IN ('student_0005')", args=[]
2022-06-06T15:17:10.462+0800	[35mDEBUG[0m	runtime/runtime.go:675	call upstream: db=employees_0000, sql="INSERT IGNORE INTO `student_0005`(`id`, `uid`, `score`, `name`, `nickname`, `gender`, `birth_year`) VALUES (?, ?, ?, ?, ?, ?, ?)", args=[1654499830460626189 5 3.14 [102 97 107 101 95 110 97 109 101 95 53] [102 97 107 101 95 110 105 99 107 110 97 109 101 95 53] 1 2022]
2022-06-06T15:17:10.464+0800	[35mDEBUG[0m	executor/redirect.go:312	ComStmtExecute: INSERT IGNORE INTO student(id,uid,score,name,nickname,gender,birth_year) values (?,?,?,?,?,?,?)
2022-06-06T15:17:10.464+0800	[35mDEBUG[0m	runtime/runtime.go:675	call upstream: db=employees_0000, sql="SELECT TABLE_NAME, COLUMN_NAME, DATA_TYPE, COLUMN_KEY, EXTRA, COLLATION_NAME, ORDINAL_POSITION FROM information_schema.columns WHERE TABLE_SCHEMA=database() AND TABLE_NAME IN ('student_0006') ORDER BY ORDINAL_POSITION", args=[]
2022-06-06T15:17:10.465+0800	[35mDEBUG[0m	runtime/runtime.go:675	call upstream: db=employees_0000, sql="SELECT TABLE_NAME, INDEX_NAME FROM information_schema.statistics WHERE TABLE_SCHEMA=database() AND TABLE_NAME IN ('student_0006')", args=[]
2022-06-06T15:17:10.466+0800	[35mDEBUG[0m	runtime/runtime.go:675	call upstream: db=employees_0000, sql="INSERT IGNORE INTO `student_0006`(`id`, `uid`, `score`, `name`, `nickname`, `gender`, `birth_year`) VALUES (?, ?, ?, ?, ?, ?, ?)", args=[1654499830464504985 6 3.14 [102 97 107 101 95 110 97 109 101 95 54] [102 97 107 101 95 110 105 99 107 110 97 109 101 95 54] 1 2022]
2022-06-06T15:17:10.468+0800	[35mDEBUG[0m	executor/redirect.go:312	ComStmtExecute: INSERT IGNORE INTO student(id,uid,score,name,nickname,gender,birth_year) values (?,?,?,?,?,?,?)
2022-06-06T15:17:10.468+0800	[35mDEBUG[0m	runtime/runtime.go:675	call upstream: db=employees_0000, sql="SELECT TABLE_NAME, COLUMN_NAME, DATA_TYPE, COLUMN_KEY, EXTRA, COLLATION_NAME, ORDINAL_POSITION FROM information_schema.columns WHERE TABLE_SCHEMA=database() AND TABLE_NAME IN ('student_0007') ORDER BY ORDINAL_POSITION", args=[]
2022-06-06T15:17:10.469+0800	[35mDEBUG[0m	runtime/runtime.go:675	call upstream: db=employees_0000, sql="SELECT TABLE_NAME, INDEX_NAME FROM information_schema.statistics WHERE TABLE_SCHEMA=database() AND TABLE_NAME IN ('student_0007')", args=[]
2022-06-06T15:17:10.469+0800	[35mDEBUG[0m	runtime/runtime.go:675	call upstream: db=employees_0000, sql="INSERT IGNORE INTO `student_0007`(`id`, `uid`, `score`, `name`, `nickname`, `gender`, `birth_year`) VALUES (?, ?, ?, ?, ?, ?, ?)", args=[1654499830468091420 7 3.14 [102 97 107 101 95 110 97 109 101 95 55] [102 97 107 101 95 110 105 99 107 110 97 109 101 95 55] 1 2022]
2022-06-06T15:17:10.472+0800	[35mDEBUG[0m	executor/redirect.go:312	ComStmtExecute: INSERT IGNORE INTO student(id,uid,score,name,nickname,gender,birth_year) values (?,?,?,?,?,?,?)
2022-06-06T15:17:10.472+0800	[35mDEBUG[0m	runtime/runtime.go:675	call upstream: db=employees_0000, sql="SELECT TABLE_NAME, COLUMN_NAME, DATA_TYPE, COLUMN_KEY, EXTRA, COLLATION_NAME, ORDINAL_POSITION FROM information_schema.columns WHERE TABLE_SCHEMA=database() AND TABLE_NAME IN ('student_0008') ORDER BY ORDINAL_POSITION", args=[]
2022-06-06T15:17:10.472+0800	[35mDEBUG[0m	runtime/runtime.go:675	call upstream: db=employees_0000, sql="SELECT TABLE_NAME, INDEX_NAME FROM information_schema.statistics WHERE TABLE_SCHEMA=database() AND TABLE_NAME IN ('student_0008')", args=[]
2022-06-06T15:17:10.473+0800	[35mDEBUG[0m	runtime/runtime.go:675	call upstream: db=employees_0000, sql="INSERT IGNORE INTO `student_0008`(`id`, `uid`, `score`, `name`, `nickname`, `gender`, `birth_year`) VALUES (?, ?, ?, ?, ?, ?, ?)", args=[1654499830471972080 8 3.14 [102 97 107 101 95 110 97 109 101 95 56] [102 97 107 101 95 110 105 99 107 110 97 109 101 95 56] 1 2022]
2022-06-06T15:17:10.476+0800	[35mDEBUG[0m	executor/redirect.go:312	ComStmtExecute: INSERT IGNORE INTO student(id,uid,score,name,nickname,gender,birth_year) values (?,?,?,?,?,?,?)
2022-06-06T15:17:10.476+0800	[35mDEBUG[0m	runtime/runtime.go:675	call upstream: db=employees_0000, sql="SELECT TABLE_NAME, COLUMN_NAME, DATA_TYPE, COLUMN_KEY, EXTRA, COLLATION_NAME, ORDINAL_POSITION FROM information_schema.columns WHERE TABLE_SCHEMA=database() AND TABLE_NAME IN ('student_0009') ORDER BY ORDINAL_POSITION", args=[]
2022-06-06T15:17:10.476+0800	[35mDEBUG[0m	runtime/runtime.go:675	call upstream: db=employees_0000, sql="SELECT TABLE_NAME, INDEX_NAME FROM information_schema.statistics WHERE TABLE_SCHEMA=database() AND TABLE_NAME IN ('student_0009')", args=[]
2022-06-06T15:17:10.477+0800	[35mDEBUG[0m	runtime/runtime.go:675	call upstream: db=employees_0000, sql="INSERT IGNORE INTO `student_0009`(`id`, `uid`, `score`, `name`, `nickname`, `gender`, `birth_year`) VALUES (?, ?, ?, ?, ?, ?, ?)", args=[1654499830475946435 9 3.14 [102 97 107 101 95 110 97 109 101 95 57] [102 97 107 101 95 110 105 99 107 110 97 109 101 95 57] 1 2022]
2022-06-06T15:17:10.480+0800	[35mDEBUG[0m	executor/redirect.go:312	ComStmtExecute: INSERT IGNORE INTO student(id,uid,score,name,nickname,gender,birth_year) values (?,?,?,?,?,?,?)
2022-06-06T15:17:10.480+0800	[35mDEBUG[0m	runtime/runtime.go:675	call upstream: db=employees_0000, sql="SELECT TABLE_NAME, COLUMN_NAME, DATA_TYPE, COLUMN_KEY, EXTRA, COLLATION_NAME, ORDINAL_POSITION FROM information_schema.columns WHERE TABLE_SCHEMA=database() AND TABLE_NAME IN ('student_0010') ORDER BY ORDINAL_POSITION", args=[]
2022-06-06T15:17:10.480+0800	[35mDEBUG[0m	runtime/runtime.go:675	call upstream: db=employees_0000, sql="SELECT TABLE_NAME, INDEX_NAME FROM information_schema.statistics WHERE TABLE_SCHEMA=database() AND TABLE_NAME IN ('student_0010')", args=[]
2022-06-06T15:17:10.481+0800	[35mDEBUG[0m	runtime/runtime.go:675	call upstream: db=employees_0000, sql="INSERT IGNORE INTO `student_0010`(`id`, `uid`, `score`, `name`, `nickname`, `gender`, `birth_year`) VALUES (?, ?, ?, ?, ?, ?, ?)", args=[1654499830479956387 10 3.14 [102 97 107 101 95 110 97 109 101 95 49 48] [102 97 107 101 95 110 105 99 107 110 97 109 101 95 49 48] 1 2022]
2022-06-06T15:17:10.484+0800	[35mDEBUG[0m	executor/redirect.go:312	ComStmtExecute: INSERT IGNORE INTO student(id,uid,score,name,nickname,gender,birth_year) values (?,?,?,?,?,?,?)
2022-06-06T15:17:10.484+0800	[35mDEBUG[0m	runtime/runtime.go:675	call upstream: db=employees_0000, sql="SELECT TABLE_NAME, COLUMN_NAME, DATA_TYPE, COLUMN_KEY, EXTRA, COLLATION_NAME, ORDINAL_POSITION FROM information_schema.columns WHERE TABLE_SCHEMA=database() AND TABLE_NAME IN ('student_0011') ORDER BY ORDINAL_POSITION", args=[]
2022-06-06T15:17:10.485+0800	[35mDEBUG[0m	runtime/runtime.go:675	call upstream: db=employees_0000, sql="SELECT TABLE_NAME, INDEX_NAME FROM information_schema.statistics WHERE TABLE_SCHEMA=database() AND TABLE_NAME IN ('student_0011')", args=[]
2022-06-06T15:17:10.486+0800	[35mDEBUG[0m	runtime/runtime.go:675	call upstream: db=employees_0000, sql="INSERT IGNORE INTO `student_0011`(`id`, `uid`, `score`, `name`, `nickname`, `gender`, `birth_year`) VALUES (?, ?, ?, ?, ?, ?, ?)", args=[1654499830484239613 11 3.14 [102 97 107 101 95 110 97 109 101 95 49 49] [102 97 107 101 95 110 105 99 107 110 97 109 101 95 49 49] 1 2022]
2022-06-06T15:17:10.488+0800	[35mDEBUG[0m	executor/redirect.go:312	ComStmtExecute: INSERT IGNORE INTO student(id,uid,score,name,nickname,gender,birth_year) values (?,?,?,?,?,?,?)
2022-06-06T15:17:10.488+0800	[35mDEBUG[0m	runtime/runtime.go:675	call upstream: db=employees_0000, sql="SELECT TABLE_NAME, COLUMN_NAME, DATA_TYPE, COLUMN_KEY, EXTRA, COLLATION_NAME, ORDINAL_POSITION FROM information_schema.columns WHERE TABLE_SCHEMA=database() AND TABLE_NAME IN ('student_0012') ORDER BY ORDINAL_POSITION", args=[]
2022-06-06T15:17:10.489+0800	[35mDEBUG[0m	runtime/runtime.go:675	call upstream: db=employees_0000, sql="SELECT TABLE_NAME, INDEX_NAME FROM information_schema.statistics WHERE TABLE_SCHEMA=database() AND TABLE_NAME IN ('student_0012')", args=[]
2022-06-06T15:17:10.490+0800	[35mDEBUG[0m	runtime/runtime.go:675	call upstream: db=employees_0000, sql="INSERT IGNORE INTO `student_0012`(`id`, `uid`, `score`, `name`, `nickname`, `gender`, `birth_year`) VALUES (?, ?, ?, ?, ?, ?, ?)", args=[1654499830488630533 12 3.14 [102 97 107 101 95 110 97 109 101 95 49 50] [102 97 107 101 95 110 105 99 107 110 97 109 101 95 49 50] 1 2022]
2022-06-06T15:17:10.493+0800	[35mDEBUG[0m	executor/redirect.go:312	ComStmtExecute: INSERT IGNORE INTO student(id,uid,score,name,nickname,gender,birth_year) values (?,?,?,?,?,?,?)
2022-06-06T15:17:10.493+0800	[35mDEBUG[0m	runtime/runtime.go:675	call upstream: db=employees_0000, sql="SELECT TABLE_NAME, COLUMN_NAME, DATA_TYPE, COLUMN_KEY, EXTRA, COLLATION_NAME, ORDINAL_POSITION FROM information_schema.columns WHERE TABLE_SCHEMA=database() AND TABLE_NAME IN ('student_0013') ORDER BY ORDINAL_POSITION", args=[]
2022-06-06T15:17:10.494+0800	[35mDEBUG[0m	runtime/runtime.go:675	call upstream: db=employees_0000, sql="SELECT TABLE_NAME, INDEX_NAME FROM information_schema.statistics WHERE TABLE_SCHEMA=database() AND TABLE_NAME IN ('student_0013')", args=[]
2022-06-06T15:17:10.495+0800	[35mDEBUG[0m	runtime/runtime.go:675	call upstream: db=employees_0000, sql="INSERT IGNORE INTO `student_0013`(`id`, `uid`, `score`, `name`, `nickname`, `gender`, `birth_year`) VALUES (?, ?, ?, ?, ?, ?, ?)", args=[1654499830493478220 13 3.14 [102 97 107 101 95 110 97 109 101 95 49 51] [102 97 107 101 95 110 105 99 107 110 97 109 101 95 49 51] 1 2022]
2022-06-06T15:17:10.497+0800	[35mDEBUG[0m	executor/redirect.go:312	ComStmtExecute: INSERT IGNORE INTO student(id,uid,score,name,nickname,gender,birth_year) values (?,?,?,?,?,?,?)
2022-06-06T15:17:10.497+0800	[35mDEBUG[0m	runtime/runtime.go:675	call upstream: db=employees_0000, sql="SELECT TABLE_NAME, COLUMN_NAME, DATA_TYPE, COLUMN_KEY, EXTRA, COLLATION_NAME, ORDINAL_POSITION FROM information_schema.columns WHERE TABLE_SCHEMA=database() AND TABLE_NAME IN ('student_0014') ORDER BY ORDINAL_POSITION", args=[]
2022-06-06T15:17:10.498+0800	[35mDEBUG[0m	runtime/runtime.go:675	call upstream: db=employees_0000, sql="SELECT TABLE_NAME, INDEX_NAME FROM information_schema.statistics WHERE TABLE_SCHEMA=database() AND TABLE_NAME IN ('student_0014')", args=[]
2022-06-06T15:17:10.499+0800	[35mDEBUG[0m	runtime/runtime.go:675	call upstream: db=employees_0000, sql="INSERT IGNORE INTO `student_0014`(`id`, `uid`, `score`, `name`, `nickname`, `gender`, `birth_year`) VALUES (?, ?, ?, ?, ?, ?, ?)", args=[1654499830497659395 14 3.14 [102 97 107 101 95 110 97 109 101 95 49 52] [102 97 107 101 95 110 105 99 107 110 97 109 101 95 49 52] 1 2022]
2022-06-06T15:17:10.501+0800	[35mDEBUG[0m	executor/redirect.go:312	ComStmtExecute: INSERT IGNORE INTO student(id,uid,score,name,nickname,gender,birth_year) values (?,?,?,?,?,?,?)
2022-06-06T15:17:10.501+0800	[35mDEBUG[0m	runtime/runtime.go:675	call upstream: db=employees_0000, sql="SELECT TABLE_NAME, COLUMN_NAME, DATA_TYPE, COLUMN_KEY, EXTRA, COLLATION_NAME, ORDINAL_POSITION FROM information_schema.columns WHERE TABLE_SCHEMA=database() AND TABLE_NAME IN ('student_0015') ORDER BY ORDINAL_POSITION", args=[]
2022-06-06T15:17:10.502+0800	[35mDEBUG[0m	runtime/runtime.go:675	call upstream: db=employees_0000, sql="SELECT TABLE_NAME, INDEX_NAME FROM information_schema.statistics WHERE TABLE_SCHEMA=database() AND TABLE_NAME IN ('student_0015')", args=[]
2022-06-06T15:17:10.503+0800	[35mDEBUG[0m	runtime/runtime.go:675	call upstream: db=employees_0000, sql="INSERT IGNORE INTO `student_0015`(`id`, `uid`, `score`, `name`, `nickname`, `gender`, `birth_year`) VALUES (?, ?, ?, ?, ?, ?, ?)", args=[1654499830501670389 15 3.14 [102 97 107 101 95 110 97 109 101 95 49 53] [102 97 107 101 95 110 105 99 107 110 97 109 101 95 49 53] 1 2022]
2022-06-06T15:17:10.505+0800	[35mDEBUG[0m	executor/redirect.go:312	ComStmtExecute: INSERT IGNORE INTO student(id,uid,score,name,nickname,gender,birth_year) values (?,?,?,?,?,?,?)
2022-06-06T15:17:10.505+0800	[35mDEBUG[0m	runtime/runtime.go:675	call upstream: db=employees_0000, sql="SELECT TABLE_NAME, COLUMN_NAME, DATA_TYPE, COLUMN_KEY, EXTRA, COLLATION_NAME, ORDINAL_POSITION FROM information_schema.columns WHERE TABLE_SCHEMA=database() AND TABLE_NAME IN ('student_0016') ORDER BY ORDINAL_POSITION", args=[]
2022-06-06T15:17:10.506+0800	[35mDEBUG[0m	runtime/runtime.go:675	call upstream: db=employees_0000, sql="SELECT TABLE_NAME, INDEX_NAME FROM information_schema.statistics WHERE TABLE_SCHEMA=database() AND TABLE_NAME IN ('student_0016')", args=[]
2022-06-06T15:17:10.507+0800	[35mDEBUG[0m	runtime/runtime.go:675	call upstream: db=employees_0000, sql="INSERT IGNORE INTO `student_0016`(`id`, `uid`, `score`, `name`, `nickname`, `gender`, `birth_year`) VALUES (?, ?, ?, ?, ?, ?, ?)", args=[1654499830505535859 16 3.14 [102 97 107 101 95 110 97 109 101 95 49 54] [102 97 107 101 95 110 105 99 107 110 97 109 101 95 49 54] 1 2022]
2022-06-06T15:17:10.510+0800	[35mDEBUG[0m	executor/redirect.go:312	ComStmtExecute: INSERT IGNORE INTO student(id,uid,score,name,nickname,gender,birth_year) values (?,?,?,?,?,?,?)
2022-06-06T15:17:10.510+0800	[35mDEBUG[0m	runtime/runtime.go:675	call upstream: db=employees_0000, sql="SELECT TABLE_NAME, COLUMN_NAME, DATA_TYPE, COLUMN_KEY, EXTRA, COLLATION_NAME, ORDINAL_POSITION FROM information_schema.columns WHERE TABLE_SCHEMA=database() AND TABLE_NAME IN ('student_0017') ORDER BY ORDINAL_POSITION", args=[]
2022-06-06T15:17:10.511+0800	[35mDEBUG[0m	runtime/runtime.go:675	call upstream: db=employees_0000, sql="SELECT TABLE_NAME, INDEX_NAME FROM information_schema.statistics WHERE TABLE_SCHEMA=database() AND TABLE_NAME IN ('student_0017')", args=[]
2022-06-06T15:17:10.512+0800	[35mDEBUG[0m	runtime/runtime.go:675	call upstream: db=employees_0000, sql="INSERT IGNORE INTO `student_0017`(`id`, `uid`, `score`, `name`, `nickname`, `gender`, `birth_year`) VALUES (?, ?, ?, ?, ?, ?, ?)", args=[1654499830510575918 17 3.14 [102 97 107 101 95 110 97 109 101 95 49 55] [102 97 107 101 95 110 105 99 107 110 97 109 101 95 49 55] 1 2022]
2022-06-06T15:17:10.517+0800	[35mDEBUG[0m	executor/redirect.go:312	ComStmtExecute: INSERT IGNORE INTO student(id,uid,score,name,nickname,gender,birth_year) values (?,?,?,?,?,?,?)
2022-06-06T15:17:10.517+0800	[35mDEBUG[0m	runtime/runtime.go:675	call upstream: db=employees_0000, sql="SELECT TABLE_NAME, COLUMN_NAME, DATA_TYPE, COLUMN_KEY, EXTRA, COLLATION_NAME, ORDINAL_POSITION FROM information_schema.columns WHERE TABLE_SCHEMA=database() AND TABLE_NAME IN ('student_0018') ORDER BY ORDINAL_POSITION", args=[]
2022-06-06T15:17:10.518+0800	[35mDEBUG[0m	runtime/runtime.go:675	call upstream: db=employees_0000, sql="SELECT TABLE_NAME, INDEX_NAME FROM information_schema.statistics WHERE TABLE_SCHEMA=database() AND TABLE_NAME IN ('student_0018')", args=[]
2022-06-06T15:17:10.518+0800	[35mDEBUG[0m	runtime/runtime.go:675	call upstream: db=employees_0000, sql="INSERT IGNORE INTO `student_0018`(`id`, `uid`, `score`, `name`, `nickname`, `gender`, `birth_year`) VALUES (?, ?, ?, ?, ?, ?, ?)", args=[1654499830517207602 18 3.14 [102 97 107 101 95 110 97 109 101 95 49 56] [102 97 107 101 95 110 105 99 107 110 97 109 101 95 49 56] 1 2022]
2022-06-06T15:17:10.522+0800	[35mDEBUG[0m	executor/redirect.go:312	ComStmtExecute: INSERT IGNORE INTO student(id,uid,score,name,nickname,gender,birth_year) values (?,?,?,?,?,?,?)
2022-06-06T15:17:10.522+0800	[35mDEBUG[0m	runtime/runtime.go:675	call upstream: db=employees_0000, sql="SELECT TABLE_NAME, COLUMN_NAME, DATA_TYPE, COLUMN_KEY, EXTRA, COLLATION_NAME, ORDINAL_POSITION FROM information_schema.columns WHERE TABLE_SCHEMA=database() AND TABLE_NAME IN ('student_0019') ORDER BY ORDINAL_POSITION", args=[]
2022-06-06T15:17:10.523+0800	[35mDEBUG[0m	runtime/runtime.go:675	call upstream: db=employees_0000, sql="SELECT TABLE_NAME, INDEX_NAME FROM information_schema.statistics WHERE TABLE_SCHEMA=database() AND TABLE_NAME IN ('student_0019')", args=[]
2022-06-06T15:17:10.523+0800	[35mDEBUG[0m	runtime/runtime.go:675	call upstream: db=employees_0000, sql="INSERT IGNORE INTO `student_0019`(`id`, `uid`, `score`, `name`, `nickname`, `gender`, `birth_year`) VALUES (?, ?, ?, ?, ?, ?, ?)", args=[1654499830522321871 19 3.14 [102 97 107 101 95 110 97 109 101 95 49 57] [102 97 107 101 95 110 105 99 107 110 97 109 101 95 49 57] 1 2022]
2022-06-06T15:17:10.526+0800	[35mDEBUG[0m	executor/redirect.go:312	ComStmtExecute: INSERT IGNORE INTO student(id,uid,score,name,nickname,gender,birth_year) values (?,?,?,?,?,?,?)
2022-06-06T15:17:10.526+0800	[35mDEBUG[0m	runtime/runtime.go:675	call upstream: db=employees_0000, sql="SELECT TABLE_NAME, COLUMN_NAME, DATA_TYPE, COLUMN_KEY, EXTRA, COLLATION_NAME, ORDINAL_POSITION FROM information_schema.columns WHERE TABLE_SCHEMA=database() AND TABLE_NAME IN ('student_0020') ORDER BY ORDINAL_POSITION", args=[]
2022-06-06T15:17:10.527+0800	[35mDEBUG[0m	runtime/runtime.go:675	call upstream: db=employees_0000, sql="SELECT TABLE_NAME, INDEX_NAME FROM information_schema.statistics WHERE TABLE_SCHEMA=database() AND TABLE_NAME IN ('student_0020')", args=[]
2022-06-06T15:17:10.527+0800	[35mDEBUG[0m	runtime/runtime.go:675	call upstream: db=employees_0000, sql="INSERT IGNORE INTO `student_0020`(`id`, `uid`, `score`, `name`, `nickname`, `gender`, `birth_year`) VALUES (?, ?, ?, ?, ?, ?, ?)", args=[1654499830526349367 20 3.14 [102 97 107 101 95 110 97 109 101 95 50 48] [102 97 107 101 95 110 105 99 107 110 97 109 101 95 50 48] 1 2022]
2022-06-06T15:17:10.529+0800	[35mDEBUG[0m	executor/redirect.go:312	ComStmtExecute: INSERT IGNORE INTO student(id,uid,score,name,nickname,gender,birth_year) values (?,?,?,?,?,?,?)
2022-06-06T15:17:10.530+0800	[35mDEBUG[0m	runtime/runtime.go:675	call upstream: db=employees_0000, sql="SELECT TABLE_NAME, COLUMN_NAME, DATA_TYPE, COLUMN_KEY, EXTRA, COLLATION_NAME, ORDINAL_POSITION FROM information_schema.columns WHERE TABLE_SCHEMA=database() AND TABLE_NAME IN ('student_0021') ORDER BY ORDINAL_POSITION", args=[]
2022-06-06T15:17:10.530+0800	[35mDEBUG[0m	runtime/runtime.go:675	call upstream: db=employees_0000, sql="SELECT TABLE_NAME, INDEX_NAME FROM information_schema.statistics WHERE TABLE_SCHEMA=database() AND TABLE_NAME IN ('student_0021')", args=[]
2022-06-06T15:17:10.531+0800	[35mDEBUG[0m	runtime/runtime.go:675	call upstream: db=employees_0000, sql="INSERT IGNORE INTO `student_0021`(`id`, `uid`, `score`, `name`, `nickname`, `gender`, `birth_year`) VALUES (?, ?, ?, ?, ?, ?, ?)", args=[1654499830529831236 21 3.14 [102 97 107 101 95 110 97 109 101 95 50 49] [102 97 107 101 95 110 105 99 107 110 97 109 101 95 50 49] 1 2022]
2022-06-06T15:17:10.534+0800	[35mDEBUG[0m	executor/redirect.go:312	ComStmtExecute: INSERT IGNORE INTO student(id,uid,score,name,nickname,gender,birth_year) values (?,?,?,?,?,?,?)
2022-06-06T15:17:10.534+0800	[35mDEBUG[0m	runtime/runtime.go:675	call upstream: db=employees_0000, sql="SELECT TABLE_NAME, COLUMN_NAME, DATA_TYPE, COLUMN_KEY, EXTRA, COLLATION_NAME, ORDINAL_POSITION FROM information_schema.columns WHERE TABLE_SCHEMA=database() AND TABLE_NAME IN ('student_0022') ORDER BY ORDINAL_POSITION", args=[]
2022-06-06T15:17:10.535+0800	[35mDEBUG[0m	runtime/runtime.go:675	call upstream: db=employees_0000, sql="SELECT TABLE_NAME, INDEX_NAME FROM information_schema.statistics WHERE TABLE_SCHEMA=database() AND TABLE_NAME IN ('student_0022')", args=[]
2022-06-06T15:17:10.536+0800	[35mDEBUG[0m	runtime/runtime.go:675	call upstream: db=employees_0000, sql="INSERT IGNORE INTO `student_0022`(`id`, `uid`, `score`, `name`, `nickname`, `gender`, `birth_year`) VALUES (?, ?, ?, ?, ?, ?, ?)", args=[1654499830534342792 22 3.14 [102 97 107 101 95 110 97 109 101 95 50 50] [102 97 107 101 95 110 105 99 107 110 97 109 101 95 50 50] 1 2022]
2022-06-06T15:17:10.538+0800	[35mDEBUG[0m	executor/redirect.go:312	ComStmtExecute: INSERT IGNORE INTO student(id,uid,score,name,nickname,gender,birth_year) values (?,?,?,?,?,?,?)
2022-06-06T15:17:10.538+0800	[35mDEBUG[0m	runtime/runtime.go:675	call upstream: db=employees_0000, sql="SELECT TABLE_NAME, COLUMN_NAME, DATA_TYPE, COLUMN_KEY, EXTRA, COLLATION_NAME, ORDINAL_POSITION FROM information_schema.columns WHERE TABLE_SCHEMA=database() AND TABLE_NAME IN ('student_0023') ORDER BY ORDINAL_POSITION", args=[]
2022-06-06T15:17:10.539+0800	[35mDEBUG[0m	runtime/runtime.go:675	call upstream: db=employees_0000, sql="SELECT TABLE_NAME, INDEX_NAME FROM information_schema.statistics WHERE TABLE_SCHEMA=database() AND TABLE_NAME IN ('student_0023')", args=[]
2022-06-06T15:17:10.540+0800	[35mDEBUG[0m	runtime/runtime.go:675	call upstream: db=employees_0000, sql="INSERT IGNORE INTO `student_0023`(`id`, `uid`, `score`, `name`, `nickname`, `gender`, `birth_year`) VALUES (?, ?, ?, ?, ?, ?, ?)", args=[1654499830538548332 23 3.14 [102 97 107 101 95 110 97 109 101 95 50 51] [102 97 107 101 95 110 105 99 107 110 97 109 101 95 50 51] 1 2022]
2022-06-06T15:17:10.543+0800	[35mDEBUG[0m	executor/redirect.go:312	ComStmtExecute: INSERT IGNORE INTO student(id,uid,score,name,nickname,gender,birth_year) values (?,?,?,?,?,?,?)
2022-06-06T15:17:10.543+0800	[35mDEBUG[0m	runtime/runtime.go:675	call upstream: db=employees_0000, sql="SELECT TABLE_NAME, COLUMN_NAME, DATA_TYPE, COLUMN_KEY, EXTRA, COLLATION_NAME, ORDINAL_POSITION FROM information_schema.columns WHERE TABLE_SCHEMA=database() AND TABLE_NAME IN ('student_0024') ORDER BY ORDINAL_POSITION", args=[]
2022-06-06T15:17:10.544+0800	[35mDEBUG[0m	runtime/runtime.go:675	call upstream: db=employees_0000, sql="SELECT TABLE_NAME, INDEX_NAME FROM information_schema.statistics WHERE TABLE_SCHEMA=database() AND TABLE_NAME IN ('student_0024')", args=[]
2022-06-06T15:17:10.545+0800	[35mDEBUG[0m	runtime/runtime.go:675	call upstream: db=employees_0000, sql="INSERT IGNORE INTO `student_0024`(`id`, `uid`, `score`, `name`, `nickname`, `gender`, `birth_year`) VALUES (?, ?, ?, ?, ?, ?, ?)", args=[1654499830543228594 24 3.14 [102 97 107 101 95 110 97 109 101 95 50 52] [102 97 107 101 95 110 105 99 107 110 97 109 101 95 50 52] 1 2022]
2022-06-06T15:17:10.548+0800	[35mDEBUG[0m	executor/redirect.go:312	ComStmtExecute: INSERT IGNORE INTO student(id,uid,score,name,nickname,gender,birth_year) values (?,?,?,?,?,?,?)
2022-06-06T15:17:10.548+0800	[35mDEBUG[0m	runtime/runtime.go:675	call upstream: db=employees_0000, sql="SELECT TABLE_NAME, COLUMN_NAME, DATA_TYPE, COLUMN_KEY, EXTRA, COLLATION_NAME, ORDINAL_POSITION FROM information_schema.columns WHERE TABLE_SCHEMA=database() AND TABLE_NAME IN ('student_0025') ORDER BY ORDINAL_POSITION", args=[]
2022-06-06T15:17:10.549+0800	[35mDEBUG[0m	runtime/runtime.go:675	call upstream: db=employees_0000, sql="SELECT TABLE_NAME, INDEX_NAME FROM information_schema.statistics WHERE TABLE_SCHEMA=database() AND TABLE_NAME IN ('student_0025')", args=[]
2022-06-06T15:17:10.550+0800	[35mDEBUG[0m	runtime/runtime.go:675	call upstream: db=employees_0000, sql="INSERT IGNORE INTO `student_0025`(`id`, `uid`, `score`, `name`, `nickname`, `gender`, `birth_year`) VALUES (?, ?, ?, ?, ?, ?, ?)", args=[1654499830548293701 25 3.14 [102 97 107 101 95 110 97 109 101 95 50 53] [102 97 107 101 95 110 105 99 107 110 97 109 101 95 50 53] 1 2022]
2022-06-06T15:17:10.560+0800	[35mDEBUG[0m	executor/redirect.go:312	ComStmtExecute: INSERT IGNORE INTO student(id,uid,score,name,nickname,gender,birth_year) values (?,?,?,?,?,?,?)
2022-06-06T15:17:10.560+0800	[35mDEBUG[0m	runtime/runtime.go:675	call upstream: db=employees_0000, sql="SELECT TABLE_NAME, COLUMN_NAME, DATA_TYPE, COLUMN_KEY, EXTRA, COLLATION_NAME, ORDINAL_POSITION FROM information_schema.columns WHERE TABLE_SCHEMA=database() AND TABLE_NAME IN ('student_0026') ORDER BY ORDINAL_POSITION", args=[]
2022-06-06T15:17:10.561+0800	[35mDEBUG[0m	runtime/runtime.go:675	call upstream: db=employees_0000, sql="SELECT TABLE_NAME, INDEX_NAME FROM information_schema.statistics WHERE TABLE_SCHEMA=database() AND TABLE_NAME IN ('student_0026')", args=[]
2022-06-06T15:17:10.561+0800	[35mDEBUG[0m	runtime/runtime.go:675	call upstream: db=employees_0000, sql="INSERT IGNORE INTO `student_0026`(`id`, `uid`, `score`, `name`, `nickname`, `gender`, `birth_year`) VALUES (?, ?, ?, ?, ?, ?, ?)", args=[1654499830560075261 26 3.14 [102 97 107 101 95 110 97 109 101 95 50 54] [102 97 107 101 95 110 105 99 107 110 97 109 101 95 50 54] 1 2022]
2022-06-06T15:17:10.564+0800	[35mDEBUG[0m	executor/redirect.go:312	ComStmtExecute: INSERT IGNORE INTO student(id,uid,score,name,nickname,gender,birth_year) values (?,?,?,?,?,?,?)
2022-06-06T15:17:10.564+0800	[35mDEBUG[0m	runtime/runtime.go:675	call upstream: db=employees_0000, sql="SELECT TABLE_NAME, COLUMN_NAME, DATA_TYPE, COLUMN_KEY, EXTRA, COLLATION_NAME, ORDINAL_POSITION FROM information_schema.columns WHERE TABLE_SCHEMA=database() AND TABLE_NAME IN ('student_0027') ORDER BY ORDINAL_POSITION", args=[]
2022-06-06T15:17:10.565+0800	[35mDEBUG[0m	runtime/runtime.go:675	call upstream: db=employees_0000, sql="SELECT TABLE_NAME, INDEX_NAME FROM information_schema.statistics WHERE TABLE_SCHEMA=database() AND TABLE_NAME IN ('student_0027')", args=[]
2022-06-06T15:17:10.566+0800	[35mDEBUG[0m	runtime/runtime.go:675	call upstream: db=employees_0000, sql="INSERT IGNORE INTO `student_0027`(`id`, `uid`, `score`, `name`, `nickname`, `gender`, `birth_year`) VALUES (?, ?, ?, ?, ?, ?, ?)", args=[1654499830564711742 27 3.14 [102 97 107 101 95 110 97 109 101 95 50 55] [102 97 107 101 95 110 105 99 107 110 97 109 101 95 50 55] 1 2022]
2022-06-06T15:17:10.577+0800	[35mDEBUG[0m	executor/redirect.go:312	ComStmtExecute: INSERT IGNORE INTO student(id,uid,score,name,nickname,gender,birth_year) values (?,?,?,?,?,?,?)
2022-06-06T15:17:10.577+0800	[35mDEBUG[0m	runtime/runtime.go:675	call upstream: db=employees_0000, sql="SELECT TABLE_NAME, COLUMN_NAME, DATA_TYPE, COLUMN_KEY, EXTRA, COLLATION_NAME, ORDINAL_POSITION FROM information_schema.columns WHERE TABLE_SCHEMA=database() AND TABLE_NAME IN ('student_0028') ORDER BY ORDINAL_POSITION", args=[]
2022-06-06T15:17:10.578+0800	[35mDEBUG[0m	runtime/runtime.go:675	call upstream: db=employees_0000, sql="SELECT TABLE_NAME, INDEX_NAME FROM information_schema.statistics WHERE TABLE_SCHEMA=database() AND TABLE_NAME IN ('student_0028')", args=[]
2022-06-06T15:17:10.579+0800	[35mDEBUG[0m	runtime/runtime.go:675	call upstream: db=employees_0000, sql="INSERT IGNORE INTO `student_0028`(`id`, `uid`, `score`, `name`, `nickname`, `gender`, `birth_year`) VALUES (?, ?, ?, ?, ?, ?, ?)", args=[1654499830577441385 28 3.14 [102 97 107 101 95 110 97 109 101 95 50 56] [102 97 107 101 95 110 105 99 107 110 97 109 101 95 50 56] 1 2022]
2022-06-06T15:17:10.590+0800	[35mDEBUG[0m	executor/redirect.go:312	ComStmtExecute: INSERT IGNORE INTO student(id,uid,score,name,nickname,gender,birth_year) values (?,?,?,?,?,?,?)
2022-06-06T15:17:10.590+0800	[35mDEBUG[0m	runtime/runtime.go:675	call upstream: db=employees_0000, sql="SELECT TABLE_NAME, COLUMN_NAME, DATA_TYPE, COLUMN_KEY, EXTRA, COLLATION_NAME, ORDINAL_POSITION FROM information_schema.columns WHERE TABLE_SCHEMA=database() AND TABLE_NAME IN ('student_0029') ORDER BY ORDINAL_POSITION", args=[]
2022-06-06T15:17:10.591+0800	[35mDEBUG[0m	runtime/runtime.go:675	call upstream: db=employees_0000, sql="SELECT TABLE_NAME, INDEX_NAME FROM information_schema.statistics WHERE TABLE_SCHEMA=database() AND TABLE_NAME IN ('student_0029')", args=[]
2022-06-06T15:17:10.591+0800	[35mDEBUG[0m	runtime/runtime.go:675	call upstream: db=employees_0000, sql="INSERT IGNORE INTO `student_0029`(`id`, `uid`, `score`, `name`, `nickname`, `gender`, `birth_year`) VALUES (?, ?, ?, ?, ?, ?, ?)", args=[1654499830590135131 29 3.14 [102 97 107 101 95 110 97 109 101 95 50 57] [102 97 107 101 95 110 105 99 107 110 97 109 101 95 50 57] 1 2022]
2022-06-06T15:17:10.598+0800	[35mDEBUG[0m	executor/redirect.go:312	ComStmtExecute: INSERT IGNORE INTO student(id,uid,score,name,nickname,gender,birth_year) values (?,?,?,?,?,?,?)
2022-06-06T15:17:10.598+0800	[35mDEBUG[0m	runtime/runtime.go:675	call upstream: db=employees_0000, sql="SELECT TABLE_NAME, COLUMN_NAME, DATA_TYPE, COLUMN_KEY, EXTRA, COLLATION_NAME, ORDINAL_POSITION FROM information_schema.columns WHERE TABLE_SCHEMA=database() AND TABLE_NAME IN ('student_0030') ORDER BY ORDINAL_POSITION", args=[]
2022-06-06T15:17:10.600+0800	[35mDEBUG[0m	runtime/runtime.go:675	call upstream: db=employees_0000, sql="SELECT TABLE_NAME, INDEX_NAME FROM information_schema.statistics WHERE TABLE_SCHEMA=database() AND TABLE_NAME IN ('student_0030')", args=[]
2022-06-06T15:17:10.600+0800	[35mDEBUG[0m	runtime/runtime.go:675	call upstream: db=employees_0000, sql="INSERT IGNORE INTO `student_0030`(`id`, `uid`, `score`, `name`, `nickname`, `gender`, `birth_year`) VALUES (?, ?, ?, ?, ?, ?, ?)", args=[1654499830598503991 30 3.14 [102 97 107 101 95 110 97 109 101 95 51 48] [102 97 107 101 95 110 105 99 107 110 97 109 101 95 51 48] 1 2022]
2022-06-06T15:17:10.603+0800	[35mDEBUG[0m	executor/redirect.go:312	ComStmtExecute: INSERT IGNORE INTO student(id,uid,score,name,nickname,gender,birth_year) values (?,?,?,?,?,?,?)
2022-06-06T15:17:10.603+0800	[35mDEBUG[0m	runtime/runtime.go:675	call upstream: db=employees_0000, sql="SELECT TABLE_NAME, COLUMN_NAME, DATA_TYPE, COLUMN_KEY, EXTRA, COLLATION_NAME, ORDINAL_POSITION FROM information_schema.columns WHERE TABLE_SCHEMA=database() AND TABLE_NAME IN ('student_0031') ORDER BY ORDINAL_POSITION", args=[]
2022-06-06T15:17:10.604+0800	[35mDEBUG[0m	runtime/runtime.go:675	call upstream: db=employees_0000, sql="SELECT TABLE_NAME, INDEX_NAME FROM information_schema.statistics WHERE TABLE_SCHEMA=database() AND TABLE_NAME IN ('student_0031')", args=[]
2022-06-06T15:17:10.605+0800	[35mDEBUG[0m	runtime/runtime.go:675	call upstream: db=employees_0000, sql="INSERT IGNORE INTO `student_0031`(`id`, `uid`, `score`, `name`, `nickname`, `gender`, `birth_year`) VALUES (?, ?, ?, ?, ?, ?, ?)", args=[1654499830603385854 31 3.14 [102 97 107 101 95 110 97 109 101 95 51 49] [102 97 107 101 95 110 105 99 107 110 97 109 101 95 51 49] 1 2022]
2022-06-06T15:17:10.611+0800	[35mDEBUG[0m	executor/redirect.go:312	ComStmtExecute: INSERT IGNORE INTO student(id,uid,score,name,nickname,gender,birth_year) values (?,?,?,?,?,?,?)
2022-06-06T15:17:10.611+0800	[35mDEBUG[0m	runtime/runtime.go:675	call upstream: db=employees_0000, sql="SELECT TABLE_NAME, COLUMN_NAME, DATA_TYPE, COLUMN_KEY, EXTRA, COLLATION_NAME, ORDINAL_POSITION FROM information_schema.columns WHERE TABLE_SCHEMA=database() AND TABLE_NAME IN ('student_0000') ORDER BY ORDINAL_POSITION", args=[]
2022-06-06T15:17:10.612+0800	[35mDEBUG[0m	runtime/runtime.go:675	call upstream: db=employees_0000, sql="SELECT TABLE_NAME, INDEX_NAME FROM information_schema.statistics WHERE TABLE_SCHEMA=database() AND TABLE_NAME IN ('student_0000')", args=[]
2022-06-06T15:17:10.613+0800	[35mDEBUG[0m	runtime/runtime.go:675	call upstream: db=employees_0000, sql="INSERT IGNORE INTO `student_0000`(`id`, `uid`, `score`, `name`, `nickname`, `gender`, `birth_year`) VALUES (?, ?, ?, ?, ?, ?, ?)", args=[1654499830611254754 32 3.14 [102 97 107 101 95 110 97 109 101 95 51 50] [102 97 107 101 95 110 105 99 107 110 97 109 101 95 51 50] 1 2022]
2022-06-06T15:17:10.620+0800	[35mDEBUG[0m	executor/redirect.go:312	ComStmtExecute: INSERT IGNORE INTO student(id,uid,score,name,nickname,gender,birth_year) values (?,?,?,?,?,?,?)
2022-06-06T15:17:10.620+0800	[35mDEBUG[0m	runtime/runtime.go:675	call upstream: db=employees_0000, sql="SELECT TABLE_NAME, COLUMN_NAME, DATA_TYPE, COLUMN_KEY, EXTRA, COLLATION_NAME, ORDINAL_POSITION FROM information_schema.columns WHERE TABLE_SCHEMA=database() AND TABLE_NAME IN ('student_0001') ORDER BY ORDINAL_POSITION", args=[]
2022-06-06T15:17:10.621+0800	[35mDEBUG[0m	runtime/runtime.go:675	call upstream: db=employees_0000, sql="SELECT TABLE_NAME, INDEX_NAME FROM information_schema.statistics WHERE TABLE_SCHEMA=database() AND TABLE_NAME IN ('student_0001')", args=[]
2022-06-06T15:17:10.621+0800	[35mDEBUG[0m	runtime/runtime.go:675	call upstream: db=employees_0000, sql="INSERT IGNORE INTO `student_0001`(`id`, `uid`, `score`, `name`, `nickname`, `gender`, `birth_year`) VALUES (?, ?, ?, ?, ?, ?, ?)", args=[1654499830620007416 33 3.14 [102 97 107 101 95 110 97 109 101 95 51 51] [102 97 107 101 95 110 105 99 107 110 97 109 101 95 51 51] 1 2022]
2022-06-06T15:17:10.628+0800	[35mDEBUG[0m	executor/redirect.go:312	ComStmtExecute: INSERT IGNORE INTO student(id,uid,score,name,nickname,gender,birth_year) values (?,?,?,?,?,?,?)
2022-06-06T15:17:10.628+0800	[35mDEBUG[0m	runtime/runtime.go:675	call upstream: db=employees_0000, sql="SELECT TABLE_NAME, COLUMN_NAME, DATA_TYPE, COLUMN_KEY, EXTRA, COLLATION_NAME, ORDINAL_POSITION FROM information_schema.columns WHERE TABLE_SCHEMA=database() AND TABLE_NAME IN ('student_0002') ORDER BY ORDINAL_POSITION", args=[]
2022-06-06T15:17:10.629+0800	[35mDEBUG[0m	runtime/runtime.go:675	call upstream: db=employees_0000, sql="SELECT TABLE_NAME, INDEX_NAME FROM information_schema.statistics WHERE TABLE_SCHEMA=database() AND TABLE_NAME IN ('student_0002')", args=[]
2022-06-06T15:17:10.629+0800	[35mDEBUG[0m	runtime/runtime.go:675	call upstream: db=employees_0000, sql="INSERT IGNORE INTO `student_0002`(`id`, `uid`, `score`, `name`, `nickname`, `gender`, `birth_year`) VALUES (?, ?, ?, ?, ?, ?, ?)", args=[1654499830628265840 34 3.14 [102 97 107 101 95 110 97 109 101 95 51 52] [102 97 107 101 95 110 105 99 107 110 97 109 101 95 51 52] 1 2022]
2022-06-06T15:17:10.632+0800	[35mDEBUG[0m	executor/redirect.go:312	ComStmtExecute: INSERT IGNORE INTO student(id,uid,score,name,nickname,gender,birth_year) values (?,?,?,?,?,?,?)
2022-06-06T15:17:10.632+0800	[35mDEBUG[0m	runtime/runtime.go:675	call upstream: db=employees_0000, sql="SELECT TABLE_NAME, COLUMN_NAME, DATA_TYPE, COLUMN_KEY, EXTRA, COLLATION_NAME, ORDINAL_POSITION FROM information_schema.columns WHERE TABLE_SCHEMA=database() AND TABLE_NAME IN ('student_0003') ORDER BY ORDINAL_POSITION", args=[]
2022-06-06T15:17:10.633+0800	[35mDEBUG[0m	runtime/runtime.go:675	call upstream: db=employees_0000, sql="SELECT TABLE_NAME, INDEX_NAME FROM information_schema.statistics WHERE TABLE_SCHEMA=database() AND TABLE_NAME IN ('student_0003')", args=[]
2022-06-06T15:17:10.634+0800	[35mDEBUG[0m	runtime/runtime.go:675	call upstream: db=employees_0000, sql="INSERT IGNORE INTO `student_0003`(`id`, `uid`, `score`, `name`, `nickname`, `gender`, `birth_year`) VALUES (?, ?, ?, ?, ?, ?, ?)", args=[1654499830632504873 35 3.14 [102 97 107 101 95 110 97 109 101 95 51 53] [102 97 107 101 95 110 105 99 107 110 97 109 101 95 51 53] 1 2022]
2022-06-06T15:17:10.636+0800	[35mDEBUG[0m	executor/redirect.go:312	ComStmtExecute: INSERT IGNORE INTO student(id,uid,score,name,nickname,gender,birth_year) values (?,?,?,?,?,?,?)
2022-06-06T15:17:10.636+0800	[35mDEBUG[0m	runtime/runtime.go:675	call upstream: db=employees_0000, sql="SELECT TABLE_NAME, COLUMN_NAME, DATA_TYPE, COLUMN_KEY, EXTRA, COLLATION_NAME, ORDINAL_POSITION FROM information_schema.columns WHERE TABLE_SCHEMA=database() AND TABLE_NAME IN ('student_0004') ORDER BY ORDINAL_POSITION", args=[]
2022-06-06T15:17:10.637+0800	[35mDEBUG[0m	runtime/runtime.go:675	call upstream: db=employees_0000, sql="SELECT TABLE_NAME, INDEX_NAME FROM information_schema.statistics WHERE TABLE_SCHEMA=database() AND TABLE_NAME IN ('student_0004')", args=[]
2022-06-06T15:17:10.637+0800	[35mDEBUG[0m	runtime/runtime.go:675	call upstream: db=employees_0000, sql="INSERT IGNORE INTO `student_0004`(`id`, `uid`, `score`, `name`, `nickname`, `gender`, `birth_year`) VALUES (?, ?, ?, ?, ?, ?, ?)", args=[1654499830636352510 36 3.14 [102 97 107 101 95 110 97 109 101 95 51 54] [102 97 107 101 95 110 105 99 107 110 97 109 101 95 51 54] 1 2022]
2022-06-06T15:17:10.640+0800	[35mDEBUG[0m	executor/redirect.go:312	ComStmtExecute: INSERT IGNORE INTO student(id,uid,score,name,nickname,gender,birth_year) values (?,?,?,?,?,?,?)
2022-06-06T15:17:10.641+0800	[35mDEBUG[0m	runtime/runtime.go:675	call upstream: db=employees_0000, sql="SELECT TABLE_NAME, COLUMN_NAME, DATA_TYPE, COLUMN_KEY, EXTRA, COLLATION_NAME, ORDINAL_POSITION FROM information_schema.columns WHERE TABLE_SCHEMA=database() AND TABLE_NAME IN ('student_0005') ORDER BY ORDINAL_POSITION", args=[]
2022-06-06T15:17:10.641+0800	[35mDEBUG[0m	runtime/runtime.go:675	call upstream: db=employees_0000, sql="SELECT TABLE_NAME, INDEX_NAME FROM information_schema.statistics WHERE TABLE_SCHEMA=database() AND TABLE_NAME IN ('student_0005')", args=[]
2022-06-06T15:17:10.642+0800	[35mDEBUG[0m	runtime/runtime.go:675	call upstream: db=employees_0000, sql="INSERT IGNORE INTO `student_0005`(`id`, `uid`, `score`, `name`, `nickname`, `gender`, `birth_year`) VALUES (?, ?, ?, ?, ?, ?, ?)", args=[1654499830640833147 37 3.14 [102 97 107 101 95 110 97 109 101 95 51 55] [102 97 107 101 95 110 105 99 107 110 97 109 101 95 51 55] 1 2022]
2022-06-06T15:17:10.645+0800	[35mDEBUG[0m	executor/redirect.go:312	ComStmtExecute: INSERT IGNORE INTO student(id,uid,score,name,nickname,gender,birth_year) values (?,?,?,?,?,?,?)
2022-06-06T15:17:10.645+0800	[35mDEBUG[0m	runtime/runtime.go:675	call upstream: db=employees_0000, sql="SELECT TABLE_NAME, COLUMN_NAME, DATA_TYPE, COLUMN_KEY, EXTRA, COLLATION_NAME, ORDINAL_POSITION FROM information_schema.columns WHERE TABLE_SCHEMA=database() AND TABLE_NAME IN ('student_0006') ORDER BY ORDINAL_POSITION", args=[]
2022-06-06T15:17:10.645+0800	[35mDEBUG[0m	runtime/runtime.go:675	call upstream: db=employees_0000, sql="SELECT TABLE_NAME, INDEX_NAME FROM information_schema.statistics WHERE TABLE_SCHEMA=database() AND TABLE_NAME IN ('student_0006')", args=[]
2022-06-06T15:17:10.646+0800	[35mDEBUG[0m	runtime/runtime.go:675	call upstream: db=employees_0000, sql="INSERT IGNORE INTO `student_0006`(`id`, `uid`, `score`, `name`, `nickname`, `gender`, `birth_year`) VALUES (?, ?, ?, ?, ?, ?, ?)", args=[1654499830645060559 38 3.14 [102 97 107 101 95 110 97 109 101 95 51 56] [102 97 107 101 95 110 105 99 107 110 97 109 101 95 51 56] 1 2022]
2022-06-06T15:17:10.649+0800	[35mDEBUG[0m	executor/redirect.go:312	ComStmtExecute: INSERT IGNORE INTO student(id,uid,score,name,nickname,gender,birth_year) values (?,?,?,?,?,?,?)
2022-06-06T15:17:10.650+0800	[35mDEBUG[0m	runtime/runtime.go:675	call upstream: db=employees_0000, sql="SELECT TABLE_NAME, COLUMN_NAME, DATA_TYPE, COLUMN_KEY, EXTRA, COLLATION_NAME, ORDINAL_POSITION FROM information_schema.columns WHERE TABLE_SCHEMA=database() AND TABLE_NAME IN ('student_0007') ORDER BY ORDINAL_POSITION", args=[]
2022-06-06T15:17:10.650+0800	[35mDEBUG[0m	runtime/runtime.go:675	call upstream: db=employees_0000, sql="SELECT TABLE_NAME, INDEX_NAME FROM information_schema.statistics WHERE TABLE_SCHEMA=database() AND TABLE_NAME IN ('student_0007')", args=[]
2022-06-06T15:17:10.651+0800	[35mDEBUG[0m	runtime/runtime.go:675	call upstream: db=employees_0000, sql="INSERT IGNORE INTO `student_0007`(`id`, `uid`, `score`, `name`, `nickname`, `gender`, `birth_year`) VALUES (?, ?, ?, ?, ?, ?, ?)", args=[1654499830649824950 39 3.14 [102 97 107 101 95 110 97 109 101 95 51 57] [102 97 107 101 95 110 105 99 107 110 97 109 101 95 51 57] 1 2022]
2022-06-06T15:17:10.654+0800	[35mDEBUG[0m	executor/redirect.go:312	ComStmtExecute: INSERT IGNORE INTO student(id,uid,score,name,nickname,gender,birth_year) values (?,?,?,?,?,?,?)
2022-06-06T15:17:10.655+0800	[35mDEBUG[0m	runtime/runtime.go:675	call upstream: db=employees_0000, sql="SELECT TABLE_NAME, COLUMN_NAME, DATA_TYPE, COLUMN_KEY, EXTRA, COLLATION_NAME, ORDINAL_POSITION FROM information_schema.columns WHERE TABLE_SCHEMA=database() AND TABLE_NAME IN ('student_0008') ORDER BY ORDINAL_POSITION", args=[]
2022-06-06T15:17:10.655+0800	[35mDEBUG[0m	runtime/runtime.go:675	call upstream: db=employees_0000, sql="SELECT TABLE_NAME, INDEX_NAME FROM information_schema.statistics WHERE TABLE_SCHEMA=database() AND TABLE_NAME IN ('student_0008')", args=[]
2022-06-06T15:17:10.656+0800	[35mDEBUG[0m	runtime/runtime.go:675	call upstream: db=employees_0000, sql="INSERT IGNORE INTO `student_0008`(`id`, `uid`, `score`, `name`, `nickname`, `gender`, `birth_year`) VALUES (?, ?, ?, ?, ?, ?, ?)", args=[1654499830654836416 40 3.14 [102 97 107 101 95 110 97 109 101 95 52 48] [102 97 107 101 95 110 105 99 107 110 97 109 101 95 52 48] 1 2022]
2022-06-06T15:17:10.659+0800	[35mDEBUG[0m	executor/redirect.go:312	ComStmtExecute: INSERT IGNORE INTO student(id,uid,score,name,nickname,gender,birth_year) values (?,?,?,?,?,?,?)
2022-06-06T15:17:10.659+0800	[35mDEBUG[0m	runtime/runtime.go:675	call upstream: db=employees_0000, sql="SELECT TABLE_NAME, COLUMN_NAME, DATA_TYPE, COLUMN_KEY, EXTRA, COLLATION_NAME, ORDINAL_POSITION FROM information_schema.columns WHERE TABLE_SCHEMA=database() AND TABLE_NAME IN ('student_0009') ORDER BY ORDINAL_POSITION", args=[]
2022-06-06T15:17:10.660+0800	[35mDEBUG[0m	runtime/runtime.go:675	call upstream: db=employees_0000, sql="SELECT TABLE_NAME, INDEX_NAME FROM information_schema.statistics WHERE TABLE_SCHEMA=database() AND TABLE_NAME IN ('student_0009')", args=[]
2022-06-06T15:17:10.660+0800	[35mDEBUG[0m	runtime/runtime.go:675	call upstream: db=employees_0000, sql="INSERT IGNORE INTO `student_0009`(`id`, `uid`, `score`, `name`, `nickname`, `gender`, `birth_year`) VALUES (?, ?, ?, ?, ?, ?, ?)", args=[1654499830659225372 41 3.14 [102 97 107 101 95 110 97 109 101 95 52 49] [102 97 107 101 95 110 105 99 107 110 97 109 101 95 52 49] 1 2022]
2022-06-06T15:17:10.663+0800	[35mDEBUG[0m	executor/redirect.go:312	ComStmtExecute: INSERT IGNORE INTO student(id,uid,score,name,nickname,gender,birth_year) values (?,?,?,?,?,?,?)
2022-06-06T15:17:10.663+0800	[35mDEBUG[0m	runtime/runtime.go:675	call upstream: db=employees_0000, sql="SELECT TABLE_NAME, COLUMN_NAME, DATA_TYPE, COLUMN_KEY, EXTRA, COLLATION_NAME, ORDINAL_POSITION FROM information_schema.columns WHERE TABLE_SCHEMA=database() AND TABLE_NAME IN ('student_0010') ORDER BY ORDINAL_POSITION", args=[]
2022-06-06T15:17:10.664+0800	[35mDEBUG[0m	runtime/runtime.go:675	call upstream: db=employees_0000, sql="SELECT TABLE_NAME, INDEX_NAME FROM information_schema.statistics WHERE TABLE_SCHEMA=database() AND TABLE_NAME IN ('student_0010')", args=[]
2022-06-06T15:17:10.665+0800	[35mDEBUG[0m	runtime/runtime.go:675	call upstream: db=employees_0000, sql="INSERT IGNORE INTO `student_0010`(`id`, `uid`, `score`, `name`, `nickname`, `gender`, `birth_year`) VALUES (?, ?, ?, ?, ?, ?, ?)", args=[1654499830663664250 42 3.14 [102 97 107 101 95 110 97 109 101 95 52 50] [102 97 107 101 95 110 105 99 107 110 97 109 101 95 52 50] 1 2022]
2022-06-06T15:17:10.668+0800	[35mDEBUG[0m	executor/redirect.go:312	ComStmtExecute: INSERT IGNORE INTO student(id,uid,score,name,nickname,gender,birth_year) values (?,?,?,?,?,?,?)
2022-06-06T15:17:10.668+0800	[35mDEBUG[0m	runtime/runtime.go:675	call upstream: db=employees_0000, sql="SELECT TABLE_NAME, COLUMN_NAME, DATA_TYPE, COLUMN_KEY, EXTRA, COLLATION_NAME, ORDINAL_POSITION FROM information_schema.columns WHERE TABLE_SCHEMA=database() AND TABLE_NAME IN ('student_0011') ORDER BY ORDINAL_POSITION", args=[]
2022-06-06T15:17:10.668+0800	[35mDEBUG[0m	runtime/runtime.go:675	call upstream: db=employees_0000, sql="SELECT TABLE_NAME, INDEX_NAME FROM information_schema.statistics WHERE TABLE_SCHEMA=database() AND TABLE_NAME IN ('student_0011')", args=[]
2022-06-06T15:17:10.669+0800	[35mDEBUG[0m	runtime/runtime.go:675	call upstream: db=employees_0000, sql="INSERT IGNORE INTO `student_0011`(`id`, `uid`, `score`, `name`, `nickname`, `gender`, `birth_year`) VALUES (?, ?, ?, ?, ?, ?, ?)", args=[1654499830667935775 43 3.14 [102 97 107 101 95 110 97 109 101 95 52 51] [102 97 107 101 95 110 105 99 107 110 97 109 101 95 52 51] 1 2022]
2022-06-06T15:17:10.672+0800	[35mDEBUG[0m	executor/redirect.go:312	ComStmtExecute: INSERT IGNORE INTO student(id,uid,score,name,nickname,gender,birth_year) values (?,?,?,?,?,?,?)
2022-06-06T15:17:10.672+0800	[35mDEBUG[0m	runtime/runtime.go:675	call upstream: db=employees_0000, sql="SELECT TABLE_NAME, COLUMN_NAME, DATA_TYPE, COLUMN_KEY, EXTRA, COLLATION_NAME, ORDINAL_POSITION FROM information_schema.columns WHERE TABLE_SCHEMA=database() AND TABLE_NAME IN ('student_0012') ORDER BY ORDINAL_POSITION", args=[]
2022-06-06T15:17:10.673+0800	[35mDEBUG[0m	runtime/runtime.go:675	call upstream: db=employees_0000, sql="SELECT TABLE_NAME, INDEX_NAME FROM information_schema.statistics WHERE TABLE_SCHEMA=database() AND TABLE_NAME IN ('student_0012')", args=[]
2022-06-06T15:17:10.673+0800	[35mDEBUG[0m	runtime/runtime.go:675	call upstream: db=employees_0000, sql="INSERT IGNORE INTO `student_0012`(`id`, `uid`, `score`, `name`, `nickname`, `gender`, `birth_year`) VALUES (?, ?, ?, ?, ?, ?, ?)", args=[1654499830672206187 44 3.14 [102 97 107 101 95 110 97 109 101 95 52 52] [102 97 107 101 95 110 105 99 107 110 97 109 101 95 52 52] 1 2022]
2022-06-06T15:17:10.676+0800	[35mDEBUG[0m	executor/redirect.go:312	ComStmtExecute: INSERT IGNORE INTO student(id,uid,score,name,nickname,gender,birth_year) values (?,?,?,?,?,?,?)
2022-06-06T15:17:10.676+0800	[35mDEBUG[0m	runtime/runtime.go:675	call upstream: db=employees_0000, sql="SELECT TABLE_NAME, COLUMN_NAME, DATA_TYPE, COLUMN_KEY, EXTRA, COLLATION_NAME, ORDINAL_POSITION FROM information_schema.columns WHERE TABLE_SCHEMA=database() AND TABLE_NAME IN ('student_0013') ORDER BY ORDINAL_POSITION", args=[]
2022-06-06T15:17:10.677+0800	[35mDEBUG[0m	runtime/runtime.go:675	call upstream: db=employees_0000, sql="SELECT TABLE_NAME, INDEX_NAME FROM information_schema.statistics WHERE TABLE_SCHEMA=database() AND TABLE_NAME IN ('student_0013')", args=[]
2022-06-06T15:17:10.677+0800	[35mDEBUG[0m	runtime/runtime.go:675	call upstream: db=employees_0000, sql="INSERT IGNORE INTO `student_0013`(`id`, `uid`, `score`, `name`, `nickname`, `gender`, `birth_year`) VALUES (?, ?, ?, ?, ?, ?, ?)", args=[1654499830676354900 45 3.14 [102 97 107 101 95 110 97 109 101 95 52 53] [102 97 107 101 95 110 105 99 107 110 97 109 101 95 52 53] 1 2022]
2022-06-06T15:17:10.680+0800	[35mDEBUG[0m	executor/redirect.go:312	ComStmtExecute: INSERT IGNORE INTO student(id,uid,score,name,nickname,gender,birth_year) values (?,?,?,?,?,?,?)
2022-06-06T15:17:10.680+0800	[35mDEBUG[0m	runtime/runtime.go:675	call upstream: db=employees_0000, sql="SELECT TABLE_NAME, COLUMN_NAME, DATA_TYPE, COLUMN_KEY, EXTRA, COLLATION_NAME, ORDINAL_POSITION FROM information_schema.columns WHERE TABLE_SCHEMA=database() AND TABLE_NAME IN ('student_0014') ORDER BY ORDINAL_POSITION", args=[]
2022-06-06T15:17:10.681+0800	[35mDEBUG[0m	runtime/runtime.go:675	call upstream: db=employees_0000, sql="SELECT TABLE_NAME, INDEX_NAME FROM information_schema.statistics WHERE TABLE_SCHEMA=database() AND TABLE_NAME IN ('student_0014')", args=[]
2022-06-06T15:17:10.682+0800	[35mDEBUG[0m	runtime/runtime.go:675	call upstream: db=employees_0000, sql="INSERT IGNORE INTO `student_0014`(`id`, `uid`, `score`, `name`, `nickname`, `gender`, `birth_year`) VALUES (?, ?, ?, ?, ?, ?, ?)", args=[1654499830680534892 46 3.14 [102 97 107 101 95 110 97 109 101 95 52 54] [102 97 107 101 95 110 105 99 107 110 97 109 101 95 52 54] 1 2022]
2022-06-06T15:17:10.684+0800	[35mDEBUG[0m	executor/redirect.go:312	ComStmtExecute: INSERT IGNORE INTO student(id,uid,score,name,nickname,gender,birth_year) values (?,?,?,?,?,?,?)
2022-06-06T15:17:10.684+0800	[35mDEBUG[0m	runtime/runtime.go:675	call upstream: db=employees_0000, sql="SELECT TABLE_NAME, COLUMN_NAME, DATA_TYPE, COLUMN_KEY, EXTRA, COLLATION_NAME, ORDINAL_POSITION FROM information_schema.columns WHERE TABLE_SCHEMA=database() AND TABLE_NAME IN ('student_0015') ORDER BY ORDINAL_POSITION", args=[]
2022-06-06T15:17:10.685+0800	[35mDEBUG[0m	runtime/runtime.go:675	call upstream: db=employees_0000, sql="SELECT TABLE_NAME, INDEX_NAME FROM information_schema.statistics WHERE TABLE_SCHEMA=database() AND TABLE_NAME IN ('student_0015')", args=[]
2022-06-06T15:17:10.686+0800	[35mDEBUG[0m	runtime/runtime.go:675	call upstream: db=employees_0000, sql="INSERT IGNORE INTO `student_0015`(`id`, `uid`, `score`, `name`, `nickname`, `gender`, `birth_year`) VALUES (?, ?, ?, ?, ?, ?, ?)", args=[1654499830684772332 47 3.14 [102 97 107 101 95 110 97 109 101 95 52 55] [102 97 107 101 95 110 105 99 107 110 97 109 101 95 52 55] 1 2022]
2022-06-06T15:17:10.688+0800	[35mDEBUG[0m	executor/redirect.go:312	ComStmtExecute: INSERT IGNORE INTO student(id,uid,score,name,nickname,gender,birth_year) values (?,?,?,?,?,?,?)
2022-06-06T15:17:10.688+0800	[35mDEBUG[0m	runtime/runtime.go:675	call upstream: db=employees_0000, sql="SELECT TABLE_NAME, COLUMN_NAME, DATA_TYPE, COLUMN_KEY, EXTRA, COLLATION_NAME, ORDINAL_POSITION FROM information_schema.columns WHERE TABLE_SCHEMA=database() AND TABLE_NAME IN ('student_0016') ORDER BY ORDINAL_POSITION", args=[]
2022-06-06T15:17:10.689+0800	[35mDEBUG[0m	runtime/runtime.go:675	call upstream: db=employees_0000, sql="SELECT TABLE_NAME, INDEX_NAME FROM information_schema.statistics WHERE TABLE_SCHEMA=database() AND TABLE_NAME IN ('student_0016')", args=[]
2022-06-06T15:17:10.690+0800	[35mDEBUG[0m	runtime/runtime.go:675	call upstream: db=employees_0000, sql="INSERT IGNORE INTO `student_0016`(`id`, `uid`, `score`, `name`, `nickname`, `gender`, `birth_year`) VALUES (?, ?, ?, ?, ?, ?, ?)", args=[1654499830688827109 48 3.14 [102 97 107 101 95 110 97 109 101 95 52 56] [102 97 107 101 95 110 105 99 107 110 97 109 101 95 52 56] 1 2022]
2022-06-06T15:17:10.693+0800	[35mDEBUG[0m	executor/redirect.go:312	ComStmtExecute: INSERT IGNORE INTO student(id,uid,score,name,nickname,gender,birth_year) values (?,?,?,?,?,?,?)
2022-06-06T15:17:10.693+0800	[35mDEBUG[0m	runtime/runtime.go:675	call upstream: db=employees_0000, sql="SELECT TABLE_NAME, COLUMN_NAME, DATA_TYPE, COLUMN_KEY, EXTRA, COLLATION_NAME, ORDINAL_POSITION FROM information_schema.columns WHERE TABLE_SCHEMA=database() AND TABLE_NAME IN ('student_0017') ORDER BY ORDINAL_POSITION", args=[]
2022-06-06T15:17:10.693+0800	[35mDEBUG[0m	runtime/runtime.go:675	call upstream: db=employees_0000, sql="SELECT TABLE_NAME, INDEX_NAME FROM information_schema.statistics WHERE TABLE_SCHEMA=database() AND TABLE_NAME IN ('student_0017')", args=[]
2022-06-06T15:17:10.694+0800	[35mDEBUG[0m	runtime/runtime.go:675	call upstream: db=employees_0000, sql="INSERT IGNORE INTO `student_0017`(`id`, `uid`, `score`, `name`, `nickname`, `gender`, `birth_year`) VALUES (?, ?, ?, ?, ?, ?, ?)", args=[1654499830692995518 49 3.14 [102 97 107 101 95 110 97 109 101 95 52 57] [102 97 107 101 95 110 105 99 107 110 97 109 101 95 52 57] 1 2022]
2022-06-06T15:17:10.698+0800	[35mDEBUG[0m	executor/redirect.go:312	ComStmtExecute: INSERT IGNORE INTO student(id,uid,score,name,nickname,gender,birth_year) values (?,?,?,?,?,?,?)
2022-06-06T15:17:10.698+0800	[35mDEBUG[0m	runtime/runtime.go:675	call upstream: db=employees_0000, sql="SELECT TABLE_NAME, COLUMN_NAME, DATA_TYPE, COLUMN_KEY, EXTRA, COLLATION_NAME, ORDINAL_POSITION FROM information_schema.columns WHERE TABLE_SCHEMA=database() AND TABLE_NAME IN ('student_0018') ORDER BY ORDINAL_POSITION", args=[]
2022-06-06T15:17:10.698+0800	[35mDEBUG[0m	runtime/runtime.go:675	call upstream: db=employees_0000, sql="SELECT TABLE_NAME, INDEX_NAME FROM information_schema.statistics WHERE TABLE_SCHEMA=database() AND TABLE_NAME IN ('student_0018')", args=[]
2022-06-06T15:17:10.699+0800	[35mDEBUG[0m	runtime/runtime.go:675	call upstream: db=employees_0000, sql="INSERT IGNORE INTO `student_0018`(`id`, `uid`, `score`, `name`, `nickname`, `gender`, `birth_year`) VALUES (?, ?, ?, ?, ?, ?, ?)", args=[1654499830697909051 50 3.14 [102 97 107 101 95 110 97 109 101 95 53 48] [102 97 107 101 95 110 105 99 107 110 97 109 101 95 53 48] 1 2022]
2022-06-06T15:17:10.702+0800	[35mDEBUG[0m	executor/redirect.go:312	ComStmtExecute: INSERT IGNORE INTO student(id,uid,score,name,nickname,gender,birth_year) values (?,?,?,?,?,?,?)
2022-06-06T15:17:10.702+0800	[35mDEBUG[0m	runtime/runtime.go:675	call upstream: db=employees_0000, sql="SELECT TABLE_NAME, COLUMN_NAME, DATA_TYPE, COLUMN_KEY, EXTRA, COLLATION_NAME, ORDINAL_POSITION FROM information_schema.columns WHERE TABLE_SCHEMA=database() AND TABLE_NAME IN ('student_0019') ORDER BY ORDINAL_POSITION", args=[]
2022-06-06T15:17:10.703+0800	[35mDEBUG[0m	runtime/runtime.go:675	call upstream: db=employees_0000, sql="SELECT TABLE_NAME, INDEX_NAME FROM information_schema.statistics WHERE TABLE_SCHEMA=database() AND TABLE_NAME IN ('student_0019')", args=[]
2022-06-06T15:17:10.703+0800	[35mDEBUG[0m	runtime/runtime.go:675	call upstream: db=employees_0000, sql="INSERT IGNORE INTO `student_0019`(`id`, `uid`, `score`, `name`, `nickname`, `gender`, `birth_year`) VALUES (?, ?, ?, ?, ?, ?, ?)", args=[1654499830702292726 51 3.14 [102 97 107 101 95 110 97 109 101 95 53 49] [102 97 107 101 95 110 105 99 107 110 97 109 101 95 53 49] 1 2022]
2022-06-06T15:17:10.709+0800	[35mDEBUG[0m	executor/redirect.go:312	ComStmtExecute: INSERT IGNORE INTO student(id,uid,score,name,nickname,gender,birth_year) values (?,?,?,?,?,?,?)
2022-06-06T15:17:10.709+0800	[35mDEBUG[0m	runtime/runtime.go:675	call upstream: db=employees_0000, sql="SELECT TABLE_NAME, COLUMN_NAME, DATA_TYPE, COLUMN_KEY, EXTRA, COLLATION_NAME, ORDINAL_POSITION FROM information_schema.columns WHERE TABLE_SCHEMA=database() AND TABLE_NAME IN ('student_0020') ORDER BY ORDINAL_POSITION", args=[]
2022-06-06T15:17:10.709+0800	[35mDEBUG[0m	runtime/runtime.go:675	call upstream: db=employees_0000, sql="SELECT TABLE_NAME, INDEX_NAME FROM information_schema.statistics WHERE TABLE_SCHEMA=database() AND TABLE_NAME IN ('student_0020')", args=[]
2022-06-06T15:17:10.710+0800	[35mDEBUG[0m	runtime/runtime.go:675	call upstream: db=employees_0000, sql="INSERT IGNORE INTO `student_0020`(`id`, `uid`, `score`, `name`, `nickname`, `gender`, `birth_year`) VALUES (?, ?, ?, ?, ?, ?, ?)", args=[1654499830708966279 52 3.14 [102 97 107 101 95 110 97 109 101 95 53 50] [102 97 107 101 95 110 105 99 107 110 97 109 101 95 53 50] 1 2022]
2022-06-06T15:17:10.712+0800	[35mDEBUG[0m	executor/redirect.go:312	ComStmtExecute: INSERT IGNORE INTO student(id,uid,score,name,nickname,gender,birth_year) values (?,?,?,?,?,?,?)
2022-06-06T15:17:10.713+0800	[35mDEBUG[0m	runtime/runtime.go:675	call upstream: db=employees_0000, sql="SELECT TABLE_NAME, COLUMN_NAME, DATA_TYPE, COLUMN_KEY, EXTRA, COLLATION_NAME, ORDINAL_POSITION FROM information_schema.columns WHERE TABLE_SCHEMA=database() AND TABLE_NAME IN ('student_0021') ORDER BY ORDINAL_POSITION", args=[]
2022-06-06T15:17:10.713+0800	[35mDEBUG[0m	runtime/runtime.go:675	call upstream: db=employees_0000, sql="SELECT TABLE_NAME, INDEX_NAME FROM information_schema.statistics WHERE TABLE_SCHEMA=database() AND TABLE_NAME IN ('student_0021')", args=[]
2022-06-06T15:17:10.714+0800	[35mDEBUG[0m	runtime/runtime.go:675	call upstream: db=employees_0000, sql="INSERT IGNORE INTO `student_0021`(`id`, `uid`, `score`, `name`, `nickname`, `gender`, `birth_year`) VALUES (?, ?, ?, ?, ?, ?, ?)", args=[1654499830712802454 53 3.14 [102 97 107 101 95 110 97 109 101 95 53 51] [102 97 107 101 95 110 105 99 107 110 97 109 101 95 53 51] 1 2022]
2022-06-06T15:17:10.716+0800	[35mDEBUG[0m	executor/redirect.go:312	ComStmtExecute: INSERT IGNORE INTO student(id,uid,score,name,nickname,gender,birth_year) values (?,?,?,?,?,?,?)
2022-06-06T15:17:10.716+0800	[35mDEBUG[0m	runtime/runtime.go:675	call upstream: db=employees_0000, sql="SELECT TABLE_NAME, COLUMN_NAME, DATA_TYPE, COLUMN_KEY, EXTRA, COLLATION_NAME, ORDINAL_POSITION FROM information_schema.columns WHERE TABLE_SCHEMA=database() AND TABLE_NAME IN ('student_0022') ORDER BY ORDINAL_POSITION", args=[]
2022-06-06T15:17:10.717+0800	[35mDEBUG[0m	runtime/runtime.go:675	call upstream: db=employees_0000, sql="SELECT TABLE_NAME, INDEX_NAME FROM information_schema.statistics WHERE TABLE_SCHEMA=database() AND TABLE_NAME IN ('student_0022')", args=[]
2022-06-06T15:17:10.718+0800	[35mDEBUG[0m	runtime/runtime.go:675	call upstream: db=employees_0000, sql="INSERT IGNORE INTO `student_0022`(`id`, `uid`, `score`, `name`, `nickname`, `gender`, `birth_year`) VALUES (?, ?, ?, ?, ?, ?, ?)", args=[1654499830716634602 54 3.14 [102 97 107 101 95 110 97 109 101 95 53 52] [102 97 107 101 95 110 105 99 107 110 97 109 101 95 53 52] 1 2022]
2022-06-06T15:17:10.721+0800	[35mDEBUG[0m	executor/redirect.go:312	ComStmtExecute: INSERT IGNORE INTO student(id,uid,score,name,nickname,gender,birth_year) values (?,?,?,?,?,?,?)
2022-06-06T15:17:10.721+0800	[35mDEBUG[0m	runtime/runtime.go:675	call upstream: db=employees_0000, sql="SELECT TABLE_NAME, COLUMN_NAME, DATA_TYPE, COLUMN_KEY, EXTRA, COLLATION_NAME, ORDINAL_POSITION FROM information_schema.columns WHERE TABLE_SCHEMA=database() AND TABLE_NAME IN ('student_0023') ORDER BY ORDINAL_POSITION", args=[]
2022-06-06T15:17:10.721+0800	[35mDEBUG[0m	runtime/runtime.go:675	call upstream: db=employees_0000, sql="SELECT TABLE_NAME, INDEX_NAME FROM information_schema.statistics WHERE TABLE_SCHEMA=database() AND TABLE_NAME IN ('student_0023')", args=[]
2022-06-06T15:17:10.722+0800	[35mDEBUG[0m	runtime/runtime.go:675	call upstream: db=employees_0000, sql="INSERT IGNORE INTO `student_0023`(`id`, `uid`, `score`, `name`, `nickname`, `gender`, `birth_year`) VALUES (?, ?, ?, ?, ?, ?, ?)", args=[1654499830720925853 55 3.14 [102 97 107 101 95 110 97 109 101 95 53 53] [102 97 107 101 95 110 105 99 107 110 97 109 101 95 53 53] 1 2022]
2022-06-06T15:17:10.724+0800	[35mDEBUG[0m	executor/redirect.go:312	ComStmtExecute: INSERT IGNORE INTO student(id,uid,score,name,nickname,gender,birth_year) values (?,?,?,?,?,?,?)
2022-06-06T15:17:10.724+0800	[35mDEBUG[0m	runtime/runtime.go:675	call upstream: db=employees_0000, sql="SELECT TABLE_NAME, COLUMN_NAME, DATA_TYPE, COLUMN_KEY, EXTRA, COLLATION_NAME, ORDINAL_POSITION FROM information_schema.columns WHERE TABLE_SCHEMA=database() AND TABLE_NAME IN ('student_0024') ORDER BY ORDINAL_POSITION", args=[]
2022-06-06T15:17:10.725+0800	[35mDEBUG[0m	runtime/runtime.go:675	call upstream: db=employees_0000, sql="SELECT TABLE_NAME, INDEX_NAME FROM information_schema.statistics WHERE TABLE_SCHEMA=database() AND TABLE_NAME IN ('student_0024')", args=[]
2022-06-06T15:17:10.726+0800	[35mDEBUG[0m	runtime/runtime.go:675	call upstream: db=employees_0000, sql="INSERT IGNORE INTO `student_0024`(`id`, `uid`, `score`, `name`, `nickname`, `gender`, `birth_year`) VALUES (?, ?, ?, ?, ?, ?, ?)", args=[1654499830724781204 56 3.14 [102 97 107 101 95 110 97 109 101 95 53 54] [102 97 107 101 95 110 105 99 107 110 97 109 101 95 53 54] 1 2022]
2022-06-06T15:17:10.728+0800	[35mDEBUG[0m	executor/redirect.go:312	ComStmtExecute: INSERT IGNORE INTO student(id,uid,score,name,nickname,gender,birth_year) values (?,?,?,?,?,?,?)
2022-06-06T15:17:10.728+0800	[35mDEBUG[0m	runtime/runtime.go:675	call upstream: db=employees_0000, sql="SELECT TABLE_NAME, COLUMN_NAME, DATA_TYPE, COLUMN_KEY, EXTRA, COLLATION_NAME, ORDINAL_POSITION FROM information_schema.columns WHERE TABLE_SCHEMA=database() AND TABLE_NAME IN ('student_0025') ORDER BY ORDINAL_POSITION", args=[]
2022-06-06T15:17:10.729+0800	[35mDEBUG[0m	runtime/runtime.go:675	call upstream: db=employees_0000, sql="SELECT TABLE_NAME, INDEX_NAME FROM information_schema.statistics WHERE TABLE_SCHEMA=database() AND TABLE_NAME IN ('student_0025')", args=[]
2022-06-06T15:17:10.730+0800	[35mDEBUG[0m	runtime/runtime.go:675	call upstream: db=employees_0000, sql="INSERT IGNORE INTO `student_0025`(`id`, `uid`, `score`, `name`, `nickname`, `gender`, `birth_year`) VALUES (?, ?, ?, ?, ?, ?, ?)", args=[1654499830728764146 57 3.14 [102 97 107 101 95 110 97 109 101 95 53 55] [102 97 107 101 95 110 105 99 107 110 97 109 101 95 53 55] 1 2022]
2022-06-06T15:17:10.733+0800	[35mDEBUG[0m	executor/redirect.go:312	ComStmtExecute: INSERT IGNORE INTO student(id,uid,score,name,nickname,gender,birth_year) values (?,?,?,?,?,?,?)
2022-06-06T15:17:10.733+0800	[35mDEBUG[0m	runtime/runtime.go:675	call upstream: db=employees_0000, sql="SELECT TABLE_NAME, COLUMN_NAME, DATA_TYPE, COLUMN_KEY, EXTRA, COLLATION_NAME, ORDINAL_POSITION FROM information_schema.columns WHERE TABLE_SCHEMA=database() AND TABLE_NAME IN ('student_0026') ORDER BY ORDINAL_POSITION", args=[]
2022-06-06T15:17:10.733+0800	[35mDEBUG[0m	runtime/runtime.go:675	call upstream: db=employees_0000, sql="SELECT TABLE_NAME, INDEX_NAME FROM information_schema.statistics WHERE TABLE_SCHEMA=database() AND TABLE_NAME IN ('student_0026')", args=[]
2022-06-06T15:17:10.734+0800	[35mDEBUG[0m	runtime/runtime.go:675	call upstream: db=employees_0000, sql="INSERT IGNORE INTO `student_0026`(`id`, `uid`, `score`, `name`, `nickname`, `gender`, `birth_year`) VALUES (?, ?, ?, ?, ?, ?, ?)", args=[1654499830733129417 58 3.14 [102 97 107 101 95 110 97 109 101 95 53 56] [102 97 107 101 95 110 105 99 107 110 97 109 101 95 53 56] 1 2022]
2022-06-06T15:17:10.737+0800	[35mDEBUG[0m	executor/redirect.go:312	ComStmtExecute: INSERT IGNORE INTO student(id,uid,score,name,nickname,gender,birth_year) values (?,?,?,?,?,?,?)
2022-06-06T15:17:10.737+0800	[35mDEBUG[0m	runtime/runtime.go:675	call upstream: db=employees_0000, sql="SELECT TABLE_NAME, COLUMN_NAME, DATA_TYPE, COLUMN_KEY, EXTRA, COLLATION_NAME, ORDINAL_POSITION FROM information_schema.columns WHERE TABLE_SCHEMA=database() AND TABLE_NAME IN ('student_0027') ORDER BY ORDINAL_POSITION", args=[]
2022-06-06T15:17:10.737+0800	[35mDEBUG[0m	runtime/runtime.go:675	call upstream: db=employees_0000, sql="SELECT TABLE_NAME, INDEX_NAME FROM information_schema.statistics WHERE TABLE_SCHEMA=database() AND TABLE_NAME IN ('student_0027')", args=[]
2022-06-06T15:17:10.738+0800	[35mDEBUG[0m	runtime/runtime.go:675	call upstream: db=employees_0000, sql="INSERT IGNORE INTO `student_0027`(`id`, `uid`, `score`, `name`, `nickname`, `gender`, `birth_year`) VALUES (?, ?, ?, ?, ?, ?, ?)", args=[1654499830737109583 59 3.14 [102 97 107 101 95 110 97 109 101 95 53 57] [102 97 107 101 95 110 105 99 107 110 97 109 101 95 53 57] 1 2022]
2022-06-06T15:17:10.741+0800	[35mDEBUG[0m	executor/redirect.go:312	ComStmtExecute: INSERT IGNORE INTO student(id,uid,score,name,nickname,gender,birth_year) values (?,?,?,?,?,?,?)
2022-06-06T15:17:10.741+0800	[35mDEBUG[0m	runtime/runtime.go:675	call upstream: db=employees_0000, sql="SELECT TABLE_NAME, COLUMN_NAME, DATA_TYPE, COLUMN_KEY, EXTRA, COLLATION_NAME, ORDINAL_POSITION FROM information_schema.columns WHERE TABLE_SCHEMA=database() AND TABLE_NAME IN ('student_0028') ORDER BY ORDINAL_POSITION", args=[]
2022-06-06T15:17:10.741+0800	[35mDEBUG[0m	runtime/runtime.go:675	call upstream: db=employees_0000, sql="SELECT TABLE_NAME, INDEX_NAME FROM information_schema.statistics WHERE TABLE_SCHEMA=database() AND TABLE_NAME IN ('student_0028')", args=[]
2022-06-06T15:17:10.742+0800	[35mDEBUG[0m	runtime/runtime.go:675	call upstream: db=employees_0000, sql="INSERT IGNORE INTO `student_0028`(`id`, `uid`, `score`, `name`, `nickname`, `gender`, `birth_year`) VALUES (?, ?, ?, ?, ?, ?, ?)", args=[1654499830741016531 60 3.14 [102 97 107 101 95 110 97 109 101 95 54 48] [102 97 107 101 95 110 105 99 107 110 97 109 101 95 54 48] 1 2022]
2022-06-06T15:17:10.745+0800	[35mDEBUG[0m	executor/redirect.go:312	ComStmtExecute: INSERT IGNORE INTO student(id,uid,score,name,nickname,gender,birth_year) values (?,?,?,?,?,?,?)
2022-06-06T15:17:10.745+0800	[35mDEBUG[0m	runtime/runtime.go:675	call upstream: db=employees_0000, sql="SELECT TABLE_NAME, COLUMN_NAME, DATA_TYPE, COLUMN_KEY, EXTRA, COLLATION_NAME, ORDINAL_POSITION FROM information_schema.columns WHERE TABLE_SCHEMA=database() AND TABLE_NAME IN ('student_0029') ORDER BY ORDINAL_POSITION", args=[]
2022-06-06T15:17:10.746+0800	[35mDEBUG[0m	runtime/runtime.go:675	call upstream: db=employees_0000, sql="SELECT TABLE_NAME, INDEX_NAME FROM information_schema.statistics WHERE TABLE_SCHEMA=database() AND TABLE_NAME IN ('student_0029')", args=[]
2022-06-06T15:17:10.746+0800	[35mDEBUG[0m	runtime/runtime.go:675	call upstream: db=employees_0000, sql="INSERT IGNORE INTO `student_0029`(`id`, `uid`, `score`, `name`, `nickname`, `gender`, `birth_year`) VALUES (?, ?, ?, ?, ?, ?, ?)", args=[1654499830745450982 61 3.14 [102 97 107 101 95 110 97 109 101 95 54 49] [102 97 107 101 95 110 105 99 107 110 97 109 101 95 54 49] 1 2022]
2022-06-06T15:17:10.749+0800	[35mDEBUG[0m	executor/redirect.go:312	ComStmtExecute: INSERT IGNORE INTO student(id,uid,score,name,nickname,gender,birth_year) values (?,?,?,?,?,?,?)
2022-06-06T15:17:10.749+0800	[35mDEBUG[0m	runtime/runtime.go:675	call upstream: db=employees_0000, sql="SELECT TABLE_NAME, COLUMN_NAME, DATA_TYPE, COLUMN_KEY, EXTRA, COLLATION_NAME, ORDINAL_POSITION FROM information_schema.columns WHERE TABLE_SCHEMA=database() AND TABLE_NAME IN ('student_0030') ORDER BY ORDINAL_POSITION", args=[]
2022-06-06T15:17:10.750+0800	[35mDEBUG[0m	runtime/runtime.go:675	call upstream: db=employees_0000, sql="SELECT TABLE_NAME, INDEX_NAME FROM information_schema.statistics WHERE TABLE_SCHEMA=database() AND TABLE_NAME IN ('student_0030')", args=[]
2022-06-06T15:17:10.751+0800	[35mDEBUG[0m	runtime/runtime.go:675	call upstream: db=employees_0000, sql="INSERT IGNORE INTO `student_0030`(`id`, `uid`, `score`, `name`, `nickname`, `gender`, `birth_year`) VALUES (?, ?, ?, ?, ?, ?, ?)", args=[1654499830749660580 62 3.14 [102 97 107 101 95 110 97 109 101 95 54 50] [102 97 107 101 95 110 105 99 107 110 97 109 101 95 54 50] 1 2022]
2022-06-06T15:17:10.753+0800	[35mDEBUG[0m	executor/redirect.go:312	ComStmtExecute: INSERT IGNORE INTO student(id,uid,score,name,nickname,gender,birth_year) values (?,?,?,?,?,?,?)
2022-06-06T15:17:10.753+0800	[35mDEBUG[0m	runtime/runtime.go:675	call upstream: db=employees_0000, sql="SELECT TABLE_NAME, COLUMN_NAME, DATA_TYPE, COLUMN_KEY, EXTRA, COLLATION_NAME, ORDINAL_POSITION FROM information_schema.columns WHERE TABLE_SCHEMA=database() AND TABLE_NAME IN ('student_0031') ORDER BY ORDINAL_POSITION", args=[]
2022-06-06T15:17:10.754+0800	[35mDEBUG[0m	runtime/runtime.go:675	call upstream: db=employees_0000, sql="SELECT TABLE_NAME, INDEX_NAME FROM information_schema.statistics WHERE TABLE_SCHEMA=database() AND TABLE_NAME IN ('student_0031')", args=[]
2022-06-06T15:17:10.755+0800	[35mDEBUG[0m	runtime/runtime.go:675	call upstream: db=employees_0000, sql="INSERT IGNORE INTO `student_0031`(`id`, `uid`, `score`, `name`, `nickname`, `gender`, `birth_year`) VALUES (?, ?, ?, ?, ?, ?, ?)", args=[1654499830753570584 63 3.14 [102 97 107 101 95 110 97 109 101 95 54 51] [102 97 107 101 95 110 105 99 107 110 97 109 101 95 54 51] 1 2022]
2022-06-06T15:17:10.757+0800	[35mDEBUG[0m	executor/redirect.go:312	ComStmtExecute: INSERT IGNORE INTO student(id,uid,score,name,nickname,gender,birth_year) values (?,?,?,?,?,?,?)
2022-06-06T15:17:10.757+0800	[35mDEBUG[0m	runtime/runtime.go:675	call upstream: db=employees_0000, sql="SELECT TABLE_NAME, COLUMN_NAME, DATA_TYPE, COLUMN_KEY, EXTRA, COLLATION_NAME, ORDINAL_POSITION FROM information_schema.columns WHERE TABLE_SCHEMA=database() AND TABLE_NAME IN ('student_0000') ORDER BY ORDINAL_POSITION", args=[]
2022-06-06T15:17:10.758+0800	[35mDEBUG[0m	runtime/runtime.go:675	call upstream: db=employees_0000, sql="SELECT TABLE_NAME, INDEX_NAME FROM information_schema.statistics WHERE TABLE_SCHEMA=database() AND TABLE_NAME IN ('student_0000')", args=[]
2022-06-06T15:17:10.759+0800	[35mDEBUG[0m	runtime/runtime.go:675	call upstream: db=employees_0000, sql="INSERT IGNORE INTO `student_0000`(`id`, `uid`, `score`, `name`, `nickname`, `gender`, `birth_year`) VALUES (?, ?, ?, ?, ?, ?, ?)", args=[1654499830757765244 64 3.14 [102 97 107 101 95 110 97 109 101 95 54 52] [102 97 107 101 95 110 105 99 107 110 97 109 101 95 54 52] 1 2022]
2022-06-06T15:17:10.762+0800	[35mDEBUG[0m	executor/redirect.go:312	ComStmtExecute: INSERT IGNORE INTO student(id,uid,score,name,nickname,gender,birth_year) values (?,?,?,?,?,?,?)
2022-06-06T15:17:10.762+0800	[35mDEBUG[0m	runtime/runtime.go:675	call upstream: db=employees_0000, sql="SELECT TABLE_NAME, COLUMN_NAME, DATA_TYPE, COLUMN_KEY, EXTRA, COLLATION_NAME, ORDINAL_POSITION FROM information_schema.columns WHERE TABLE_SCHEMA=database() AND TABLE_NAME IN ('student_0001') ORDER BY ORDINAL_POSITION", args=[]
2022-06-06T15:17:10.763+0800	[35mDEBUG[0m	runtime/runtime.go:675	call upstream: db=employees_0000, sql="SELECT TABLE_NAME, INDEX_NAME FROM information_schema.statistics WHERE TABLE_SCHEMA=database() AND TABLE_NAME IN ('student_0001')", args=[]
2022-06-06T15:17:10.763+0800	[35mDEBUG[0m	runtime/runtime.go:675	call upstream: db=employees_0000, sql="INSERT IGNORE INTO `student_0001`(`id`, `uid`, `score`, `name`, `nickname`, `gender`, `birth_year`) VALUES (?, ?, ?, ?, ?, ?, ?)", args=[1654499830762254016 65 3.14 [102 97 107 101 95 110 97 109 101 95 54 53] [102 97 107 101 95 110 105 99 107 110 97 109 101 95 54 53] 1 2022]
2022-06-06T15:17:10.766+0800	[35mDEBUG[0m	executor/redirect.go:312	ComStmtExecute: INSERT IGNORE INTO student(id,uid,score,name,nickname,gender,birth_year) values (?,?,?,?,?,?,?)
2022-06-06T15:17:10.766+0800	[35mDEBUG[0m	runtime/runtime.go:675	call upstream: db=employees_0000, sql="SELECT TABLE_NAME, COLUMN_NAME, DATA_TYPE, COLUMN_KEY, EXTRA, COLLATION_NAME, ORDINAL_POSITION FROM information_schema.columns WHERE TABLE_SCHEMA=database() AND TABLE_NAME IN ('student_0002') ORDER BY ORDINAL_POSITION", args=[]
2022-06-06T15:17:10.767+0800	[35mDEBUG[0m	runtime/runtime.go:675	call upstream: db=employees_0000, sql="SELECT TABLE_NAME, INDEX_NAME FROM information_schema.statistics WHERE TABLE_SCHEMA=database() AND TABLE_NAME IN ('student_0002')", args=[]
2022-06-06T15:17:10.767+0800	[35mDEBUG[0m	runtime/runtime.go:675	call upstream: db=employees_0000, sql="INSERT IGNORE INTO `student_0002`(`id`, `uid`, `score`, `name`, `nickname`, `gender`, `birth_year`) VALUES (?, ?, ?, ?, ?, ?, ?)", args=[1654499830766414692 66 3.14 [102 97 107 101 95 110 97 109 101 95 54 54] [102 97 107 101 95 110 105 99 107 110 97 109 101 95 54 54] 1 2022]
2022-06-06T15:17:10.771+0800	[35mDEBUG[0m	executor/redirect.go:312	ComStmtExecute: INSERT IGNORE INTO student(id,uid,score,name,nickname,gender,birth_year) values (?,?,?,?,?,?,?)
2022-06-06T15:17:10.771+0800	[35mDEBUG[0m	runtime/runtime.go:675	call upstream: db=employees_0000, sql="SELECT TABLE_NAME, COLUMN_NAME, DATA_TYPE, COLUMN_KEY, EXTRA, COLLATION_NAME, ORDINAL_POSITION FROM information_schema.columns WHERE TABLE_SCHEMA=database() AND TABLE_NAME IN ('student_0003') ORDER BY ORDINAL_POSITION", args=[]
2022-06-06T15:17:10.771+0800	[35mDEBUG[0m	runtime/runtime.go:675	call upstream: db=employees_0000, sql="SELECT TABLE_NAME, INDEX_NAME FROM information_schema.statistics WHERE TABLE_SCHEMA=database() AND TABLE_NAME IN ('student_0003')", args=[]
2022-06-06T15:17:10.772+0800	[35mDEBUG[0m	runtime/runtime.go:675	call upstream: db=employees_0000, sql="INSERT IGNORE INTO `student_0003`(`id`, `uid`, `score`, `name`, `nickname`, `gender`, `birth_year`) VALUES (?, ?, ?, ?, ?, ?, ?)", args=[1654499830770970180 67 3.14 [102 97 107 101 95 110 97 109 101 95 54 55] [102 97 107 101 95 110 105 99 107 110 97 109 101 95 54 55] 1 2022]
2022-06-06T15:17:10.774+0800	[35mDEBUG[0m	executor/redirect.go:312	ComStmtExecute: INSERT IGNORE INTO student(id,uid,score,name,nickname,gender,birth_year) values (?,?,?,?,?,?,?)
2022-06-06T15:17:10.774+0800	[35mDEBUG[0m	runtime/runtime.go:675	call upstream: db=employees_0000, sql="SELECT TABLE_NAME, COLUMN_NAME, DATA_TYPE, COLUMN_KEY, EXTRA, COLLATION_NAME, ORDINAL_POSITION FROM information_schema.columns WHERE TABLE_SCHEMA=database() AND TABLE_NAME IN ('student_0004') ORDER BY ORDINAL_POSITION", args=[]
2022-06-06T15:17:10.775+0800	[35mDEBUG[0m	runtime/runtime.go:675	call upstream: db=employees_0000, sql="SELECT TABLE_NAME, INDEX_NAME FROM information_schema.statistics WHERE TABLE_SCHEMA=database() AND TABLE_NAME IN ('student_0004')", args=[]
2022-06-06T15:17:10.776+0800	[35mDEBUG[0m	runtime/runtime.go:675	call upstream: db=employees_0000, sql="INSERT IGNORE INTO `student_0004`(`id`, `uid`, `score`, `name`, `nickname`, `gender`, `birth_year`) VALUES (?, ?, ?, ?, ?, ?, ?)", args=[1654499830774642117 68 3.14 [102 97 107 101 95 110 97 109 101 95 54 56] [102 97 107 101 95 110 105 99 107 110 97 109 101 95 54 56] 1 2022]
2022-06-06T15:17:10.779+0800	[35mDEBUG[0m	executor/redirect.go:312	ComStmtExecute: INSERT IGNORE INTO student(id,uid,score,name,nickname,gender,birth_year) values (?,?,?,?,?,?,?)
2022-06-06T15:17:10.779+0800	[35mDEBUG[0m	runtime/runtime.go:675	call upstream: db=employees_0000, sql="SELECT TABLE_NAME, COLUMN_NAME, DATA_TYPE, COLUMN_KEY, EXTRA, COLLATION_NAME, ORDINAL_POSITION FROM information_schema.columns WHERE TABLE_SCHEMA=database() AND TABLE_NAME IN ('student_0005') ORDER BY ORDINAL_POSITION", args=[]
2022-06-06T15:17:10.779+0800	[35mDEBUG[0m	runtime/runtime.go:675	call upstream: db=employees_0000, sql="SELECT TABLE_NAME, INDEX_NAME FROM information_schema.statistics WHERE TABLE_SCHEMA=database() AND TABLE_NAME IN ('student_0005')", args=[]
2022-06-06T15:17:10.780+0800	[35mDEBUG[0m	runtime/runtime.go:675	call upstream: db=employees_0000, sql="INSERT IGNORE INTO `student_0005`(`id`, `uid`, `score`, `name`, `nickname`, `gender`, `birth_year`) VALUES (?, ?, ?, ?, ?, ?, ?)", args=[1654499830778949118 69 3.14 [102 97 107 101 95 110 97 109 101 95 54 57] [102 97 107 101 95 110 105 99 107 110 97 109 101 95 54 57] 1 2022]
2022-06-06T15:17:10.783+0800	[35mDEBUG[0m	executor/redirect.go:312	ComStmtExecute: INSERT IGNORE INTO student(id,uid,score,name,nickname,gender,birth_year) values (?,?,?,?,?,?,?)
2022-06-06T15:17:10.783+0800	[35mDEBUG[0m	runtime/runtime.go:675	call upstream: db=employees_0000, sql="SELECT TABLE_NAME, COLUMN_NAME, DATA_TYPE, COLUMN_KEY, EXTRA, COLLATION_NAME, ORDINAL_POSITION FROM information_schema.columns WHERE TABLE_SCHEMA=database() AND TABLE_NAME IN ('student_0006') ORDER BY ORDINAL_POSITION", args=[]
2022-06-06T15:17:10.783+0800	[35mDEBUG[0m	runtime/runtime.go:675	call upstream: db=employees_0000, sql="SELECT TABLE_NAME, INDEX_NAME FROM information_schema.statistics WHERE TABLE_SCHEMA=database() AND TABLE_NAME IN ('student_0006')", args=[]
2022-06-06T15:17:10.784+0800	[35mDEBUG[0m	runtime/runtime.go:675	call upstream: db=employees_0000, sql="INSERT IGNORE INTO `student_0006`(`id`, `uid`, `score`, `name`, `nickname`, `gender`, `birth_year`) VALUES (?, ?, ?, ?, ?, ?, ?)", args=[1654499830783134279 70 3.14 [102 97 107 101 95 110 97 109 101 95 55 48] [102 97 107 101 95 110 105 99 107 110 97 109 101 95 55 48] 1 2022]
2022-06-06T15:17:10.787+0800	[35mDEBUG[0m	executor/redirect.go:312	ComStmtExecute: INSERT IGNORE INTO student(id,uid,score,name,nickname,gender,birth_year) values (?,?,?,?,?,?,?)
2022-06-06T15:17:10.787+0800	[35mDEBUG[0m	runtime/runtime.go:675	call upstream: db=employees_0000, sql="SELECT TABLE_NAME, COLUMN_NAME, DATA_TYPE, COLUMN_KEY, EXTRA, COLLATION_NAME, ORDINAL_POSITION FROM information_schema.columns WHERE TABLE_SCHEMA=database() AND TABLE_NAME IN ('student_0007') ORDER BY ORDINAL_POSITION", args=[]
2022-06-06T15:17:10.788+0800	[35mDEBUG[0m	runtime/runtime.go:675	call upstream: db=employees_0000, sql="SELECT TABLE_NAME, INDEX_NAME FROM information_schema.statistics WHERE TABLE_SCHEMA=database() AND TABLE_NAME IN ('student_0007')", args=[]
2022-06-06T15:17:10.788+0800	[35mDEBUG[0m	runtime/runtime.go:675	call upstream: db=employees_0000, sql="INSERT IGNORE INTO `student_0007`(`id`, `uid`, `score`, `name`, `nickname`, `gender`, `birth_year`) VALUES (?, ?, ?, ?, ?, ?, ?)", args=[1654499830787232288 71 3.14 [102 97 107 101 95 110 97 109 101 95 55 49] [102 97 107 101 95 110 105 99 107 110 97 109 101 95 55 49] 1 2022]
2022-06-06T15:17:10.791+0800	[35mDEBUG[0m	executor/redirect.go:312	ComStmtExecute: INSERT IGNORE INTO student(id,uid,score,name,nickname,gender,birth_year) values (?,?,?,?,?,?,?)
2022-06-06T15:17:10.791+0800	[35mDEBUG[0m	runtime/runtime.go:675	call upstream: db=employees_0000, sql="SELECT TABLE_NAME, COLUMN_NAME, DATA_TYPE, COLUMN_KEY, EXTRA, COLLATION_NAME, ORDINAL_POSITION FROM information_schema.columns WHERE TABLE_SCHEMA=database() AND TABLE_NAME IN ('student_0008') ORDER BY ORDINAL_POSITION", args=[]
2022-06-06T15:17:10.792+0800	[35mDEBUG[0m	runtime/runtime.go:675	call upstream: db=employees_0000, sql="SELECT TABLE_NAME, INDEX_NAME FROM information_schema.statistics WHERE TABLE_SCHEMA=database() AND TABLE_NAME IN ('student_0008')", args=[]
2022-06-06T15:17:10.792+0800	[35mDEBUG[0m	runtime/runtime.go:675	call upstream: db=employees_0000, sql="INSERT IGNORE INTO `student_0008`(`id`, `uid`, `score`, `name`, `nickname`, `gender`, `birth_year`) VALUES (?, ?, ?, ?, ?, ?, ?)", args=[1654499830791213676 72 3.14 [102 97 107 101 95 110 97 109 101 95 55 50] [102 97 107 101 95 110 105 99 107 110 97 109 101 95 55 50] 1 2022]
2022-06-06T15:17:10.795+0800	[35mDEBUG[0m	executor/redirect.go:312	ComStmtExecute: INSERT IGNORE INTO student(id,uid,score,name,nickname,gender,birth_year) values (?,?,?,?,?,?,?)
2022-06-06T15:17:10.795+0800	[35mDEBUG[0m	runtime/runtime.go:675	call upstream: db=employees_0000, sql="SELECT TABLE_NAME, COLUMN_NAME, DATA_TYPE, COLUMN_KEY, EXTRA, COLLATION_NAME, ORDINAL_POSITION FROM information_schema.columns WHERE TABLE_SCHEMA=database() AND TABLE_NAME IN ('student_0009') ORDER BY ORDINAL_POSITION", args=[]
2022-06-06T15:17:10.796+0800	[35mDEBUG[0m	runtime/runtime.go:675	call upstream: db=employees_0000, sql="SELECT TABLE_NAME, INDEX_NAME FROM information_schema.statistics WHERE TABLE_SCHEMA=database() AND TABLE_NAME IN ('student_0009')", args=[]
2022-06-06T15:17:10.796+0800	[35mDEBUG[0m	runtime/runtime.go:675	call upstream: db=employees_0000, sql="INSERT IGNORE INTO `student_0009`(`id`, `uid`, `score`, `name`, `nickname`, `gender`, `birth_year`) VALUES (?, ?, ?, ?, ?, ?, ?)", args=[1654499830795314419 73 3.14 [102 97 107 101 95 110 97 109 101 95 55 51] [102 97 107 101 95 110 105 99 107 110 97 109 101 95 55 51] 1 2022]
2022-06-06T15:17:10.799+0800	[35mDEBUG[0m	executor/redirect.go:312	ComStmtExecute: INSERT IGNORE INTO student(id,uid,score,name,nickname,gender,birth_year) values (?,?,?,?,?,?,?)
2022-06-06T15:17:10.799+0800	[35mDEBUG[0m	runtime/runtime.go:675	call upstream: db=employees_0000, sql="SELECT TABLE_NAME, COLUMN_NAME, DATA_TYPE, COLUMN_KEY, EXTRA, COLLATION_NAME, ORDINAL_POSITION FROM information_schema.columns WHERE TABLE_SCHEMA=database() AND TABLE_NAME IN ('student_0010') ORDER BY ORDINAL_POSITION", args=[]
2022-06-06T15:17:10.800+0800	[35mDEBUG[0m	runtime/runtime.go:675	call upstream: db=employees_0000, sql="SELECT TABLE_NAME, INDEX_NAME FROM information_schema.statistics WHERE TABLE_SCHEMA=database() AND TABLE_NAME IN ('student_0010')", args=[]
2022-06-06T15:17:10.800+0800	[35mDEBUG[0m	runtime/runtime.go:675	call upstream: db=employees_0000, sql="INSERT IGNORE INTO `student_0010`(`id`, `uid`, `score`, `name`, `nickname`, `gender`, `birth_year`) VALUES (?, ?, ?, ?, ?, ?, ?)", args=[1654499830799508517 74 3.14 [102 97 107 101 95 110 97 109 101 95 55 52] [102 97 107 101 95 110 105 99 107 110 97 109 101 95 55 52] 1 2022]
2022-06-06T15:17:10.804+0800	[35mDEBUG[0m	executor/redirect.go:312	ComStmtExecute: INSERT IGNORE INTO student(id,uid,score,name,nickname,gender,birth_year) values (?,?,?,?,?,?,?)
2022-06-06T15:17:10.804+0800	[35mDEBUG[0m	runtime/runtime.go:675	call upstream: db=employees_0000, sql="SELECT TABLE_NAME, COLUMN_NAME, DATA_TYPE, COLUMN_KEY, EXTRA, COLLATION_NAME, ORDINAL_POSITION FROM information_schema.columns WHERE TABLE_SCHEMA=database() AND TABLE_NAME IN ('student_0011') ORDER BY ORDINAL_POSITION", args=[]
2022-06-06T15:17:10.804+0800	[35mDEBUG[0m	runtime/runtime.go:675	call upstream: db=employees_0000, sql="SELECT TABLE_NAME, INDEX_NAME FROM information_schema.statistics WHERE TABLE_SCHEMA=database() AND TABLE_NAME IN ('student_0011')", args=[]
2022-06-06T15:17:10.805+0800	[35mDEBUG[0m	runtime/runtime.go:675	call upstream: db=employees_0000, sql="INSERT IGNORE INTO `student_0011`(`id`, `uid`, `score`, `name`, `nickname`, `gender`, `birth_year`) VALUES (?, ?, ?, ?, ?, ?, ?)", args=[1654499830803854272 75 3.14 [102 97 107 101 95 110 97 109 101 95 55 53] [102 97 107 101 95 110 105 99 107 110 97 109 101 95 55 53] 1 2022]
2022-06-06T15:17:10.808+0800	[35mDEBUG[0m	executor/redirect.go:312	ComStmtExecute: INSERT IGNORE INTO student(id,uid,score,name,nickname,gender,birth_year) values (?,?,?,?,?,?,?)
2022-06-06T15:17:10.808+0800	[35mDEBUG[0m	runtime/runtime.go:675	call upstream: db=employees_0000, sql="SELECT TABLE_NAME, COLUMN_NAME, DATA_TYPE, COLUMN_KEY, EXTRA, COLLATION_NAME, ORDINAL_POSITION FROM information_schema.columns WHERE TABLE_SCHEMA=database() AND TABLE_NAME IN ('student_0012') ORDER BY ORDINAL_POSITION", args=[]
2022-06-06T15:17:10.808+0800	[35mDEBUG[0m	runtime/runtime.go:675	call upstream: db=employees_0000, sql="SELECT TABLE_NAME, INDEX_NAME FROM information_schema.statistics WHERE TABLE_SCHEMA=database() AND TABLE_NAME IN ('student_0012')", args=[]
2022-06-06T15:17:10.809+0800	[35mDEBUG[0m	runtime/runtime.go:675	call upstream: db=employees_0000, sql="INSERT IGNORE INTO `student_0012`(`id`, `uid`, `score`, `name`, `nickname`, `gender`, `birth_year`) VALUES (?, ?, ?, ?, ?, ?, ?)", args=[1654499830808025057 76 3.14 [102 97 107 101 95 110 97 109 101 95 55 54] [102 97 107 101 95 110 105 99 107 110 97 109 101 95 55 54] 1 2022]
2022-06-06T15:17:10.812+0800	[35mDEBUG[0m	executor/redirect.go:312	ComStmtExecute: INSERT IGNORE INTO student(id,uid,score,name,nickname,gender,birth_year) values (?,?,?,?,?,?,?)
2022-06-06T15:17:10.812+0800	[35mDEBUG[0m	runtime/runtime.go:675	call upstream: db=employees_0000, sql="SELECT TABLE_NAME, COLUMN_NAME, DATA_TYPE, COLUMN_KEY, EXTRA, COLLATION_NAME, ORDINAL_POSITION FROM information_schema.columns WHERE TABLE_SCHEMA=database() AND TABLE_NAME IN ('student_0013') ORDER BY ORDINAL_POSITION", args=[]
2022-06-06T15:17:10.812+0800	[35mDEBUG[0m	runtime/runtime.go:675	call upstream: db=employees_0000, sql="SELECT TABLE_NAME, INDEX_NAME FROM information_schema.statistics WHERE TABLE_SCHEMA=database() AND TABLE_NAME IN ('student_0013')", args=[]
2022-06-06T15:17:10.813+0800	[35mDEBUG[0m	runtime/runtime.go:675	call upstream: db=employees_0000, sql="INSERT IGNORE INTO `student_0013`(`id`, `uid`, `score`, `name`, `nickname`, `gender`, `birth_year`) VALUES (?, ?, ?, ?, ?, ?, ?)", args=[1654499830811962933 77 3.14 [102 97 107 101 95 110 97 109 101 95 55 55] [102 97 107 101 95 110 105 99 107 110 97 109 101 95 55 55] 1 2022]
2022-06-06T15:17:10.816+0800	[35mDEBUG[0m	executor/redirect.go:312	ComStmtExecute: INSERT IGNORE INTO student(id,uid,score,name,nickname,gender,birth_year) values (?,?,?,?,?,?,?)
2022-06-06T15:17:10.816+0800	[35mDEBUG[0m	runtime/runtime.go:675	call upstream: db=employees_0000, sql="SELECT TABLE_NAME, COLUMN_NAME, DATA_TYPE, COLUMN_KEY, EXTRA, COLLATION_NAME, ORDINAL_POSITION FROM information_schema.columns WHERE TABLE_SCHEMA=database() AND TABLE_NAME IN ('student_0014') ORDER BY ORDINAL_POSITION", args=[]
2022-06-06T15:17:10.816+0800	[35mDEBUG[0m	runtime/runtime.go:675	call upstream: db=employees_0000, sql="SELECT TABLE_NAME, INDEX_NAME FROM information_schema.statistics WHERE TABLE_SCHEMA=database() AND TABLE_NAME IN ('student_0014')", args=[]
2022-06-06T15:17:10.817+0800	[35mDEBUG[0m	runtime/runtime.go:675	call upstream: db=employees_0000, sql="INSERT IGNORE INTO `student_0014`(`id`, `uid`, `score`, `name`, `nickname`, `gender`, `birth_year`) VALUES (?, ?, ?, ?, ?, ?, ?)", args=[1654499830815947417 78 3.14 [102 97 107 101 95 110 97 109 101 95 55 56] [102 97 107 101 95 110 105 99 107 110 97 109 101 95 55 56] 1 2022]
2022-06-06T15:17:10.820+0800	[35mDEBUG[0m	executor/redirect.go:312	ComStmtExecute: INSERT IGNORE INTO student(id,uid,score,name,nickname,gender,birth_year) values (?,?,?,?,?,?,?)
2022-06-06T15:17:10.820+0800	[35mDEBUG[0m	runtime/runtime.go:675	call upstream: db=employees_0000, sql="SELECT TABLE_NAME, COLUMN_NAME, DATA_TYPE, COLUMN_KEY, EXTRA, COLLATION_NAME, ORDINAL_POSITION FROM information_schema.columns WHERE TABLE_SCHEMA=database() AND TABLE_NAME IN ('student_0015') ORDER BY ORDINAL_POSITION", args=[]
2022-06-06T15:17:10.820+0800	[35mDEBUG[0m	runtime/runtime.go:675	call upstream: db=employees_0000, sql="SELECT TABLE_NAME, INDEX_NAME FROM information_schema.statistics WHERE TABLE_SCHEMA=database() AND TABLE_NAME IN ('student_0015')", args=[]
2022-06-06T15:17:10.821+0800	[35mDEBUG[0m	runtime/runtime.go:675	call upstream: db=employees_0000, sql="INSERT IGNORE INTO `student_0015`(`id`, `uid`, `score`, `name`, `nickname`, `gender`, `birth_year`) VALUES (?, ?, ?, ?, ?, ?, ?)", args=[1654499830820002735 79 3.14 [102 97 107 101 95 110 97 109 101 95 55 57] [102 97 107 101 95 110 105 99 107 110 97 109 101 95 55 57] 1 2022]
2022-06-06T15:17:10.824+0800	[35mDEBUG[0m	executor/redirect.go:312	ComStmtExecute: INSERT IGNORE INTO student(id,uid,score,name,nickname,gender,birth_year) values (?,?,?,?,?,?,?)
2022-06-06T15:17:10.824+0800	[35mDEBUG[0m	runtime/runtime.go:675	call upstream: db=employees_0000, sql="SELECT TABLE_NAME, COLUMN_NAME, DATA_TYPE, COLUMN_KEY, EXTRA, COLLATION_NAME, ORDINAL_POSITION FROM information_schema.columns WHERE TABLE_SCHEMA=database() AND TABLE_NAME IN ('student_0016') ORDER BY ORDINAL_POSITION", args=[]
2022-06-06T15:17:10.825+0800	[35mDEBUG[0m	runtime/runtime.go:675	call upstream: db=employees_0000, sql="SELECT TABLE_NAME, INDEX_NAME FROM information_schema.statistics WHERE TABLE_SCHEMA=database() AND TABLE_NAME IN ('student_0016')", args=[]
2022-06-06T15:17:10.826+0800	[35mDEBUG[0m	runtime/runtime.go:675	call upstream: db=employees_0000, sql="INSERT IGNORE INTO `student_0016`(`id`, `uid`, `score`, `name`, `nickname`, `gender`, `birth_year`) VALUES (?, ?, ?, ?, ?, ?, ?)", args=[1654499830824603028 80 3.14 [102 97 107 101 95 110 97 109 101 95 56 48] [102 97 107 101 95 110 105 99 107 110 97 109 101 95 56 48] 1 2022]
2022-06-06T15:17:10.829+0800	[35mDEBUG[0m	executor/redirect.go:312	ComStmtExecute: INSERT IGNORE INTO student(id,uid,score,name,nickname,gender,birth_year) values (?,?,?,?,?,?,?)
2022-06-06T15:17:10.829+0800	[35mDEBUG[0m	runtime/runtime.go:675	call upstream: db=employees_0000, sql="SELECT TABLE_NAME, COLUMN_NAME, DATA_TYPE, COLUMN_KEY, EXTRA, COLLATION_NAME, ORDINAL_POSITION FROM information_schema.columns WHERE TABLE_SCHEMA=database() AND TABLE_NAME IN ('student_0017') ORDER BY ORDINAL_POSITION", args=[]
2022-06-06T15:17:10.829+0800	[35mDEBUG[0m	runtime/runtime.go:675	call upstream: db=employees_0000, sql="SELECT TABLE_NAME, INDEX_NAME FROM information_schema.statistics WHERE TABLE_SCHEMA=database() AND TABLE_NAME IN ('student_0017')", args=[]
2022-06-06T15:17:10.830+0800	[35mDEBUG[0m	runtime/runtime.go:675	call upstream: db=employees_0000, sql="INSERT IGNORE INTO `student_0017`(`id`, `uid`, `score`, `name`, `nickname`, `gender`, `birth_year`) VALUES (?, ?, ?, ?, ?, ?, ?)", args=[1654499830828949413 81 3.14 [102 97 107 101 95 110 97 109 101 95 56 49] [102 97 107 101 95 110 105 99 107 110 97 109 101 95 56 49] 1 2022]
2022-06-06T15:17:10.833+0800	[35mDEBUG[0m	executor/redirect.go:312	ComStmtExecute: INSERT IGNORE INTO student(id,uid,score,name,nickname,gender,birth_year) values (?,?,?,?,?,?,?)
2022-06-06T15:17:10.833+0800	[35mDEBUG[0m	runtime/runtime.go:675	call upstream: db=employees_0000, sql="SELECT TABLE_NAME, COLUMN_NAME, DATA_TYPE, COLUMN_KEY, EXTRA, COLLATION_NAME, ORDINAL_POSITION FROM information_schema.columns WHERE TABLE_SCHEMA=database() AND TABLE_NAME IN ('student_0018') ORDER BY ORDINAL_POSITION", args=[]
2022-06-06T15:17:10.834+0800	[35mDEBUG[0m	runtime/runtime.go:675	call upstream: db=employees_0000, sql="SELECT TABLE_NAME, INDEX_NAME FROM information_schema.statistics WHERE TABLE_SCHEMA=database() AND TABLE_NAME IN ('student_0018')", args=[]
2022-06-06T15:17:10.834+0800	[35mDEBUG[0m	runtime/runtime.go:675	call upstream: db=employees_0000, sql="INSERT IGNORE INTO `student_0018`(`id`, `uid`, `score`, `name`, `nickname`, `gender`, `birth_year`) VALUES (?, ?, ?, ?, ?, ?, ?)", args=[1654499830833373103 82 3.14 [102 97 107 101 95 110 97 109 101 95 56 50] [102 97 107 101 95 110 105 99 107 110 97 109 101 95 56 50] 1 2022]
2022-06-06T15:17:10.838+0800	[35mDEBUG[0m	executor/redirect.go:312	ComStmtExecute: INSERT IGNORE INTO student(id,uid,score,name,nickname,gender,birth_year) values (?,?,?,?,?,?,?)
2022-06-06T15:17:10.838+0800	[35mDEBUG[0m	runtime/runtime.go:675	call upstream: db=employees_0000, sql="SELECT TABLE_NAME, COLUMN_NAME, DATA_TYPE, COLUMN_KEY, EXTRA, COLLATION_NAME, ORDINAL_POSITION FROM information_schema.columns WHERE TABLE_SCHEMA=database() AND TABLE_NAME IN ('student_0019') ORDER BY ORDINAL_POSITION", args=[]
2022-06-06T15:17:10.838+0800	[35mDEBUG[0m	runtime/runtime.go:675	call upstream: db=employees_0000, sql="SELECT TABLE_NAME, INDEX_NAME FROM information_schema.statistics WHERE TABLE_SCHEMA=database() AND TABLE_NAME IN ('student_0019')", args=[]
2022-06-06T15:17:10.839+0800	[35mDEBUG[0m	runtime/runtime.go:675	call upstream: db=employees_0000, sql="INSERT IGNORE INTO `student_0019`(`id`, `uid`, `score`, `name`, `nickname`, `gender`, `birth_year`) VALUES (?, ?, ?, ?, ?, ?, ?)", args=[1654499830837949390 83 3.14 [102 97 107 101 95 110 97 109 101 95 56 51] [102 97 107 101 95 110 105 99 107 110 97 109 101 95 56 51] 1 2022]
2022-06-06T15:17:10.842+0800	[35mDEBUG[0m	executor/redirect.go:312	ComStmtExecute: INSERT IGNORE INTO student(id,uid,score,name,nickname,gender,birth_year) values (?,?,?,?,?,?,?)
2022-06-06T15:17:10.842+0800	[35mDEBUG[0m	runtime/runtime.go:675	call upstream: db=employees_0000, sql="SELECT TABLE_NAME, COLUMN_NAME, DATA_TYPE, COLUMN_KEY, EXTRA, COLLATION_NAME, ORDINAL_POSITION FROM information_schema.columns WHERE TABLE_SCHEMA=database() AND TABLE_NAME IN ('student_0020') ORDER BY ORDINAL_POSITION", args=[]
2022-06-06T15:17:10.843+0800	[35mDEBUG[0m	runtime/runtime.go:675	call upstream: db=employees_0000, sql="SELECT TABLE_NAME, INDEX_NAME FROM information_schema.statistics WHERE TABLE_SCHEMA=database() AND TABLE_NAME IN ('student_0020')", args=[]
2022-06-06T15:17:10.843+0800	[35mDEBUG[0m	runtime/runtime.go:675	call upstream: db=employees_0000, sql="INSERT IGNORE INTO `student_0020`(`id`, `uid`, `score`, `name`, `nickname`, `gender`, `birth_year`) VALUES (?, ?, ?, ?, ?, ?, ?)", args=[1654499830842221416 84 3.14 [102 97 107 101 95 110 97 109 101 95 56 52] [102 97 107 101 95 110 105 99 107 110 97 109 101 95 56 52] 1 2022]
2022-06-06T15:17:10.846+0800	[35mDEBUG[0m	executor/redirect.go:312	ComStmtExecute: INSERT IGNORE INTO student(id,uid,score,name,nickname,gender,birth_year) values (?,?,?,?,?,?,?)
2022-06-06T15:17:10.846+0800	[35mDEBUG[0m	runtime/runtime.go:675	call upstream: db=employees_0000, sql="SELECT TABLE_NAME, COLUMN_NAME, DATA_TYPE, COLUMN_KEY, EXTRA, COLLATION_NAME, ORDINAL_POSITION FROM information_schema.columns WHERE TABLE_SCHEMA=database() AND TABLE_NAME IN ('student_0021') ORDER BY ORDINAL_POSITION", args=[]
2022-06-06T15:17:10.847+0800	[35mDEBUG[0m	runtime/runtime.go:675	call upstream: db=employees_0000, sql="SELECT TABLE_NAME, INDEX_NAME FROM information_schema.statistics WHERE TABLE_SCHEMA=database() AND TABLE_NAME IN ('student_0021')", args=[]
2022-06-06T15:17:10.848+0800	[35mDEBUG[0m	runtime/runtime.go:675	call upstream: db=employees_0000, sql="INSERT IGNORE INTO `student_0021`(`id`, `uid`, `score`, `name`, `nickname`, `gender`, `birth_year`) VALUES (?, ?, ?, ?, ?, ?, ?)", args=[1654499830846571277 85 3.14 [102 97 107 101 95 110 97 109 101 95 56 53] [102 97 107 101 95 110 105 99 107 110 97 109 101 95 56 53] 1 2022]
2022-06-06T15:17:10.851+0800	[35mDEBUG[0m	executor/redirect.go:312	ComStmtExecute: INSERT IGNORE INTO student(id,uid,score,name,nickname,gender,birth_year) values (?,?,?,?,?,?,?)
2022-06-06T15:17:10.851+0800	[35mDEBUG[0m	runtime/runtime.go:675	call upstream: db=employees_0000, sql="SELECT TABLE_NAME, COLUMN_NAME, DATA_TYPE, COLUMN_KEY, EXTRA, COLLATION_NAME, ORDINAL_POSITION FROM information_schema.columns WHERE TABLE_SCHEMA=database() AND TABLE_NAME IN ('student_0022') ORDER BY ORDINAL_POSITION", args=[]
2022-06-06T15:17:10.852+0800	[35mDEBUG[0m	runtime/runtime.go:675	call upstream: db=employees_0000, sql="SELECT TABLE_NAME, INDEX_NAME FROM information_schema.statistics WHERE TABLE_SCHEMA=database() AND TABLE_NAME IN ('student_0022')", args=[]
2022-06-06T15:17:10.852+0800	[35mDEBUG[0m	runtime/runtime.go:675	call upstream: db=employees_0000, sql="INSERT IGNORE INTO `student_0022`(`id`, `uid`, `score`, `name`, `nickname`, `gender`, `birth_year`) VALUES (?, ?, ?, ?, ?, ?, ?)", args=[1654499830851498254 86 3.14 [102 97 107 101 95 110 97 109 101 95 56 54] [102 97 107 101 95 110 105 99 107 110 97 109 101 95 56 54] 1 2022]
2022-06-06T15:17:10.855+0800	[35mDEBUG[0m	executor/redirect.go:312	ComStmtExecute: INSERT IGNORE INTO student(id,uid,score,name,nickname,gender,birth_year) values (?,?,?,?,?,?,?)
2022-06-06T15:17:10.855+0800	[35mDEBUG[0m	runtime/runtime.go:675	call upstream: db=employees_0000, sql="SELECT TABLE_NAME, COLUMN_NAME, DATA_TYPE, COLUMN_KEY, EXTRA, COLLATION_NAME, ORDINAL_POSITION FROM information_schema.columns WHERE TABLE_SCHEMA=database() AND TABLE_NAME IN ('student_0023') ORDER BY ORDINAL_POSITION", args=[]
2022-06-06T15:17:10.856+0800	[35mDEBUG[0m	runtime/runtime.go:675	call upstream: db=employees_0000, sql="SELECT TABLE_NAME, INDEX_NAME FROM information_schema.statistics WHERE TABLE_SCHEMA=database() AND TABLE_NAME IN ('student_0023')", args=[]
2022-06-06T15:17:10.857+0800	[35mDEBUG[0m	runtime/runtime.go:675	call upstream: db=employees_0000, sql="INSERT IGNORE INTO `student_0023`(`id`, `uid`, `score`, `name`, `nickname`, `gender`, `birth_year`) VALUES (?, ?, ?, ?, ?, ?, ?)", args=[1654499830855637209 87 3.14 [102 97 107 101 95 110 97 109 101 95 56 55] [102 97 107 101 95 110 105 99 107 110 97 109 101 95 56 55] 1 2022]
2022-06-06T15:17:10.859+0800	[35mDEBUG[0m	executor/redirect.go:312	ComStmtExecute: INSERT IGNORE INTO student(id,uid,score,name,nickname,gender,birth_year) values (?,?,?,?,?,?,?)
2022-06-06T15:17:10.859+0800	[35mDEBUG[0m	runtime/runtime.go:675	call upstream: db=employees_0000, sql="SELECT TABLE_NAME, COLUMN_NAME, DATA_TYPE, COLUMN_KEY, EXTRA, COLLATION_NAME, ORDINAL_POSITION FROM information_schema.columns WHERE TABLE_SCHEMA=database() AND TABLE_NAME IN ('student_0024') ORDER BY ORDINAL_POSITION", args=[]
2022-06-06T15:17:10.860+0800	[35mDEBUG[0m	runtime/runtime.go:675	call upstream: db=employees_0000, sql="SELECT TABLE_NAME, INDEX_NAME FROM information_schema.statistics WHERE TABLE_SCHEMA=database() AND TABLE_NAME IN ('student_0024')", args=[]
2022-06-06T15:17:10.861+0800	[35mDEBUG[0m	runtime/runtime.go:675	call upstream: db=employees_0000, sql="INSERT IGNORE INTO `student_0024`(`id`, `uid`, `score`, `name`, `nickname`, `gender`, `birth_year`) VALUES (?, ?, ?, ?, ?, ?, ?)", args=[1654499830859627374 88 3.14 [102 97 107 101 95 110 97 109 101 95 56 56] [102 97 107 101 95 110 105 99 107 110 97 109 101 95 56 56] 1 2022]
2022-06-06T15:17:10.863+0800	[35mDEBUG[0m	executor/redirect.go:312	ComStmtExecute: INSERT IGNORE INTO student(id,uid,score,name,nickname,gender,birth_year) values (?,?,?,?,?,?,?)
2022-06-06T15:17:10.863+0800	[35mDEBUG[0m	runtime/runtime.go:675	call upstream: db=employees_0000, sql="SELECT TABLE_NAME, COLUMN_NAME, DATA_TYPE, COLUMN_KEY, EXTRA, COLLATION_NAME, ORDINAL_POSITION FROM information_schema.columns WHERE TABLE_SCHEMA=database() AND TABLE_NAME IN ('student_0025') ORDER BY ORDINAL_POSITION", args=[]
2022-06-06T15:17:10.864+0800	[35mDEBUG[0m	runtime/runtime.go:675	call upstream: db=employees_0000, sql="SELECT TABLE_NAME, INDEX_NAME FROM information_schema.statistics WHERE TABLE_SCHEMA=database() AND TABLE_NAME IN ('student_0025')", args=[]
2022-06-06T15:17:10.865+0800	[35mDEBUG[0m	runtime/runtime.go:675	call upstream: db=employees_0000, sql="INSERT IGNORE INTO `student_0025`(`id`, `uid`, `score`, `name`, `nickname`, `gender`, `birth_year`) VALUES (?, ?, ?, ?, ?, ?, ?)", args=[1654499830863571684 89 3.14 [102 97 107 101 95 110 97 109 101 95 56 57] [102 97 107 101 95 110 105 99 107 110 97 109 101 95 56 57] 1 2022]
2022-06-06T15:17:10.870+0800	[35mDEBUG[0m	executor/redirect.go:312	ComStmtExecute: INSERT IGNORE INTO student(id,uid,score,name,nickname,gender,birth_year) values (?,?,?,?,?,?,?)
2022-06-06T15:17:10.870+0800	[35mDEBUG[0m	runtime/runtime.go:675	call upstream: db=employees_0000, sql="SELECT TABLE_NAME, COLUMN_NAME, DATA_TYPE, COLUMN_KEY, EXTRA, COLLATION_NAME, ORDINAL_POSITION FROM information_schema.columns WHERE TABLE_SCHEMA=database() AND TABLE_NAME IN ('student_0026') ORDER BY ORDINAL_POSITION", args=[]
2022-06-06T15:17:10.870+0800	[35mDEBUG[0m	runtime/runtime.go:675	call upstream: db=employees_0000, sql="SELECT TABLE_NAME, INDEX_NAME FROM information_schema.statistics WHERE TABLE_SCHEMA=database() AND TABLE_NAME IN ('student_0026')", args=[]
2022-06-06T15:17:10.871+0800	[35mDEBUG[0m	runtime/runtime.go:675	call upstream: db=employees_0000, sql="INSERT IGNORE INTO `student_0026`(`id`, `uid`, `score`, `name`, `nickname`, `gender`, `birth_year`) VALUES (?, ?, ?, ?, ?, ?, ?)", args=[1654499830870074444 90 3.14 [102 97 107 101 95 110 97 109 101 95 57 48] [102 97 107 101 95 110 105 99 107 110 97 109 101 95 57 48] 1 2022]
2022-06-06T15:17:10.874+0800	[35mDEBUG[0m	executor/redirect.go:312	ComStmtExecute: INSERT IGNORE INTO student(id,uid,score,name,nickname,gender,birth_year) values (?,?,?,?,?,?,?)
2022-06-06T15:17:10.874+0800	[35mDEBUG[0m	runtime/runtime.go:675	call upstream: db=employees_0000, sql="SELECT TABLE_NAME, COLUMN_NAME, DATA_TYPE, COLUMN_KEY, EXTRA, COLLATION_NAME, ORDINAL_POSITION FROM information_schema.columns WHERE TABLE_SCHEMA=database() AND TABLE_NAME IN ('student_0027') ORDER BY ORDINAL_POSITION", args=[]
2022-06-06T15:17:10.875+0800	[35mDEBUG[0m	runtime/runtime.go:675	call upstream: db=employees_0000, sql="SELECT TABLE_NAME, INDEX_NAME FROM information_schema.statistics WHERE TABLE_SCHEMA=database() AND TABLE_NAME IN ('student_0027')", args=[]
2022-06-06T15:17:10.875+0800	[35mDEBUG[0m	runtime/runtime.go:675	call upstream: db=employees_0000, sql="INSERT IGNORE INTO `student_0027`(`id`, `uid`, `score`, `name`, `nickname`, `gender`, `birth_year`) VALUES (?, ?, ?, ?, ?, ?, ?)", args=[1654499830874219390 91 3.14 [102 97 107 101 95 110 97 109 101 95 57 49] [102 97 107 101 95 110 105 99 107 110 97 109 101 95 57 49] 1 2022]
2022-06-06T15:17:10.878+0800	[35mDEBUG[0m	executor/redirect.go:312	ComStmtExecute: INSERT IGNORE INTO student(id,uid,score,name,nickname,gender,birth_year) values (?,?,?,?,?,?,?)
2022-06-06T15:17:10.878+0800	[35mDEBUG[0m	runtime/runtime.go:675	call upstream: db=employees_0000, sql="SELECT TABLE_NAME, COLUMN_NAME, DATA_TYPE, COLUMN_KEY, EXTRA, COLLATION_NAME, ORDINAL_POSITION FROM information_schema.columns WHERE TABLE_SCHEMA=database() AND TABLE_NAME IN ('student_0028') ORDER BY ORDINAL_POSITION", args=[]
2022-06-06T15:17:10.879+0800	[35mDEBUG[0m	runtime/runtime.go:675	call upstream: db=employees_0000, sql="SELECT TABLE_NAME, INDEX_NAME FROM information_schema.statistics WHERE TABLE_SCHEMA=database() AND TABLE_NAME IN ('student_0028')", args=[]
2022-06-06T15:17:10.879+0800	[35mDEBUG[0m	runtime/runtime.go:675	call upstream: db=employees_0000, sql="INSERT IGNORE INTO `student_0028`(`id`, `uid`, `score`, `name`, `nickname`, `gender`, `birth_year`) VALUES (?, ?, ?, ?, ?, ?, ?)", args=[1654499830878134635 92 3.14 [102 97 107 101 95 110 97 109 101 95 57 50] [102 97 107 101 95 110 105 99 107 110 97 109 101 95 57 50] 1 2022]
2022-06-06T15:17:10.882+0800	[35mDEBUG[0m	executor/redirect.go:312	ComStmtExecute: INSERT IGNORE INTO student(id,uid,score,name,nickname,gender,birth_year) values (?,?,?,?,?,?,?)
2022-06-06T15:17:10.882+0800	[35mDEBUG[0m	runtime/runtime.go:675	call upstream: db=employees_0000, sql="SELECT TABLE_NAME, COLUMN_NAME, DATA_TYPE, COLUMN_KEY, EXTRA, COLLATION_NAME, ORDINAL_POSITION FROM information_schema.columns WHERE TABLE_SCHEMA=database() AND TABLE_NAME IN ('student_0029') ORDER BY ORDINAL_POSITION", args=[]
2022-06-06T15:17:10.883+0800	[35mDEBUG[0m	runtime/runtime.go:675	call upstream: db=employees_0000, sql="SELECT TABLE_NAME, INDEX_NAME FROM information_schema.statistics WHERE TABLE_SCHEMA=database() AND TABLE_NAME IN ('student_0029')", args=[]
2022-06-06T15:17:10.883+0800	[35mDEBUG[0m	runtime/runtime.go:675	call upstream: db=employees_0000, sql="INSERT IGNORE INTO `student_0029`(`id`, `uid`, `score`, `name`, `nickname`, `gender`, `birth_year`) VALUES (?, ?, ?, ?, ?, ?, ?)", args=[1654499830882154706 93 3.14 [102 97 107 101 95 110 97 109 101 95 57 51] [102 97 107 101 95 110 105 99 107 110 97 109 101 95 57 51] 1 2022]
2022-06-06T15:17:10.886+0800	[35mDEBUG[0m	executor/redirect.go:312	ComStmtExecute: INSERT IGNORE INTO student(id,uid,score,name,nickname,gender,birth_year) values (?,?,?,?,?,?,?)
2022-06-06T15:17:10.886+0800	[35mDEBUG[0m	runtime/runtime.go:675	call upstream: db=employees_0000, sql="SELECT TABLE_NAME, COLUMN_NAME, DATA_TYPE, COLUMN_KEY, EXTRA, COLLATION_NAME, ORDINAL_POSITION FROM information_schema.columns WHERE TABLE_SCHEMA=database() AND TABLE_NAME IN ('student_0030') ORDER BY ORDINAL_POSITION", args=[]
2022-06-06T15:17:10.886+0800	[35mDEBUG[0m	runtime/runtime.go:675	call upstream: db=employees_0000, sql="SELECT TABLE_NAME, INDEX_NAME FROM information_schema.statistics WHERE TABLE_SCHEMA=database() AND TABLE_NAME IN ('student_0030')", args=[]
2022-06-06T15:17:10.887+0800	[35mDEBUG[0m	runtime/runtime.go:675	call upstream: db=employees_0000, sql="INSERT IGNORE INTO `student_0030`(`id`, `uid`, `score`, `name`, `nickname`, `gender`, `birth_year`) VALUES (?, ?, ?, ?, ?, ?, ?)", args=[1654499830885964562 94 3.14 [102 97 107 101 95 110 97 109 101 95 57 52] [102 97 107 101 95 110 105 99 107 110 97 109 101 95 57 52] 1 2022]
2022-06-06T15:17:10.890+0800	[35mDEBUG[0m	executor/redirect.go:312	ComStmtExecute: INSERT IGNORE INTO student(id,uid,score,name,nickname,gender,birth_year) values (?,?,?,?,?,?,?)
2022-06-06T15:17:10.890+0800	[35mDEBUG[0m	runtime/runtime.go:675	call upstream: db=employees_0000, sql="SELECT TABLE_NAME, COLUMN_NAME, DATA_TYPE, COLUMN_KEY, EXTRA, COLLATION_NAME, ORDINAL_POSITION FROM information_schema.columns WHERE TABLE_SCHEMA=database() AND TABLE_NAME IN ('student_0031') ORDER BY ORDINAL_POSITION", args=[]
2022-06-06T15:17:10.890+0800	[35mDEBUG[0m	runtime/runtime.go:675	call upstream: db=employees_0000, sql="SELECT TABLE_NAME, INDEX_NAME FROM information_schema.statistics WHERE TABLE_SCHEMA=database() AND TABLE_NAME IN ('student_0031')", args=[]
2022-06-06T15:17:10.891+0800	[35mDEBUG[0m	runtime/runtime.go:675	call upstream: db=employees_0000, sql="INSERT IGNORE INTO `student_0031`(`id`, `uid`, `score`, `name`, `nickname`, `gender`, `birth_year`) VALUES (?, ?, ?, ?, ?, ?, ?)", args=[1654499830890068561 95 3.14 [102 97 107 101 95 110 97 109 101 95 57 53] [102 97 107 101 95 110 105 99 107 110 97 109 101 95 57 53] 1 2022]
2022-06-06T15:17:10.894+0800	[35mDEBUG[0m	executor/redirect.go:312	ComStmtExecute: INSERT IGNORE INTO student(id,uid,score,name,nickname,gender,birth_year) values (?,?,?,?,?,?,?)
2022-06-06T15:17:10.894+0800	[35mDEBUG[0m	runtime/runtime.go:675	call upstream: db=employees_0000, sql="SELECT TABLE_NAME, COLUMN_NAME, DATA_TYPE, COLUMN_KEY, EXTRA, COLLATION_NAME, ORDINAL_POSITION FROM information_schema.columns WHERE TABLE_SCHEMA=database() AND TABLE_NAME IN ('student_0000') ORDER BY ORDINAL_POSITION", args=[]
2022-06-06T15:17:10.895+0800	[35mDEBUG[0m	runtime/runtime.go:675	call upstream: db=employees_0000, sql="SELECT TABLE_NAME, INDEX_NAME FROM information_schema.statistics WHERE TABLE_SCHEMA=database() AND TABLE_NAME IN ('student_0000')", args=[]
2022-06-06T15:17:10.895+0800	[35mDEBUG[0m	runtime/runtime.go:675	call upstream: db=employees_0000, sql="INSERT IGNORE INTO `student_0000`(`id`, `uid`, `score`, `name`, `nickname`, `gender`, `birth_year`) VALUES (?, ?, ?, ?, ?, ?, ?)", args=[1654499830894293407 96 3.14 [102 97 107 101 95 110 97 109 101 95 57 54] [102 97 107 101 95 110 105 99 107 110 97 109 101 95 57 54] 1 2022]
2022-06-06T15:17:10.899+0800	[35mDEBUG[0m	executor/redirect.go:312	ComStmtExecute: INSERT IGNORE INTO student(id,uid,score,name,nickname,gender,birth_year) values (?,?,?,?,?,?,?)
2022-06-06T15:17:10.899+0800	[35mDEBUG[0m	runtime/runtime.go:675	call upstream: db=employees_0000, sql="SELECT TABLE_NAME, COLUMN_NAME, DATA_TYPE, COLUMN_KEY, EXTRA, COLLATION_NAME, ORDINAL_POSITION FROM information_schema.columns WHERE TABLE_SCHEMA=database() AND TABLE_NAME IN ('student_0001') ORDER BY ORDINAL_POSITION", args=[]
2022-06-06T15:17:10.900+0800	[35mDEBUG[0m	runtime/runtime.go:675	call upstream: db=employees_0000, sql="SELECT TABLE_NAME, INDEX_NAME FROM information_schema.statistics WHERE TABLE_SCHEMA=database() AND TABLE_NAME IN ('student_0001')", args=[]
2022-06-06T15:17:10.900+0800	[35mDEBUG[0m	runtime/runtime.go:675	call upstream: db=employees_0000, sql="INSERT IGNORE INTO `student_0001`(`id`, `uid`, `score`, `name`, `nickname`, `gender`, `birth_year`) VALUES (?, ?, ?, ?, ?, ?, ?)", args=[1654499830899298170 97 3.14 [102 97 107 101 95 110 97 109 101 95 57 55] [102 97 107 101 95 110 105 99 107 110 97 109 101 95 57 55] 1 2022]
2022-06-06T15:17:10.903+0800	[35mDEBUG[0m	executor/redirect.go:312	ComStmtExecute: INSERT IGNORE INTO student(id,uid,score,name,nickname,gender,birth_year) values (?,?,?,?,?,?,?)
2022-06-06T15:17:10.903+0800	[35mDEBUG[0m	runtime/runtime.go:675	call upstream: db=employees_0000, sql="SELECT TABLE_NAME, COLUMN_NAME, DATA_TYPE, COLUMN_KEY, EXTRA, COLLATION_NAME, ORDINAL_POSITION FROM information_schema.columns WHERE TABLE_SCHEMA=database() AND TABLE_NAME IN ('student_0002') ORDER BY ORDINAL_POSITION", args=[]
2022-06-06T15:17:10.904+0800	[35mDEBUG[0m	runtime/runtime.go:675	call upstream: db=employees_0000, sql="SELECT TABLE_NAME, INDEX_NAME FROM information_schema.statistics WHERE TABLE_SCHEMA=database() AND TABLE_NAME IN ('student_0002')", args=[]
2022-06-06T15:17:10.905+0800	[35mDEBUG[0m	runtime/runtime.go:675	call upstream: db=employees_0000, sql="INSERT IGNORE INTO `student_0002`(`id`, `uid`, `score`, `name`, `nickname`, `gender`, `birth_year`) VALUES (?, ?, ?, ?, ?, ?, ?)", args=[1654499830903706011 98 3.14 [102 97 107 101 95 110 97 109 101 95 57 56] [102 97 107 101 95 110 105 99 107 110 97 109 101 95 57 56] 1 2022]
2022-06-06T15:17:10.909+0800	[35mDEBUG[0m	executor/redirect.go:312	ComStmtExecute: INSERT IGNORE INTO student(id,uid,score,name,nickname,gender,birth_year) values (?,?,?,?,?,?,?)
2022-06-06T15:17:10.909+0800	[35mDEBUG[0m	runtime/runtime.go:675	call upstream: db=employees_0000, sql="SELECT TABLE_NAME, COLUMN_NAME, DATA_TYPE, COLUMN_KEY, EXTRA, COLLATION_NAME, ORDINAL_POSITION FROM information_schema.columns WHERE TABLE_SCHEMA=database() AND TABLE_NAME IN ('student_0003') ORDER BY ORDINAL_POSITION", args=[]
2022-06-06T15:17:10.910+0800	[35mDEBUG[0m	runtime/runtime.go:675	call upstream: db=employees_0000, sql="SELECT TABLE_NAME, INDEX_NAME FROM information_schema.statistics WHERE TABLE_SCHEMA=database() AND TABLE_NAME IN ('student_0003')", args=[]
2022-06-06T15:17:10.910+0800	[35mDEBUG[0m	runtime/runtime.go:675	call upstream: db=employees_0000, sql="INSERT IGNORE INTO `student_0003`(`id`, `uid`, `score`, `name`, `nickname`, `gender`, `birth_year`) VALUES (?, ?, ?, ?, ?, ?, ?)", args=[1654499830909293861 99 3.14 [102 97 107 101 95 110 97 109 101 95 57 57] [102 97 107 101 95 110 105 99 107 110 97 109 101 95 57 57] 1 2022]
2022-06-06T15:17:10.913+0800	[35mDEBUG[0m	executor/redirect.go:312	ComStmtExecute: INSERT IGNORE INTO student(id,uid,score,name,nickname,gender,birth_year) values (?,?,?,?,?,?,?)
2022-06-06T15:17:10.913+0800	[35mDEBUG[0m	runtime/runtime.go:675	call upstream: db=employees_0000, sql="SELECT TABLE_NAME, COLUMN_NAME, DATA_TYPE, COLUMN_KEY, EXTRA, COLLATION_NAME, ORDINAL_POSITION FROM information_schema.columns WHERE TABLE_SCHEMA=database() AND TABLE_NAME IN ('student_0004') ORDER BY ORDINAL_POSITION", args=[]
2022-06-06T15:17:10.914+0800	[35mDEBUG[0m	runtime/runtime.go:675	call upstream: db=employees_0000, sql="SELECT TABLE_NAME, INDEX_NAME FROM information_schema.statistics WHERE TABLE_SCHEMA=database() AND TABLE_NAME IN ('student_0004')", args=[]
2022-06-06T15:17:10.915+0800	[35mDEBUG[0m	runtime/runtime.go:675	call upstream: db=employees_0000, sql="INSERT IGNORE INTO `student_0004`(`id`, `uid`, `score`, `name`, `nickname`, `gender`, `birth_year`) VALUES (?, ?, ?, ?, ?, ?, ?)", args=[1654499830913695981 100 3.14 [102 97 107 101 95 110 97 109 101 95 49 48 48] [102 97 107 101 95 110 105 99 107 110 97 109 101 95 49 48 48] 1 2022]
=== RUN   TestSuite/TestSimpleSharding/SELECT_*_FROM_student_WHERE_uid_=_42_AND_1=2
2022-06-06T15:17:10.918+0800	[35mDEBUG[0m	executor/redirect.go:146	ComQuery: SELECT * FROM student WHERE uid = 42 AND 1=2
2022-06-06T15:17:10.918+0800	[35mDEBUG[0m	optimize/optimizer.go:279	compute shards: result=[], isFullScan=false
2022-06-06T15:17:10.918+0800	[35mDEBUG[0m	runtime/runtime.go:675	call upstream: db=employees_0000, sql="SELECT TABLE_NAME, COLUMN_NAME, DATA_TYPE, COLUMN_KEY, EXTRA, COLLATION_NAME, ORDINAL_POSITION FROM information_schema.columns WHERE TABLE_SCHEMA=database() AND TABLE_NAME IN ('student_0000') ORDER BY ORDINAL_POSITION", args=[]
2022-06-06T15:17:10.919+0800	[35mDEBUG[0m	runtime/runtime.go:675	call upstream: db=employees_0000, sql="SELECT TABLE_NAME, INDEX_NAME FROM information_schema.statistics WHERE TABLE_SCHEMA=database() AND TABLE_NAME IN ('student_0000')", args=[]
2022-06-06T15:17:10.919+0800	[35mDEBUG[0m	runtime/runtime.go:675	call upstream: db=employees_0000, sql="SELECT `id`,`uid`,`name`,`score`,`nickname`,`gender`,`birth_year`,`created_at`,`modified_at` FROM `student_0000` WHERE `uid` = 42 AND 1 = 2", args=[]
+----+-----+------+-------+----------+--------+------------+------------+-------------+
| [32mid[0m | [32muid[0m | [32mname[0m | [32mscore[0m | [32mnickname[0m | [32mgender[0m | [32mbirth_year[0m | [32mcreated_at[0m | [32mmodified_at[0m |
+----+-----+------+-------+----------+--------+------------+------------+-------------+
+----+-----+------+-------+----------+--------+------------+------------+-------------+
=== RUN   TestSuite/TestSimpleSharding/SELECT_*_FROM_student_WHERE_uid_=_?
2022-06-06T15:17:10.920+0800	[35mDEBUG[0m	executor/redirect.go:312	ComStmtExecute: SELECT * FROM student WHERE uid = ?
2022-06-06T15:17:10.920+0800	[35mDEBUG[0m	optimize/optimizer.go:279	compute shards: result=["employees_0000.student_0010"], isFullScan=false
2022-06-06T15:17:10.920+0800	[35mDEBUG[0m	runtime/runtime.go:675	call upstream: db=employees_0000, sql="SELECT TABLE_NAME, COLUMN_NAME, DATA_TYPE, COLUMN_KEY, EXTRA, COLLATION_NAME, ORDINAL_POSITION FROM information_schema.columns WHERE TABLE_SCHEMA=database() AND TABLE_NAME IN ('student_0010') ORDER BY ORDINAL_POSITION", args=[]
2022-06-06T15:17:10.920+0800	[35mDEBUG[0m	runtime/runtime.go:675	call upstream: db=employees_0000, sql="SELECT TABLE_NAME, INDEX_NAME FROM information_schema.statistics WHERE TABLE_SCHEMA=database() AND TABLE_NAME IN ('student_0010')", args=[]
2022-06-06T15:17:10.921+0800	[35mDEBUG[0m	runtime/runtime.go:675	call upstream: db=employees_0000, sql="SELECT `id`,`uid`,`name`,`score`,`nickname`,`gender`,`birth_year`,`created_at`,`modified_at` FROM `student_0010` WHERE `uid` = ?", args=[42]
+--------------------+-----+--------------+-------+------------------+--------+------------+---------------------------+---------------------------+
|         [32mid[0m         | [32muid[0m |     [32mname[0m     | [32mscore[0m |     [32mnickname[0m     | [32mgender[0m | [32mbirth_year[0m |        [32mcreated_at[0m         |        [32mmodified_at[0m        |
+--------------------+-----+--------------+-------+------------------+--------+------------+---------------------------+---------------------------+
| 126951714895953920 |  42 | fake_name_42 |  3.14 | fake_nickname_42 |      1 |       2022 | 2022-06-06T07:17:09+08:00 | 2022-06-06T07:17:09+08:00 |
+--------------------+-----+--------------+-------+------------------+--------+------------+---------------------------+---------------------------+
=== RUN   TestSuite/TestSimpleSharding/SELECT_*_FROM_student_WHERE_uid_in_(?,?,?)
2022-06-06T15:17:10.922+0800	[35mDEBUG[0m	executor/redirect.go:312	ComStmtExecute: SELECT * FROM student WHERE uid in (?,?,?)
2022-06-06T15:17:10.922+0800	[35mDEBUG[0m	optimize/optimizer.go:279	compute shards: result=["employees_0000.student_0001", "employees_0000.student_0002"], isFullScan=false
2022-06-06T15:17:10.922+0800	[35mDEBUG[0m	runtime/runtime.go:675	call upstream: db=employees_0000, sql="SELECT TABLE_NAME, COLUMN_NAME, DATA_TYPE, COLUMN_KEY, EXTRA, COLLATION_NAME, ORDINAL_POSITION FROM information_schema.columns WHERE TABLE_SCHEMA=database() AND TABLE_NAME IN ('student_0001') ORDER BY ORDINAL_POSITION", args=[]
2022-06-06T15:17:10.922+0800	[35mDEBUG[0m	runtime/runtime.go:675	call upstream: db=employees_0000, sql="SELECT TABLE_NAME, INDEX_NAME FROM information_schema.statistics WHERE TABLE_SCHEMA=database() AND TABLE_NAME IN ('student_0001')", args=[]
2022-06-06T15:17:10.923+0800	[35mDEBUG[0m	runtime/runtime.go:675	call upstream: db=employees_0000, sql="(SELECT `id`,`uid`,`name`,`score`,`nickname`,`gender`,`birth_year`,`created_at`,`modified_at` FROM `student_0001` WHERE `uid` IN (?,?,?)) UNION ALL (SELECT `id`,`uid`,`name`,`score`,`nickname`,`gender`,`birth_year`,`created_at`,`modified_at` FROM `student_0002` WHERE `uid` IN (?,?,?))", args=[1 2 33 1 2 33]
+--------------------+-----+--------------+-------+------------------+--------+------------+---------------------------+---------------------------+
|         [32mid[0m         | [32muid[0m |     [32mname[0m     | [32mscore[0m |     [32mnickname[0m     | [32mgender[0m | [32mbirth_year[0m |        [32mcreated_at[0m         |        [32mmodified_at[0m        |
+--------------------+-----+--------------+-------+------------------+--------+------------+---------------------------+---------------------------+
| 126951714515320832 |   1 | fake_name_1  |  3.14 | fake_nickname_1  |      1 |       2022 | 2022-06-06T07:17:09+08:00 | 2022-06-06T07:17:09+08:00 |
| 126951714830942208 |  33 | fake_name_33 |  3.14 | fake_nickname_33 |      1 |       2022 | 2022-06-06T07:17:09+08:00 | 2022-06-06T07:17:09+08:00 |
| 126951714535243776 |   2 | fake_name_2  |  3.14 | fake_nickname_2  |      1 |       2022 | 2022-06-06T07:17:09+08:00 | 2022-06-06T07:17:09+08:00 |
+--------------------+-----+--------------+-------+------------------+--------+------------+---------------------------+---------------------------+
=== RUN   TestSuite/TestSimpleSharding/SELECT_*_FROM_student_where_uid_between_1_and_10
2022-06-06T15:17:10.924+0800	[35mDEBUG[0m	executor/redirect.go:146	ComQuery: SELECT * FROM student where uid between 1 and 10
2022-06-06T15:17:10.924+0800	[35mDEBUG[0m	optimize/optimizer.go:279	compute shards: result=["employees_0000.student_0001", "employees_0000.student_0002", "employees_0000.student_0003", "employees_0000.student_0004", "employees_0000.student_0005", "employees_0000.student_0006", "employees_0000.student_0007", "employees_0000.student_0008", "employees_0000.student_0009", "employees_0000.student_0010"], isFullScan=false
2022-06-06T15:17:10.924+0800	[35mDEBUG[0m	runtime/runtime.go:675	call upstream: db=employees_0000, sql="SELECT TABLE_NAME, COLUMN_NAME, DATA_TYPE, COLUMN_KEY, EXTRA, COLLATION_NAME, ORDINAL_POSITION FROM information_schema.columns WHERE TABLE_SCHEMA=database() AND TABLE_NAME IN ('student_0001') ORDER BY ORDINAL_POSITION", args=[]
2022-06-06T15:17:10.925+0800	[35mDEBUG[0m	runtime/runtime.go:675	call upstream: db=employees_0000, sql="SELECT TABLE_NAME, INDEX_NAME FROM information_schema.statistics WHERE TABLE_SCHEMA=database() AND TABLE_NAME IN ('student_0001')", args=[]
2022-06-06T15:17:10.925+0800	[35mDEBUG[0m	runtime/runtime.go:675	call upstream: db=employees_0000, sql="(SELECT `id`,`uid`,`name`,`score`,`nickname`,`gender`,`birth_year`,`created_at`,`modified_at` FROM `student_0001` WHERE `uid` BETWEEN 1 AND 10) UNION ALL (SELECT `id`,`uid`,`name`,`score`,`nickname`,`gender`,`birth_year`,`created_at`,`modified_at` FROM `student_0002` WHERE `uid` BETWEEN 1 AND 10) UNION ALL (SELECT `id`,`uid`,`name`,`score`,`nickname`,`gender`,`birth_year`,`created_at`,`modified_at` FROM `student_0003` WHERE `uid` BETWEEN 1 AND 10) UNION ALL (SELECT `id`,`uid`,`name`,`score`,`nickname`,`gender`,`birth_year`,`created_at`,`modified_at` FROM `student_0004` WHERE `uid` BETWEEN 1 AND 10) UNION ALL (SELECT `id`,`uid`,`name`,`score`,`nickname`,`gender`,`birth_year`,`created_at`,`modified_at` FROM `student_0005` WHERE `uid` BETWEEN 1 AND 10) UNION ALL (SELECT `id`,`uid`,`name`,`score`,`nickname`,`gender`,`birth_year`,`created_at`,`modified_at` FROM `student_0006` WHERE `uid` BETWEEN 1 AND 10) UNION ALL (SELECT `id`,`uid`,`name`,`score`,`nickname`,`gender`,`birth_year`,`created_at`,`modified_at` FROM `student_0007` WHERE `uid` BETWEEN 1 AND 10) UNION ALL (SELECT `id`,`uid`,`name`,`score`,`nickname`,`gender`,`birth_year`,`created_at`,`modified_at` FROM `student_0008` WHERE `uid` BETWEEN 1 AND 10) UNION ALL (SELECT `id`,`uid`,`name`,`score`,`nickname`,`gender`,`birth_year`,`created_at`,`modified_at` FROM `student_0009` WHERE `uid` BETWEEN 1 AND 10) UNION ALL (SELECT `id`,`uid`,`name`,`score`,`nickname`,`gender`,`birth_year`,`created_at`,`modified_at` FROM `student_0010` WHERE `uid` BETWEEN 1 AND 10)", args=[]
+--------------------+-----+--------------+-------+------------------+--------+------------+---------------------------+---------------------------+
|         [32mid[0m         | [32muid[0m |     [32mname[0m     | [32mscore[0m |     [32mnickname[0m     | [32mgender[0m | [32mbirth_year[0m |        [32mcreated_at[0m         |        [32mmodified_at[0m        |
+--------------------+-----+--------------+-------+------------------+--------+------------+---------------------------+---------------------------+
| 126951714515320832 |   1 | fake_name_1  |  3.14 | fake_nickname_1  |      1 |       2022 | 2022-06-06T07:17:09+08:00 | 2022-06-06T07:17:09+08:00 |
| 126951714535243776 |   2 | fake_name_2  |  3.14 | fake_nickname_2  |      1 |       2022 | 2022-06-06T07:17:09+08:00 | 2022-06-06T07:17:09+08:00 |
| 126951714557263872 |   3 | fake_name_3  |  3.14 | fake_nickname_3  |      1 |       2022 | 2022-06-06T07:17:09+08:00 | 2022-06-06T07:17:09+08:00 |
| 126951714565652480 |   4 | fake_name_4  |  3.14 | fake_nickname_4  |      1 |       2022 | 2022-06-06T07:17:09+08:00 | 2022-06-06T07:17:09+08:00 |
| 126951714574041088 |   5 | fake_name_5  |  3.14 | fake_nickname_5  |      1 |       2022 | 2022-06-06T07:17:09+08:00 | 2022-06-06T07:17:09+08:00 |
| 126951714583478272 |   6 | fake_name_6  |  3.14 | fake_nickname_6  |      1 |       2022 | 2022-06-06T07:17:09+08:00 | 2022-06-06T07:17:09+08:00 |
| 126951714589769728 |   7 | fake_name_7  |  3.14 | fake_nickname_7  |      1 |       2022 | 2022-06-06T07:17:09+08:00 | 2022-06-06T07:17:09+08:00 |
| 126951714596061184 |   8 | fake_name_8  |  3.14 | fake_nickname_8  |      1 |       2022 | 2022-06-06T07:17:09+08:00 | 2022-06-06T07:17:09+08:00 |
| 126951714604449792 |   9 | fake_name_9  |  3.14 | fake_nickname_9  |      1 |       2022 | 2022-06-06T07:17:09+08:00 | 2022-06-06T07:17:09+08:00 |
| 126951714612838400 |  10 | fake_name_10 |  3.14 | fake_nickname_10 |      1 |       2022 | 2022-06-06T07:17:09+08:00 | 2022-06-06T07:17:09+08:00 |
+--------------------+-----+--------------+-------+------------------+--------+------------+---------------------------+---------------------------+
=== RUN   TestSuite/TestSimpleSharding/Update
2022-06-06T15:17:10.927+0800	[35mDEBUG[0m	executor/redirect.go:312	ComStmtExecute: update student set score=100.0 where uid = ?
2022-06-06T15:17:10.927+0800	[35mDEBUG[0m	runtime/runtime.go:675	call upstream: db=employees_0000, sql="UPDATE `student_0012` SET `score` = 100 WHERE `uid` = ?", args=[44]
2022-06-06T15:17:10.932+0800	[35mDEBUG[0m	plan/update.go:120	sharding update success: batch=1, affects=1
2022-06-06T15:17:10.932+0800	[35mDEBUG[0m	executor/redirect.go:312	ComStmtExecute: select score from student where uid = ?
2022-06-06T15:17:10.933+0800	[35mDEBUG[0m	optimize/optimizer.go:279	compute shards: result=["employees_0000.student_0012"], isFullScan=false
2022-06-06T15:17:10.933+0800	[35mDEBUG[0m	runtime/runtime.go:675	call upstream: db=employees_0000, sql="SELECT `score` FROM `student_0012` WHERE `uid` = ?", args=[44]
=== RUN   TestSuite/TestSimpleSharding/Delete
2022-06-06T15:17:10.933+0800	[35mDEBUG[0m	executor/redirect.go:312	ComStmtExecute: delete from student where uid = 13 OR uid = ?
2022-06-06T15:17:10.933+0800	[35mDEBUG[0m	optimize/optimizer.go:722	compute shards: result=["employees_0000.student_0012", "employees_0000.student_0013"], isFullScan=false
2022-06-06T15:17:10.933+0800	[35mDEBUG[0m	runtime/runtime.go:675	call upstream: db=employees_0000, sql="DELETE FROM `student_0012` WHERE `uid` = 13 OR `uid` = ?", args=[44]
2022-06-06T15:17:10.939+0800	[35mDEBUG[0m	runtime/runtime.go:675	call upstream: db=employees_0000, sql="DELETE FROM `student_0013` WHERE `uid` = 13 OR `uid` = ?", args=[44]
=== RUN   TestSuite/TestUpdate
2022-06-06T15:17:10.945+0800	[35mDEBUG[0m	executor/redirect.go:312	ComStmtExecute: UPDATE employees set last_name = ? where emp_no = ?
2022-06-06T15:17:10.945+0800	[35mDEBUG[0m	runtime/runtime.go:675	call upstream: db=employees_0000, sql="UPDATE `employees` SET `last_name` = ? WHERE `emp_no` = ?", args=[[108 111 117 105 115] 100001]
=== CONT  TestSuite
    suite.go:160: ====== remove temp arana config file: /tmp/arana.3814970157.yaml ====== 
2022-06-06T15:17:10.952+0800	[35mDEBUG[0m	mysql/server.go:205	the connection#5 of remote client 127.0.0.1:53052 requests quit
--- FAIL: TestSuite (27.87s)
    --- PASS: TestSuite/TestAlterTable (0.07s)
    --- PASS: TestSuite/TestBasicTx (0.02s)
    --- PASS: TestSuite/TestDelete (0.01s)
    --- SKIP: TestSuite/TestDropTable (0.00s)
    --- PASS: TestSuite/TestInsert (0.01s)
    --- PASS: TestSuite/TestInsertAutoIncrement (0.07s)
    --- PASS: TestSuite/TestJoinTable (0.01s)
    --- PASS: TestSuite/TestSelect (0.00s)
    --- PASS: TestSuite/TestSelectLimit1 (0.00s)
    --- FAIL: TestSuite/TestShardingAgg (0.89s)
        --- PASS: TestSuite/TestShardingAgg/Count (0.02s)
        --- FAIL: TestSuite/TestShardingAgg/MAX (0.00s)
        --- PASS: TestSuite/TestShardingAgg/MIN (0.00s)
        --- FAIL: TestSuite/TestShardingAgg/SUM (0.00s)
        --- PASS: TestSuite/TestShardingAgg/SELECT_*_FROM_student_WHERE_uid_>=_9527 (0.00s)
        --- PASS: TestSuite/TestShardingAgg/SUM_Jason (0.00s)
        --- PASS: TestSuite/TestShardingAgg/COUNT_Jason (0.00s)
    --- PASS: TestSuite/TestShowDatabases (0.00s)
    --- PASS: TestSuite/TestSimpleSharding (0.50s)
        --- PASS: TestSuite/TestSimpleSharding/SELECT_*_FROM_student_WHERE_uid_=_42_AND_1=2 (0.00s)
        --- PASS: TestSuite/TestSimpleSharding/SELECT_*_FROM_student_WHERE_uid_=_? (0.00s)
        --- PASS: TestSuite/TestSimpleSharding/SELECT_*_FROM_student_WHERE_uid_in_(?,?,?) (0.00s)
        --- PASS: TestSuite/TestSimpleSharding/SELECT_*_FROM_student_where_uid_between_1_and_10 (0.00s)
        --- PASS: TestSuite/TestSimpleSharding/Update (0.01s)
        --- PASS: TestSuite/TestSimpleSharding/Delete (0.01s)
    --- PASS: TestSuite/TestUpdate (0.01s)
FAIL
FAIL	github.com/arana-db/arana/test	27.889s
FAIL
